May 20 18:41:03 dnsmasq[8089]: started, version 2.79 cachesize 150
May 20 18:41:03 dnsmasq[8089]: compile time options: IPv6 GNU-getopt no-DBus no-i18n no-IDN DHCP DHCPv6 no-Lua TFTP no-conntrack ipset auth no-DNSSEC loop-detect no-inotify
May 20 18:41:03 dnsmasq[8089]: setting --bind-interfaces option because of OS limitations
May 20 18:41:03 dnsmasq[8089]: warning: ignoring resolv-file flag because no-resolv is set
May 20 18:41:03 dnsmasq[8089]: using nameserver 127.0.0.1#65353
May 20 18:41:03 dnsmasq[8089]: read /etc/hosts - 10 addresses
May 20 18:41:19 dnsmasq[8089]: query[A] clients4.google.com from 127.0.0.1
May 20 18:41:19 dnsmasq[8089]: forwarded clients4.google.com to 127.0.0.1
May 20 18:41:20 dnsmasq[8089]: reply clients4.google.com is <CNAME>
May 20 18:41:20 dnsmasq[8089]: ipset add gfwlist 172.217.4.174 clients.l.google.com
May 20 18:41:20 dnsmasq[8089]: IPset: error:Operation not permitted
May 20 18:41:20 dnsmasq[8089]: reply clients.l.google.com is 172.217.4.174
May 20 18:43:00 dnsmasq[8089]: query[A] btrace.qq.com from 127.0.0.1
May 20 18:43:00 dnsmasq[8089]: forwarded btrace.qq.com to 127.0.0.1
May 20 18:43:00 dnsmasq[8089]: reply btrace.qq.com is 183.36.108.190
May 20 18:43:00 dnsmasq[8089]: reply btrace.qq.com is 183.3.226.21
May 20 18:43:00 dnsmasq[8089]: reply btrace.qq.com is 183.57.48.67
May 20 18:43:00 dnsmasq[8089]: reply btrace.qq.com is 14.17.52.204
May 20 18:43:00 dnsmasq[8089]: reply btrace.qq.com is 14.17.32.251
May 20 18:43:00 dnsmasq[8089]: reply btrace.qq.com is 14.17.41.183
May 20 18:43:15 dnsmasq[8089]: query[A] mdevstat.qqlive.qq.com from 127.0.0.1
May 20 18:43:15 dnsmasq[8089]: forwarded mdevstat.qqlive.qq.com to 127.0.0.1
May 20 18:43:15 dnsmasq[8089]: reply mdevstat.qqlive.qq.com is 14.17.41.140
May 20 18:43:27 dnsmasq[8089]: query[A] clients4.google.com from 127.0.0.1
May 20 18:43:27 dnsmasq[8089]: cached clients4.google.com is <CNAME>
May 20 18:43:27 dnsmasq[8089]: cached clients.l.google.com is 172.217.4.174
May 20 18:43:27 dnsmasq[8089]: query[A] clients4.google.com from 127.0.0.1
May 20 18:43:27 dnsmasq[8089]: cached clients4.google.com is <CNAME>
May 20 18:43:27 dnsmasq[8089]: cached clients.l.google.com is 172.217.4.174
May 20 18:43:30 dnsmasq[8089]: query[PTR] lb._dns-sd._udp.0.1.168.192.in-addr.arpa from 127.0.0.1
May 20 18:43:30 dnsmasq[8089]: forwarded lb._dns-sd._udp.0.1.168.192.in-addr.arpa to 127.0.0.1
May 20 18:43:30 dnsmasq[8089]: query[PTR] b._dns-sd._udp.0.1.168.192.in-addr.arpa from 127.0.0.1
May 20 18:43:30 dnsmasq[8089]: forwarded b._dns-sd._udp.0.1.168.192.in-addr.arpa to 127.0.0.1
May 20 18:43:30 dnsmasq[8089]: query[PTR] db._dns-sd._udp.0.1.168.192.in-addr.arpa from 127.0.0.1
May 20 18:43:30 dnsmasq[8089]: forwarded db._dns-sd._udp.0.1.168.192.in-addr.arpa to 127.0.0.1
May 20 18:43:38 dnsmasq[8089]: query[AAAA] vv.video.qq.com from 127.0.0.1
May 20 18:43:38 dnsmasq[8089]: forwarded vv.video.qq.com to 127.0.0.1
May 20 18:43:38 dnsmasq[8089]: query[A] vv.video.qq.com from 127.0.0.1
May 20 18:43:38 dnsmasq[8089]: forwarded vv.video.qq.com to 127.0.0.1
May 20 18:43:38 dnsmasq[8089]: reply vv.video.qq.com is 14.18.245.179
May 20 18:43:39 dnsmasq[8089]: reply vv.video.qq.com is NODATA-IPv6
May 20 18:43:50 dnsmasq[8089]: query[AAAA] img1.gtimg.com from 127.0.0.1
May 20 18:43:50 dnsmasq[8089]: forwarded img1.gtimg.com to 127.0.0.1
May 20 18:43:50 dnsmasq[8089]: query[A] img1.gtimg.com from 127.0.0.1
May 20 18:43:50 dnsmasq[8089]: forwarded img1.gtimg.com to 127.0.0.1
May 20 18:43:51 dnsmasq[8089]: reply img1.gtimg.com is <CNAME>
May 20 18:43:51 dnsmasq[8089]: reply img1.tc.qq.com is <CNAME>
May 20 18:43:51 dnsmasq[8089]: reply img1.tcdn.qq.com is <CNAME>
May 20 18:43:51 dnsmasq[8089]: reply x2ipv6.tcdn.qq.com is 240e:ff:f040:28::a
May 20 18:43:51 dnsmasq[8089]: reply x2ipv6.tcdn.qq.com is 240e:e1:8100:28::2:16
May 20 18:43:51 dnsmasq[8089]: reply img1.gtimg.com is <CNAME>
May 20 18:43:51 dnsmasq[8089]: reply img1.tc.qq.com is <CNAME>
May 20 18:43:51 dnsmasq[8089]: reply img1.tcdn.qq.com is <CNAME>
May 20 18:43:51 dnsmasq[8089]: reply x2ipv6.tcdn.qq.com is 119.147.227.12
May 20 18:43:51 dnsmasq[8089]: reply x2ipv6.tcdn.qq.com is 125.94.49.13
May 20 18:43:51 dnsmasq[8089]: reply x2ipv6.tcdn.qq.com is 113.107.238.23
May 20 18:43:51 dnsmasq[8089]: reply x2ipv6.tcdn.qq.com is 119.147.33.23
May 20 18:43:51 dnsmasq[8089]: reply x2ipv6.tcdn.qq.com is 119.147.33.27
May 20 18:43:51 dnsmasq[8089]: reply x2ipv6.tcdn.qq.com is 125.94.49.14
May 20 18:43:51 dnsmasq[8089]: reply x2ipv6.tcdn.qq.com is 125.94.49.12
May 20 18:43:51 dnsmasq[8089]: reply x2ipv6.tcdn.qq.com is 119.147.33.11
May 20 18:43:51 dnsmasq[8089]: reply x2ipv6.tcdn.qq.com is 125.94.49.16
May 20 18:43:51 dnsmasq[8089]: reply x2ipv6.tcdn.qq.com is 125.94.49.15
May 20 18:43:51 dnsmasq[8089]: reply x2ipv6.tcdn.qq.com is 119.147.227.13
May 20 18:43:51 dnsmasq[8089]: reply x2ipv6.tcdn.qq.com is 183.56.150.152
May 20 18:43:51 dnsmasq[8089]: reply x2ipv6.tcdn.qq.com is 113.105.73.144
May 20 18:43:51 dnsmasq[8089]: reply x2ipv6.tcdn.qq.com is 119.147.33.25
May 20 18:43:51 dnsmasq[8089]: reply x2ipv6.tcdn.qq.com is 119.147.33.39
May 20 18:43:51 dnsmasq[8089]: reply x2ipv6.tcdn.qq.com is 119.147.33.38
May 20 18:43:51 dnsmasq[8089]: query[A] x2ipv6.tcdn.qq.com from 127.0.0.1
May 20 18:43:51 dnsmasq[8089]: cached x2ipv6.tcdn.qq.com is 119.147.33.38
May 20 18:43:51 dnsmasq[8089]: cached x2ipv6.tcdn.qq.com is 119.147.33.39
May 20 18:43:51 dnsmasq[8089]: cached x2ipv6.tcdn.qq.com is 119.147.33.25
May 20 18:43:51 dnsmasq[8089]: cached x2ipv6.tcdn.qq.com is 113.105.73.144
May 20 18:43:51 dnsmasq[8089]: cached x2ipv6.tcdn.qq.com is 183.56.150.152
May 20 18:43:51 dnsmasq[8089]: cached x2ipv6.tcdn.qq.com is 119.147.227.13
May 20 18:43:51 dnsmasq[8089]: cached x2ipv6.tcdn.qq.com is 125.94.49.15
May 20 18:43:51 dnsmasq[8089]: cached x2ipv6.tcdn.qq.com is 125.94.49.16
May 20 18:43:51 dnsmasq[8089]: cached x2ipv6.tcdn.qq.com is 119.147.33.11
May 20 18:43:51 dnsmasq[8089]: cached x2ipv6.tcdn.qq.com is 125.94.49.12
May 20 18:43:51 dnsmasq[8089]: cached x2ipv6.tcdn.qq.com is 125.94.49.14
May 20 18:43:51 dnsmasq[8089]: cached x2ipv6.tcdn.qq.com is 119.147.33.27
May 20 18:43:51 dnsmasq[8089]: cached x2ipv6.tcdn.qq.com is 119.147.33.23
May 20 18:43:51 dnsmasq[8089]: cached x2ipv6.tcdn.qq.com is 113.107.238.23
May 20 18:43:51 dnsmasq[8089]: cached x2ipv6.tcdn.qq.com is 125.94.49.13
May 20 18:43:51 dnsmasq[8089]: cached x2ipv6.tcdn.qq.com is 119.147.227.12
May 20 18:44:13 dnsmasq[8089]: query[A] www.googleapis.com from 127.0.0.1
May 20 18:44:13 dnsmasq[8089]: forwarded www.googleapis.com to 127.0.0.1
May 20 18:44:13 dnsmasq[8089]: reply www.googleapis.com is <CNAME>
May 20 18:44:13 dnsmasq[8089]: reply googleapis.l.google.com is 172.217.14.106
May 20 18:44:13 dnsmasq[8089]: reply googleapis.l.google.com is 172.217.11.74
May 20 18:44:13 dnsmasq[8089]: reply googleapis.l.google.com is 172.217.14.74
May 20 18:44:13 dnsmasq[8089]: reply googleapis.l.google.com is 216.58.216.10
May 20 18:44:13 dnsmasq[8089]: reply googleapis.l.google.com is 216.58.193.202
May 20 18:44:13 dnsmasq[8089]: reply googleapis.l.google.com is 216.58.219.42
May 20 18:44:13 dnsmasq[8089]: reply googleapis.l.google.com is 216.58.217.202
May 20 18:44:13 dnsmasq[8089]: reply googleapis.l.google.com is 172.217.4.170
May 20 18:44:13 dnsmasq[8089]: reply googleapis.l.google.com is 172.217.5.202
May 20 18:44:13 dnsmasq[8089]: reply googleapis.l.google.com is 172.217.4.138
May 20 18:44:13 dnsmasq[8089]: reply googleapis.l.google.com is 172.217.11.170
May 20 18:44:20 dnsmasq[8089]: query[AAAA] gs-loc-new.ls-apple.com.akadns.net from 127.0.0.1
May 20 18:44:20 dnsmasq[8089]: forwarded gs-loc-new.ls-apple.com.akadns.net to 127.0.0.1
May 20 18:44:20 dnsmasq[8089]: query[A] gs-loc-new.ls-apple.com.akadns.net from 127.0.0.1
May 20 18:44:20 dnsmasq[8089]: forwarded gs-loc-new.ls-apple.com.akadns.net to 127.0.0.1
May 20 18:44:21 dnsmasq[8089]: reply gs-loc-new.ls-apple.com.akadns.net is <CNAME>
May 20 18:44:21 dnsmasq[8089]: reply gs-loc-cn.ls-apple.com.akadns.net is <CNAME>
May 20 18:44:21 dnsmasq[8089]: reply bluedot.is.autonavi.com.gds.alibabadns.com is NODATA-IPv6
May 20 18:44:21 dnsmasq[8089]: reply gs-loc-new.ls-apple.com.akadns.net is <CNAME>
May 20 18:44:21 dnsmasq[8089]: reply gs-loc-cn.ls-apple.com.akadns.net is <CNAME>
May 20 18:44:21 dnsmasq[8089]: reply bluedot.is.autonavi.com.gds.alibabadns.com is 106.11.169.1
May 20 18:44:21 dnsmasq[8089]: reply bluedot.is.autonavi.com.gds.alibabadns.com is 106.11.140.2
May 20 18:44:21 dnsmasq[8089]: query[AAAA] bluedot.is.autonavi.com.gds.alibabadns.com from 127.0.0.1
May 20 18:44:21 dnsmasq[8089]: cached bluedot.is.autonavi.com.gds.alibabadns.com is NODATA-IPv6
May 20 18:44:21 dnsmasq[8089]: query[A] bluedot.is.autonavi.com.gds.alibabadns.com from 127.0.0.1
May 20 18:44:21 dnsmasq[8089]: cached bluedot.is.autonavi.com.gds.alibabadns.com is 106.11.140.2
May 20 18:44:21 dnsmasq[8089]: cached bluedot.is.autonavi.com.gds.alibabadns.com is 106.11.169.1
May 20 18:44:33 dnsmasq[8089]: query[AAAA] ldaps://ldap.kuleyang.cn from 127.0.0.1
May 20 18:44:33 dnsmasq[8089]: forwarded ldaps://ldap.kuleyang.cn to 127.0.0.1
May 20 18:44:33 dnsmasq[8089]: reply ldaps://ldap.kuleyang.cn is NODATA-IPv6
May 20 18:47:23 dnsmasq[8089]: query[A] www.google.com from 127.0.0.1
May 20 18:47:23 dnsmasq[8089]: forwarded www.google.com to 127.0.0.1
May 20 18:47:23 dnsmasq[8089]: ipset add gfwlist 172.217.11.164 www.google.com
May 20 18:47:23 dnsmasq[8089]: IPset: error:Operation not permitted
May 20 18:47:23 dnsmasq[8089]: reply www.google.com is 172.217.11.164
May 20 18:47:24 dnsmasq[8089]: query[A] www.google.com from 127.0.0.1
May 20 18:47:24 dnsmasq[8089]: cached www.google.com is 172.217.11.164
May 20 18:48:00 dnsmasq[8089]: query[AAAA] btrace.qq.com from 127.0.0.1
May 20 18:48:00 dnsmasq[8089]: forwarded btrace.qq.com to 127.0.0.1
May 20 18:48:00 dnsmasq[8089]: query[A] btrace.qq.com from 127.0.0.1
May 20 18:48:00 dnsmasq[8089]: forwarded btrace.qq.com to 127.0.0.1
May 20 18:48:00 dnsmasq[8089]: reply btrace.qq.com is 14.17.52.204
May 20 18:48:00 dnsmasq[8089]: reply btrace.qq.com is 183.3.226.21
May 20 18:48:00 dnsmasq[8089]: reply btrace.qq.com is 14.17.41.183
May 20 18:48:00 dnsmasq[8089]: reply btrace.qq.com is 183.36.108.190
May 20 18:48:00 dnsmasq[8089]: reply btrace.qq.com is 14.17.32.251
May 20 18:48:00 dnsmasq[8089]: reply btrace.qq.com is 183.57.48.67
May 20 18:48:01 dnsmasq[8089]: reply btrace.qq.com is NODATA-IPv6
May 20 18:48:14 dnsmasq[8089]: query[A] p10-btmmdns.icloud.com.akadns.net from 127.0.0.1
May 20 18:48:14 dnsmasq[8089]: forwarded p10-btmmdns.icloud.com.akadns.net to 127.0.0.1
May 20 18:48:14 dnsmasq[8089]: reply p10-btmmdns.icloud.com.akadns.net is 17.151.224.13
May 20 18:48:16 dnsmasq[8089]: query[A] mdevstat.qqlive.qq.com from 127.0.0.1
May 20 18:48:16 dnsmasq[8089]: forwarded mdevstat.qqlive.qq.com to 127.0.0.1
May 20 18:48:16 dnsmasq[8089]: reply mdevstat.qqlive.qq.com is 14.17.41.140
May 20 18:48:38 dnsmasq[8089]: query[AAAA] pcoma.qq.com from 127.0.0.1
May 20 18:48:38 dnsmasq[8089]: forwarded pcoma.qq.com to 127.0.0.1
May 20 18:48:38 dnsmasq[8089]: query[A] pcoma.qq.com from 127.0.0.1
May 20 18:48:38 dnsmasq[8089]: forwarded pcoma.qq.com to 127.0.0.1
May 20 18:48:38 dnsmasq[8089]: query[AAAA] mark.l.qq.com from 127.0.0.1
May 20 18:48:38 dnsmasq[8089]: forwarded mark.l.qq.com to 127.0.0.1
May 20 18:48:38 dnsmasq[8089]: query[A] mark.l.qq.com from 127.0.0.1
May 20 18:48:38 dnsmasq[8089]: forwarded mark.l.qq.com to 127.0.0.1
May 20 18:48:38 dnsmasq[8089]: reply pcoma.qq.com is <CNAME>
May 20 18:48:38 dnsmasq[8089]: reply aoma.qq.com is 14.18.245.213
May 20 18:48:38 dnsmasq[8089]: reply aoma.qq.com is 14.17.32.252
May 20 18:48:38 dnsmasq[8089]: reply mark.l.qq.com is 183.3.235.86
May 20 18:48:38 dnsmasq[8089]: query[AAAA] aoma.qq.com from 127.0.0.1
May 20 18:48:38 dnsmasq[8089]: forwarded aoma.qq.com to 127.0.0.1
May 20 18:48:38 dnsmasq[8089]: query[A] vv.video.qq.com from 127.0.0.1
May 20 18:48:38 dnsmasq[8089]: forwarded vv.video.qq.com to 127.0.0.1
May 20 18:48:38 dnsmasq[8089]: reply vv.video.qq.com is 14.18.245.179
May 20 18:48:38 dnsmasq[8089]: query[AAAA] puui.qpic.cn from 127.0.0.1
May 20 18:48:38 dnsmasq[8089]: forwarded puui.qpic.cn to 127.0.0.1
May 20 18:48:38 dnsmasq[8089]: query[A] puui.qpic.cn from 127.0.0.1
May 20 18:48:38 dnsmasq[8089]: forwarded puui.qpic.cn to 127.0.0.1
May 20 18:48:38 dnsmasq[8089]: reply puui.qpic.cn is <CNAME>
May 20 18:48:38 dnsmasq[8089]: reply puui.qpic.cn.tc.qq.com is <CNAME>
May 20 18:48:38 dnsmasq[8089]: reply puui.qpic.cn.tcdn.qq.com is <CNAME>
May 20 18:48:38 dnsmasq[8089]: reply p1.tc.qq.com is <CNAME>
May 20 18:48:38 dnsmasq[8089]: reply p1.tcdn.qq.com is NODATA-IPv6
May 20 18:48:38 dnsmasq[8089]: reply puui.qpic.cn is <CNAME>
May 20 18:48:38 dnsmasq[8089]: reply puui.qpic.cn.tc.qq.com is <CNAME>
May 20 18:48:38 dnsmasq[8089]: reply puui.qpic.cn.tcdn.qq.com is <CNAME>
May 20 18:48:38 dnsmasq[8089]: reply p1.tc.qq.com is <CNAME>
May 20 18:48:38 dnsmasq[8089]: reply p1.tcdn.qq.com is 119.147.33.42
May 20 18:48:38 dnsmasq[8089]: reply p1.tcdn.qq.com is 183.60.137.147
May 20 18:48:38 dnsmasq[8089]: reply p1.tcdn.qq.com is 125.94.49.39
May 20 18:48:38 dnsmasq[8089]: reply p1.tcdn.qq.com is 125.94.49.44
May 20 18:48:38 dnsmasq[8089]: reply p1.tcdn.qq.com is 113.105.141.141
May 20 18:48:38 dnsmasq[8089]: reply p1.tcdn.qq.com is 119.147.227.42
May 20 18:48:38 dnsmasq[8089]: reply p1.tcdn.qq.com is 125.94.49.40
May 20 18:48:38 dnsmasq[8089]: reply p1.tcdn.qq.com is 125.94.49.43
May 20 18:48:38 dnsmasq[8089]: reply p1.tcdn.qq.com is 183.60.137.148
May 20 18:48:38 dnsmasq[8089]: reply p1.tcdn.qq.com is 183.56.150.145
May 20 18:48:38 dnsmasq[8089]: reply p1.tcdn.qq.com is 119.147.227.38
May 20 18:48:38 dnsmasq[8089]: reply p1.tcdn.qq.com is 119.147.227.39
May 20 18:48:38 dnsmasq[8089]: reply p1.tcdn.qq.com is 119.147.227.41
May 20 18:48:38 dnsmasq[8089]: reply p1.tcdn.qq.com is 119.147.227.43
May 20 18:48:38 dnsmasq[8089]: reply p1.tcdn.qq.com is 113.105.141.142
May 20 18:48:38 dnsmasq[8089]: reply p1.tcdn.qq.com is 119.147.227.37
May 20 18:48:38 dnsmasq[8089]: query[AAAA] p1.tcdn.qq.com from 127.0.0.1
May 20 18:48:38 dnsmasq[8089]: cached p1.tcdn.qq.com is NODATA-IPv6
May 20 18:48:38 dnsmasq[8089]: query[A] p1.tcdn.qq.com from 127.0.0.1
May 20 18:48:38 dnsmasq[8089]: cached p1.tcdn.qq.com is 119.147.227.37
May 20 18:48:38 dnsmasq[8089]: cached p1.tcdn.qq.com is 113.105.141.142
May 20 18:48:38 dnsmasq[8089]: cached p1.tcdn.qq.com is 119.147.227.43
May 20 18:48:38 dnsmasq[8089]: cached p1.tcdn.qq.com is 119.147.227.41
May 20 18:48:38 dnsmasq[8089]: cached p1.tcdn.qq.com is 119.147.227.39
May 20 18:48:38 dnsmasq[8089]: cached p1.tcdn.qq.com is 119.147.227.38
May 20 18:48:38 dnsmasq[8089]: cached p1.tcdn.qq.com is 183.56.150.145
May 20 18:48:38 dnsmasq[8089]: cached p1.tcdn.qq.com is 183.60.137.148
May 20 18:48:38 dnsmasq[8089]: cached p1.tcdn.qq.com is 125.94.49.43
May 20 18:48:38 dnsmasq[8089]: cached p1.tcdn.qq.com is 125.94.49.40
May 20 18:48:38 dnsmasq[8089]: cached p1.tcdn.qq.com is 119.147.227.42
May 20 18:48:38 dnsmasq[8089]: cached p1.tcdn.qq.com is 113.105.141.141
May 20 18:48:38 dnsmasq[8089]: cached p1.tcdn.qq.com is 125.94.49.44
May 20 18:48:38 dnsmasq[8089]: cached p1.tcdn.qq.com is 125.94.49.39
May 20 18:48:38 dnsmasq[8089]: cached p1.tcdn.qq.com is 183.60.137.147
May 20 18:48:38 dnsmasq[8089]: cached p1.tcdn.qq.com is 119.147.33.42
May 20 18:48:39 dnsmasq[8089]: reply mark.l.qq.com is NODATA-IPv6
May 20 18:48:39 dnsmasq[8089]: reply aoma.qq.com is NODATA-IPv6
May 20 18:48:39 dnsmasq[8089]: reply pcoma.qq.com is NODATA-IPv6
May 20 18:48:39 dnsmasq[8089]: query[AAAA] tj.video.qq.com from 127.0.0.1
May 20 18:48:39 dnsmasq[8089]: forwarded tj.video.qq.com to 127.0.0.1
May 20 18:48:39 dnsmasq[8089]: query[A] tj.video.qq.com from 127.0.0.1
May 20 18:48:39 dnsmasq[8089]: forwarded tj.video.qq.com to 127.0.0.1
May 20 18:48:39 dnsmasq[8089]: reply tj.video.qq.com is 14.215.138.23
May 20 18:48:40 dnsmasq[8089]: reply tj.video.qq.com is NODATA-IPv6
May 20 18:48:58 dnsmasq[8089]: query[AAAA] ldaps://ldap.kuleyang.cn from 127.0.0.1
May 20 18:48:58 dnsmasq[8089]: forwarded ldaps://ldap.kuleyang.cn to 127.0.0.1
May 20 18:48:59 dnsmasq[8089]: query[AAAA] ldaps://ldap.kuleyang.cn from 127.0.0.1
May 20 18:48:59 dnsmasq[8089]: forwarded ldaps://ldap.kuleyang.cn to 127.0.0.1
May 20 18:49:01 dnsmasq[8089]: query[AAAA] ldaps://ldap.kuleyang.cn from 127.0.0.1
May 20 18:49:01 dnsmasq[8089]: forwarded ldaps://ldap.kuleyang.cn to 127.0.0.1
May 20 18:49:03 dnsmasq[8089]: reply ldaps://ldap.kuleyang.cn is NODATA-IPv6
May 20 18:51:05 dnsmasq[8089]: query[AAAA] textmate.org from 127.0.0.1
May 20 18:51:05 dnsmasq[8089]: forwarded textmate.org to 127.0.0.1
May 20 18:51:06 dnsmasq[8089]: reply textmate.org is NODATA-IPv6
May 20 18:51:23 dnsmasq[8089]: query[A] ldaps://ldap.kuleyang.cn from 127.0.0.1
May 20 18:51:23 dnsmasq[8089]: forwarded ldaps://ldap.kuleyang.cn to 127.0.0.1
May 20 18:51:24 dnsmasq[8089]: reply ldaps://ldap.kuleyang.cn is NODATA-IPv4
May 20 18:52:17 dnsmasq[8118]: started, version 2.79 cachesize 150
May 20 18:52:17 dnsmasq[8118]: compile time options: IPv6 GNU-getopt no-DBus no-i18n no-IDN DHCP DHCPv6 no-Lua TFTP no-conntrack ipset auth no-DNSSEC loop-detect no-inotify
May 20 18:52:17 dnsmasq[8118]: setting --bind-interfaces option because of OS limitations
May 20 18:52:17 dnsmasq[8118]: warning: ignoring resolv-file flag because no-resolv is set
May 20 18:52:17 dnsmasq[8118]: using nameserver 127.0.0.1#65353
May 20 18:52:17 dnsmasq[8118]: read /etc/hosts - 10 addresses
May 20 18:52:41 dnsmasq[8118]: query[A] clients4.google.com from 127.0.0.1
May 20 18:52:41 dnsmasq[8118]: forwarded clients4.google.com to 127.0.0.1
May 20 18:52:42 dnsmasq[8118]: reply clients4.google.com is <CNAME>
May 20 18:52:42 dnsmasq[8118]: ipset add gfwlist 216.58.216.46 clients.l.google.com
May 20 18:52:42 dnsmasq[8118]: 1 addresses added
May 20 18:52:42 dnsmasq[8118]: reply clients.l.google.com is 216.58.216.46
May 20 18:53:00 dnsmasq[8118]: query[A] btrace.qq.com from 127.0.0.1
May 20 18:53:00 dnsmasq[8118]: forwarded btrace.qq.com to 127.0.0.1
May 20 18:53:00 dnsmasq[8118]: reply btrace.qq.com is 14.17.52.204
May 20 18:53:00 dnsmasq[8118]: reply btrace.qq.com is 183.3.226.21
May 20 18:53:00 dnsmasq[8118]: reply btrace.qq.com is 14.17.41.183
May 20 18:53:00 dnsmasq[8118]: reply btrace.qq.com is 183.57.48.67
May 20 18:53:00 dnsmasq[8118]: reply btrace.qq.com is 14.17.32.251
May 20 18:53:00 dnsmasq[8118]: reply btrace.qq.com is 183.36.108.190
May 20 18:53:15 dnsmasq[8118]: query[AAAA] www.baidu.com from 127.0.0.1
May 20 18:53:15 dnsmasq[8118]: forwarded www.baidu.com to 127.0.0.1
May 20 18:53:15 dnsmasq[8118]: query[A] www.baidu.com from 127.0.0.1
May 20 18:53:15 dnsmasq[8118]: forwarded www.baidu.com to 127.0.0.1
May 20 18:53:15 dnsmasq[8118]: reply www.baidu.com is <CNAME>
May 20 18:53:15 dnsmasq[8118]: reply www.a.shifen.com is NODATA-IPv6
May 20 18:53:15 dnsmasq[8118]: query[AAAA] www.a.shifen.com from 127.0.0.1
May 20 18:53:15 dnsmasq[8118]: cached www.a.shifen.com is NODATA-IPv6
May 20 18:53:15 dnsmasq[8118]: query[A] www.a.shifen.com from 127.0.0.1
May 20 18:53:15 dnsmasq[8118]: forwarded www.a.shifen.com to 127.0.0.1
May 20 18:53:15 dnsmasq[8118]: reply www.baidu.com is <CNAME>
May 20 18:53:15 dnsmasq[8118]: reply www.a.shifen.com is 14.215.177.39
May 20 18:53:15 dnsmasq[8118]: reply www.a.shifen.com is 14.215.177.38
May 20 18:53:15 dnsmasq[8118]: reply www.a.shifen.com is 14.215.177.38
May 20 18:53:15 dnsmasq[8118]: reply www.a.shifen.com is 14.215.177.39
May 20 18:53:17 dnsmasq[8118]: query[A] mdevstat.qqlive.qq.com from 127.0.0.1
May 20 18:53:17 dnsmasq[8118]: forwarded mdevstat.qqlive.qq.com to 127.0.0.1
May 20 18:53:17 dnsmasq[8118]: query[AAAA] mdevstat.qqlive.qq.com from 127.0.0.1
May 20 18:53:17 dnsmasq[8118]: forwarded mdevstat.qqlive.qq.com to 127.0.0.1
May 20 18:53:17 dnsmasq[8118]: query[AAAA] mdevstat.qqlive.qq.com from 127.0.0.1
May 20 18:53:17 dnsmasq[8118]: forwarded mdevstat.qqlive.qq.com to 127.0.0.1
May 20 18:53:17 dnsmasq[8118]: reply mdevstat.qqlive.qq.com is 14.17.41.140
May 20 18:53:18 dnsmasq[8118]: reply mdevstat.qqlive.qq.com is NODATA-IPv6
May 20 18:53:20 dnsmasq[8118]: query[AAAA] googleads.g.doubleclick.net from 127.0.0.1
May 20 18:53:20 dnsmasq[8118]: forwarded googleads.g.doubleclick.net to 127.0.0.1
May 20 18:53:20 dnsmasq[8118]: query[A] googleads.g.doubleclick.net from 127.0.0.1
May 20 18:53:20 dnsmasq[8118]: forwarded googleads.g.doubleclick.net to 127.0.0.1
May 20 18:53:20 dnsmasq[8118]: reply googleads.g.doubleclick.net is <CNAME>
May 20 18:53:20 dnsmasq[8118]: reply pagead46.l.doubleclick.net is 2401:3800:4001:806::100d
May 20 18:53:20 dnsmasq[8118]: reply googleads.g.doubleclick.net is <CNAME>
May 20 18:53:20 dnsmasq[8118]: reply pagead46.l.doubleclick.net is 203.208.39.205
May 20 18:53:20 dnsmasq[8118]: reply pagead46.l.doubleclick.net is 203.208.39.217
May 20 18:53:20 dnsmasq[8118]: reply pagead46.l.doubleclick.net is 203.208.39.218
May 20 18:53:20 dnsmasq[8118]: query[A] pagead46.l.doubleclick.net from 127.0.0.1
May 20 18:53:20 dnsmasq[8118]: cached pagead46.l.doubleclick.net is 203.208.39.218
May 20 18:53:20 dnsmasq[8118]: cached pagead46.l.doubleclick.net is 203.208.39.217
May 20 18:53:20 dnsmasq[8118]: cached pagead46.l.doubleclick.net is 203.208.39.205
May 20 18:53:25 dnsmasq[8118]: query[A] www.google.com from 127.0.0.1
May 20 18:53:25 dnsmasq[8118]: forwarded www.google.com to 127.0.0.1
May 20 18:53:25 dnsmasq[8118]: query[A] www.googleapis.com from 127.0.0.1
May 20 18:53:25 dnsmasq[8118]: forwarded www.googleapis.com to 127.0.0.1
May 20 18:53:26 dnsmasq[8118]: reply www.googleapis.com is <CNAME>
May 20 18:53:26 dnsmasq[8118]: reply googleapis.l.google.com is 216.58.216.42
May 20 18:53:26 dnsmasq[8118]: reply googleapis.l.google.com is 216.58.193.202
May 20 18:53:26 dnsmasq[8118]: reply googleapis.l.google.com is 216.58.217.202
May 20 18:53:26 dnsmasq[8118]: reply googleapis.l.google.com is 172.217.4.170
May 20 18:53:26 dnsmasq[8118]: reply googleapis.l.google.com is 172.217.5.202
May 20 18:53:26 dnsmasq[8118]: reply googleapis.l.google.com is 172.217.4.138
May 20 18:53:26 dnsmasq[8118]: reply googleapis.l.google.com is 172.217.11.170
May 20 18:53:26 dnsmasq[8118]: reply googleapis.l.google.com is 172.217.14.106
May 20 18:53:26 dnsmasq[8118]: reply googleapis.l.google.com is 172.217.11.74
May 20 18:53:26 dnsmasq[8118]: reply googleapis.l.google.com is 172.217.14.74
May 20 18:53:26 dnsmasq[8118]: reply googleapis.l.google.com is 216.58.216.10
May 20 18:53:26 dnsmasq[8118]: ipset add gfwlist 172.217.4.164 www.google.com
May 20 18:53:26 dnsmasq[8118]: 1 addresses added
May 20 18:53:26 dnsmasq[8118]: reply www.google.com is 172.217.4.164
May 20 18:53:27 dnsmasq[8118]: query[A] www.google.com from 127.0.0.1
May 20 18:53:27 dnsmasq[8118]: cached www.google.com is 172.217.4.164
May 20 18:53:48 dnsmasq[8118]: query[A] ldaps://ldap.kuleyang.cn from 127.0.0.1
May 20 18:53:48 dnsmasq[8118]: forwarded ldaps://ldap.kuleyang.cn to 127.0.0.1
May 20 18:53:48 dnsmasq[8118]: query[AAAA] ldaps://ldap.kuleyang.cn from 127.0.0.1
May 20 18:53:48 dnsmasq[8118]: forwarded ldaps://ldap.kuleyang.cn to 127.0.0.1
May 20 18:53:49 dnsmasq[8118]: query[AAAA] ldaps://ldap.kuleyang.cn from 127.0.0.1
May 20 18:53:49 dnsmasq[8118]: forwarded ldaps://ldap.kuleyang.cn to 127.0.0.1
May 20 18:53:51 dnsmasq[8118]: query[AAAA] ldaps://ldap.kuleyang.cn from 127.0.0.1
May 20 18:53:51 dnsmasq[8118]: forwarded ldaps://ldap.kuleyang.cn to 127.0.0.1
May 20 18:53:51 dnsmasq[8118]: query[A] ldaps://ldap.kuleyang.cn from 127.0.0.1
May 20 18:53:51 dnsmasq[8118]: forwarded ldaps://ldap.kuleyang.cn to 127.0.0.1
May 20 18:53:52 dnsmasq[8118]: reply ldaps://ldap.kuleyang.cn is NODATA-IPv4
May 20 18:53:52 dnsmasq[8118]: reply ldaps://ldap.kuleyang.cn is NODATA-IPv6
May 20 18:54:21 dnsmasq[8118]: query[AAAA] gs-loc-new.ls-apple.com.akadns.net from 127.0.0.1
May 20 18:54:21 dnsmasq[8118]: forwarded gs-loc-new.ls-apple.com.akadns.net to 127.0.0.1
May 20 18:54:21 dnsmasq[8118]: query[A] gs-loc-new.ls-apple.com.akadns.net from 127.0.0.1
May 20 18:54:21 dnsmasq[8118]: forwarded gs-loc-new.ls-apple.com.akadns.net to 127.0.0.1
May 20 18:54:21 dnsmasq[8118]: reply gs-loc-new.ls-apple.com.akadns.net is <CNAME>
May 20 18:54:21 dnsmasq[8118]: reply gs-loc-cn.ls-apple.com.akadns.net is <CNAME>
May 20 18:54:21 dnsmasq[8118]: reply bluedot.is.autonavi.com.gds.alibabadns.com is NODATA-IPv6
May 20 18:54:21 dnsmasq[8118]: reply gs-loc-new.ls-apple.com.akadns.net is <CNAME>
May 20 18:54:21 dnsmasq[8118]: reply gs-loc-cn.ls-apple.com.akadns.net is <CNAME>
May 20 18:54:21 dnsmasq[8118]: reply bluedot.is.autonavi.com.gds.alibabadns.com is 106.11.140.2
May 20 18:54:21 dnsmasq[8118]: reply bluedot.is.autonavi.com.gds.alibabadns.com is 106.11.169.1
May 20 18:54:21 dnsmasq[8118]: query[AAAA] bluedot.is.autonavi.com.gds.alibabadns.com from 127.0.0.1
May 20 18:54:21 dnsmasq[8118]: cached bluedot.is.autonavi.com.gds.alibabadns.com is NODATA-IPv6
May 20 18:54:21 dnsmasq[8118]: query[A] bluedot.is.autonavi.com.gds.alibabadns.com from 127.0.0.1
May 20 18:54:21 dnsmasq[8118]: cached bluedot.is.autonavi.com.gds.alibabadns.com is 106.11.169.1
May 20 18:54:21 dnsmasq[8118]: cached bluedot.is.autonavi.com.gds.alibabadns.com is 106.11.140.2
May 20 18:54:42 dnsmasq[8118]: query[A] clients4.google.com from 127.0.0.1
May 20 18:54:42 dnsmasq[8118]: cached clients4.google.com is <CNAME>
May 20 18:54:42 dnsmasq[8118]: cached clients.l.google.com is 216.58.216.46
May 20 18:54:42 dnsmasq[8118]: query[A] clients4.google.com from 127.0.0.1
May 20 18:54:42 dnsmasq[8118]: cached clients4.google.com is <CNAME>
May 20 18:54:42 dnsmasq[8118]: cached clients.l.google.com is 216.58.216.46
May 20 18:54:50 dnsmasq[8118]: query[A] time-osx.g.aaplimg.com from 127.0.0.1
May 20 18:54:50 dnsmasq[8118]: forwarded time-osx.g.aaplimg.com to 127.0.0.1
May 20 18:54:50 dnsmasq[8118]: query[AAAA] time-osx.g.aaplimg.com from 127.0.0.1
May 20 18:54:50 dnsmasq[8118]: forwarded time-osx.g.aaplimg.com to 127.0.0.1
May 20 18:54:51 dnsmasq[8118]: reply time-osx.g.aaplimg.com is 17.253.26.253
May 20 18:54:51 dnsmasq[8118]: reply time-osx.g.aaplimg.com is 17.253.26.125
May 20 18:54:51 dnsmasq[8118]: reply time-osx.g.aaplimg.com is 17.253.4.125
May 20 18:54:51 dnsmasq[8118]: reply time-osx.g.aaplimg.com is 17.253.2.125
May 20 18:54:51 dnsmasq[8118]: reply time-osx.g.aaplimg.com is 17.253.4.253
May 20 18:54:51 dnsmasq[8118]: reply time-osx.g.aaplimg.com is NODATA-IPv6
May 20 18:54:52 dnsmasq[8118]: query[AAAA] img1.gtimg.com from 127.0.0.1
May 20 18:54:52 dnsmasq[8118]: forwarded img1.gtimg.com to 127.0.0.1
May 20 18:54:52 dnsmasq[8118]: query[A] img1.gtimg.com from 127.0.0.1
May 20 18:54:52 dnsmasq[8118]: forwarded img1.gtimg.com to 127.0.0.1
May 20 18:54:52 dnsmasq[8118]: reply img1.gtimg.com is <CNAME>
May 20 18:54:52 dnsmasq[8118]: reply img1.tc.qq.com is <CNAME>
May 20 18:54:52 dnsmasq[8118]: reply img1.tcdn.qq.com is <CNAME>
May 20 18:54:52 dnsmasq[8118]: reply x2ipv6.tcdn.qq.com is 240e:e1:8100:28::2:16
May 20 18:54:52 dnsmasq[8118]: reply x2ipv6.tcdn.qq.com is 240e:ff:f040:28::a
May 20 18:54:52 dnsmasq[8118]: reply img1.gtimg.com is <CNAME>
May 20 18:54:52 dnsmasq[8118]: reply img1.tc.qq.com is <CNAME>
May 20 18:54:52 dnsmasq[8118]: reply img1.tcdn.qq.com is <CNAME>
May 20 18:54:52 dnsmasq[8118]: reply x2ipv6.tcdn.qq.com is 119.147.33.24
May 20 18:54:52 dnsmasq[8118]: reply x2ipv6.tcdn.qq.com is 113.107.238.23
May 20 18:54:52 dnsmasq[8118]: reply x2ipv6.tcdn.qq.com is 125.94.49.13
May 20 18:54:52 dnsmasq[8118]: reply x2ipv6.tcdn.qq.com is 119.147.33.23
May 20 18:54:52 dnsmasq[8118]: reply x2ipv6.tcdn.qq.com is 113.107.238.24
May 20 18:54:52 dnsmasq[8118]: reply x2ipv6.tcdn.qq.com is 119.147.227.16
May 20 18:54:52 dnsmasq[8118]: reply x2ipv6.tcdn.qq.com is 119.147.33.27
May 20 18:54:52 dnsmasq[8118]: reply x2ipv6.tcdn.qq.com is 125.94.49.12
May 20 18:54:52 dnsmasq[8118]: reply x2ipv6.tcdn.qq.com is 119.147.227.15
May 20 18:54:52 dnsmasq[8118]: reply x2ipv6.tcdn.qq.com is 119.147.227.12
May 20 18:54:52 dnsmasq[8118]: reply x2ipv6.tcdn.qq.com is 119.147.227.13
May 20 18:54:52 dnsmasq[8118]: reply x2ipv6.tcdn.qq.com is 113.105.73.144
May 20 18:54:52 dnsmasq[8118]: reply x2ipv6.tcdn.qq.com is 119.147.33.25
May 20 18:54:52 dnsmasq[8118]: reply x2ipv6.tcdn.qq.com is 125.94.49.14
May 20 18:54:52 dnsmasq[8118]: reply x2ipv6.tcdn.qq.com is 119.147.33.38
May 20 18:54:52 dnsmasq[8118]: reply x2ipv6.tcdn.qq.com is 119.147.227.11
May 20 18:54:52 dnsmasq[8118]: query[A] x2ipv6.tcdn.qq.com from 127.0.0.1
May 20 18:54:52 dnsmasq[8118]: cached x2ipv6.tcdn.qq.com is 119.147.227.11
May 20 18:54:52 dnsmasq[8118]: cached x2ipv6.tcdn.qq.com is 119.147.33.38
May 20 18:54:52 dnsmasq[8118]: cached x2ipv6.tcdn.qq.com is 125.94.49.14
May 20 18:54:52 dnsmasq[8118]: cached x2ipv6.tcdn.qq.com is 119.147.33.25
May 20 18:54:52 dnsmasq[8118]: cached x2ipv6.tcdn.qq.com is 113.105.73.144
May 20 18:54:52 dnsmasq[8118]: cached x2ipv6.tcdn.qq.com is 119.147.227.13
May 20 18:54:52 dnsmasq[8118]: cached x2ipv6.tcdn.qq.com is 119.147.227.12
May 20 18:54:52 dnsmasq[8118]: cached x2ipv6.tcdn.qq.com is 119.147.227.15
May 20 18:54:52 dnsmasq[8118]: cached x2ipv6.tcdn.qq.com is 125.94.49.12
May 20 18:54:52 dnsmasq[8118]: cached x2ipv6.tcdn.qq.com is 119.147.33.27
May 20 18:54:52 dnsmasq[8118]: cached x2ipv6.tcdn.qq.com is 119.147.227.16
May 20 18:54:52 dnsmasq[8118]: cached x2ipv6.tcdn.qq.com is 113.107.238.24
May 20 18:54:52 dnsmasq[8118]: cached x2ipv6.tcdn.qq.com is 119.147.33.23
May 20 18:54:52 dnsmasq[8118]: cached x2ipv6.tcdn.qq.com is 125.94.49.13
May 20 18:54:52 dnsmasq[8118]: cached x2ipv6.tcdn.qq.com is 113.107.238.23
May 20 18:54:52 dnsmasq[8118]: cached x2ipv6.tcdn.qq.com is 119.147.33.24
May 20 18:55:03 dnsmasq[8118]: query[PTR] 128.1.168.192.in-addr.arpa from 127.0.0.1
May 20 18:55:03 dnsmasq[8118]: forwarded 128.1.168.192.in-addr.arpa to 127.0.0.1
May 20 18:55:24 dnsmasq[8118]: query[A] www.baidu.com from 127.0.0.1
May 20 18:55:24 dnsmasq[8118]: forwarded www.baidu.com to 127.0.0.1
May 20 18:55:24 dnsmasq[8118]: reply www.baidu.com is <CNAME>
May 20 18:55:24 dnsmasq[8118]: reply www.a.shifen.com is 14.215.177.38
May 20 18:55:24 dnsmasq[8118]: reply www.a.shifen.com is 14.215.177.39
May 20 18:55:24 dnsmasq[8118]: query[AAAA] www.a.shifen.com from 127.0.0.1
May 20 18:55:24 dnsmasq[8118]: cached www.a.shifen.com is NODATA-IPv6
May 20 18:55:31 dnsmasq[8118]: query[A] www.google.com from 127.0.0.1
May 20 18:55:31 dnsmasq[8118]: cached www.google.com is 172.217.4.164
May 20 18:55:31 dnsmasq[8118]: query[AAAA] www.google.com from 127.0.0.1
May 20 18:55:31 dnsmasq[8118]: forwarded www.google.com to 127.0.0.1
May 20 18:55:31 dnsmasq[8118]: ipset add gfwlist 2404:6800:4008:802::2004 www.google.com
May 20 18:55:31 dnsmasq[8118]: 1 addresses added
May 20 18:55:31 dnsmasq[8118]: reply www.google.com is 2404:6800:4008:802::2004
May 20 18:55:55 dnsmasq[8118]: query[A] www.google.com from 127.0.0.1
May 20 18:55:55 dnsmasq[8118]: cached www.google.com is 172.217.4.164
May 20 18:55:56 dnsmasq[8118]: query[A] www.google.com from 127.0.0.1
May 20 18:55:56 dnsmasq[8118]: cached www.google.com is 172.217.4.164
May 20 18:56:39 dnsmasq[8118]: query[A] www.google.com from 127.0.0.1
May 20 18:56:39 dnsmasq[8118]: cached www.google.com is 172.217.4.164
May 20 18:56:39 dnsmasq[8118]: query[AAAA] www.google.com from 127.0.0.1
May 20 18:56:39 dnsmasq[8118]: forwarded www.google.com to 127.0.0.1
May 20 18:56:39 dnsmasq[8118]: ipset add gfwlist 2404:6800:4008:802::2004 www.google.com
May 20 18:56:39 dnsmasq[8118]: 0 addresses added
May 20 18:56:39 dnsmasq[8118]: reply www.google.com is 2404:6800:4008:802::2004
May 20 18:57:18 dnsmasq[8118]: query[AAAA] api.smoot.apple.cn from 127.0.0.1
May 20 18:57:18 dnsmasq[8118]: forwarded api.smoot.apple.cn to 127.0.0.1
May 20 18:57:18 dnsmasq[8118]: query[A] api.smoot.apple.cn from 127.0.0.1
May 20 18:57:18 dnsmasq[8118]: forwarded api.smoot.apple.cn to 127.0.0.1
May 20 18:57:19 dnsmasq[8118]: reply api.smoot.apple.cn is <CNAME>
May 20 18:57:19 dnsmasq[8118]: reply api.smoot.apple.com is <CNAME>
May 20 18:57:19 dnsmasq[8118]: reply api-glb.smoot.apple.com is NODATA-IPv6
May 20 18:57:19 dnsmasq[8118]: query[AAAA] api-glb.smoot.apple.com from 127.0.0.1
May 20 18:57:19 dnsmasq[8118]: cached api-glb.smoot.apple.com is NODATA-IPv6
May 20 18:57:19 dnsmasq[8118]: query[A] api-glb.smoot.apple.com from 127.0.0.1
May 20 18:57:19 dnsmasq[8118]: forwarded api-glb.smoot.apple.com to 127.0.0.1
May 20 18:57:19 dnsmasq[8118]: reply api.smoot.apple.cn is <CNAME>
May 20 18:57:19 dnsmasq[8118]: reply API.smoot.apple.com is <CNAME>
May 20 18:57:19 dnsmasq[8118]: reply api-glb.smoot.apple.com is 17.249.41.246
May 20 18:57:19 dnsmasq[8118]: reply api-glb.smoot.apple.com is 17.249.41.246
May 20 18:57:20 dnsmasq[8118]: query[A] www.google.com from 127.0.0.1
May 20 18:57:20 dnsmasq[8118]: cached www.google.com is 172.217.4.164
May 20 18:57:27 dnsmasq[8118]: query[A] www.googleapis.com from 127.0.0.1
May 20 18:57:27 dnsmasq[8118]: forwarded www.googleapis.com to 127.0.0.1
May 20 18:57:27 dnsmasq[8118]: reply www.googleapis.com is <CNAME>
May 20 18:57:27 dnsmasq[8118]: reply googleapis.l.google.com is 172.217.14.74
May 20 18:57:27 dnsmasq[8118]: reply googleapis.l.google.com is 216.58.193.202
May 20 18:57:27 dnsmasq[8118]: reply googleapis.l.google.com is 216.58.219.10
May 20 18:57:27 dnsmasq[8118]: reply googleapis.l.google.com is 216.58.219.42
May 20 18:57:27 dnsmasq[8118]: reply googleapis.l.google.com is 216.58.217.202
May 20 18:57:27 dnsmasq[8118]: reply googleapis.l.google.com is 172.217.4.170
May 20 18:57:27 dnsmasq[8118]: reply googleapis.l.google.com is 172.217.5.202
May 20 18:57:27 dnsmasq[8118]: reply googleapis.l.google.com is 172.217.4.138
May 20 18:57:27 dnsmasq[8118]: reply googleapis.l.google.com is 172.217.5.74
May 20 18:57:27 dnsmasq[8118]: reply googleapis.l.google.com is 172.217.11.170
May 20 18:57:27 dnsmasq[8118]: reply googleapis.l.google.com is 172.217.14.106
May 20 18:57:27 dnsmasq[8118]: reply googleapis.l.google.com is 172.217.11.74
May 20 18:58:00 dnsmasq[8118]: query[AAAA] btrace.qq.com from 127.0.0.1
May 20 18:58:00 dnsmasq[8118]: forwarded btrace.qq.com to 127.0.0.1
May 20 18:58:00 dnsmasq[8118]: query[A] btrace.qq.com from 127.0.0.1
May 20 18:58:00 dnsmasq[8118]: forwarded btrace.qq.com to 127.0.0.1
May 20 18:58:00 dnsmasq[8118]: reply btrace.qq.com is 183.36.108.190
May 20 18:58:00 dnsmasq[8118]: reply btrace.qq.com is 183.57.48.67
May 20 18:58:00 dnsmasq[8118]: reply btrace.qq.com is 183.3.226.21
May 20 18:58:00 dnsmasq[8118]: reply btrace.qq.com is 14.17.52.204
May 20 18:58:00 dnsmasq[8118]: reply btrace.qq.com is 14.17.41.183
May 20 18:58:00 dnsmasq[8118]: reply btrace.qq.com is 14.17.32.251
May 20 18:58:01 dnsmasq[8118]: reply btrace.qq.com is NODATA-IPv6
May 20 18:58:18 dnsmasq[8118]: query[A] mdevstat.qqlive.qq.com from 127.0.0.1
May 20 18:58:18 dnsmasq[8118]: forwarded mdevstat.qqlive.qq.com to 127.0.0.1
May 20 18:58:18 dnsmasq[8118]: query[AAAA] mdevstat.qqlive.qq.com from 127.0.0.1
May 20 18:58:18 dnsmasq[8118]: cached mdevstat.qqlive.qq.com is NODATA-IPv6
May 20 18:58:18 dnsmasq[8118]: reply mdevstat.qqlive.qq.com is 14.17.41.140
May 20 18:58:57 dnsmasq[8118]: query[A] ldaps://ldap.kuleyang.cn from 127.0.0.1
May 20 18:58:57 dnsmasq[8118]: forwarded ldaps://ldap.kuleyang.cn to 127.0.0.1
May 20 18:58:57 dnsmasq[8118]: query[AAAA] ldaps://ldap.kuleyang.cn from 127.0.0.1
May 20 18:58:57 dnsmasq[8118]: forwarded ldaps://ldap.kuleyang.cn to 127.0.0.1
May 20 18:58:58 dnsmasq[8118]: query[A] ldaps://ldap.kuleyang.cn from 127.0.0.1
May 20 18:58:58 dnsmasq[8118]: forwarded ldaps://ldap.kuleyang.cn to 127.0.0.1
May 20 18:58:58 dnsmasq[8118]: query[AAAA] ldaps://ldap.kuleyang.cn from 127.0.0.1
May 20 18:58:58 dnsmasq[8118]: forwarded ldaps://ldap.kuleyang.cn to 127.0.0.1
May 20 18:58:59 dnsmasq[8118]: reply ldaps://ldap.kuleyang.cn is NODATA-IPv6
May 20 18:59:00 dnsmasq[8118]: query[A] ldaps://ldap.kuleyang.cn from 127.0.0.1
May 20 18:59:00 dnsmasq[8118]: forwarded ldaps://ldap.kuleyang.cn to 127.0.0.1
May 20 18:59:01 dnsmasq[8118]: reply ldaps://ldap.kuleyang.cn is NODATA-IPv4
May 20 18:59:14 dnsmasq[8118]: query[A] www.google.com from 127.0.0.1
May 20 18:59:14 dnsmasq[8118]: forwarded www.google.com to 127.0.0.1
May 20 18:59:15 dnsmasq[8118]: ipset add gfwlist 172.217.4.164 www.google.com
May 20 18:59:15 dnsmasq[8118]: 0 addresses added
May 20 18:59:15 dnsmasq[8118]: reply www.google.com is 172.217.4.164
May 20 18:59:15 dnsmasq[8118]: query[AAAA] www.google.com from 127.0.0.1
May 20 18:59:15 dnsmasq[8118]: forwarded www.google.com to 127.0.0.1
May 20 18:59:15 dnsmasq[8118]: ipset add gfwlist 2404:6800:4008:802::2004 www.google.com
May 20 18:59:15 dnsmasq[8118]: 0 addresses added
May 20 18:59:15 dnsmasq[8118]: reply www.google.com is 2404:6800:4008:802::2004
May 20 18:59:37 dnsmasq[8118]: query[A] www.google.com from 127.0.0.1
May 20 18:59:37 dnsmasq[8118]: cached www.google.com is 172.217.4.164
May 20 19:01:30 dnsmasq[8118]: query[A] www.googleapis.com from 127.0.0.1
May 20 19:01:30 dnsmasq[8118]: cached www.googleapis.com is <CNAME>
May 20 19:01:30 dnsmasq[8118]: forwarded www.googleapis.com to 127.0.0.1
May 20 19:01:31 dnsmasq[8118]: reply www.googleapis.com is <CNAME>
May 20 19:01:31 dnsmasq[8118]: reply googleapis.l.google.com is 172.217.4.170
May 20 19:01:31 dnsmasq[8118]: reply googleapis.l.google.com is 172.217.5.202
May 20 19:01:31 dnsmasq[8118]: reply googleapis.l.google.com is 172.217.5.74
May 20 19:01:31 dnsmasq[8118]: reply googleapis.l.google.com is 172.217.11.170
May 20 19:01:31 dnsmasq[8118]: reply googleapis.l.google.com is 172.217.11.74
May 20 19:01:31 dnsmasq[8118]: reply googleapis.l.google.com is 172.217.14.74
May 20 19:01:31 dnsmasq[8118]: reply googleapis.l.google.com is 216.58.216.42
May 20 19:01:31 dnsmasq[8118]: reply googleapis.l.google.com is 216.58.193.202
May 20 19:02:00 dnsmasq[8118]: query[A] clients4.google.com from 127.0.0.1
May 20 19:02:00 dnsmasq[8118]: forwarded clients4.google.com to 127.0.0.1
May 20 19:02:01 dnsmasq[8118]: reply clients4.google.com is <CNAME>
May 20 19:02:01 dnsmasq[8118]: ipset add gfwlist 172.217.5.206 clients.l.google.com
May 20 19:02:01 dnsmasq[8118]: 1 addresses added
May 20 19:02:01 dnsmasq[8118]: reply clients.l.google.com is 172.217.5.206
May 20 19:02:26 dnsmasq[8118]: query[AAAA] www.google.com from 127.0.0.1
May 20 19:02:26 dnsmasq[8118]: forwarded www.google.com to 127.0.0.1
May 20 19:02:26 dnsmasq[8118]: ipset add gfwlist 2404:6800:4008:802::2004 www.google.com
May 20 19:02:26 dnsmasq[8118]: 0 addresses added
May 20 19:02:26 dnsmasq[8118]: reply www.google.com is 2404:6800:4008:802::2004
May 20 19:03:00 dnsmasq[8118]: query[A] btrace.qq.com from 127.0.0.1
May 20 19:03:00 dnsmasq[8118]: forwarded btrace.qq.com to 127.0.0.1
May 20 19:03:00 dnsmasq[8118]: reply btrace.qq.com is 183.3.226.21
May 20 19:03:00 dnsmasq[8118]: reply btrace.qq.com is 183.36.108.190
May 20 19:03:00 dnsmasq[8118]: reply btrace.qq.com is 14.17.52.204
May 20 19:03:00 dnsmasq[8118]: reply btrace.qq.com is 183.57.48.67
May 20 19:03:00 dnsmasq[8118]: reply btrace.qq.com is 14.17.41.183
May 20 19:03:00 dnsmasq[8118]: reply btrace.qq.com is 14.17.32.251
May 20 19:03:19 dnsmasq[8118]: query[A] mdevstat.qqlive.qq.com from 127.0.0.1
May 20 19:03:19 dnsmasq[8118]: forwarded mdevstat.qqlive.qq.com to 127.0.0.1
May 20 19:03:19 dnsmasq[8118]: query[AAAA] mdevstat.qqlive.qq.com from 127.0.0.1
May 20 19:03:19 dnsmasq[8118]: cached mdevstat.qqlive.qq.com is NODATA-IPv6
May 20 19:03:19 dnsmasq[8118]: reply mdevstat.qqlive.qq.com is 14.17.41.140
May 20 19:03:40 dnsmasq[8118]: query[AAAA] www.google.com from 127.0.0.1
May 20 19:03:40 dnsmasq[8118]: forwarded www.google.com to 127.0.0.1
May 20 19:03:40 dnsmasq[8118]: ipset add gfwlist 2404:6800:4008:802::2004 www.google.com
May 20 19:03:40 dnsmasq[8118]: 0 addresses added
May 20 19:03:40 dnsmasq[8118]: reply www.google.com is 2404:6800:4008:802::2004
May 20 19:03:48 dnsmasq[8118]: query[A] p10-btmmdns.icloud.com.akadns.net from 127.0.0.1
May 20 19:03:48 dnsmasq[8118]: forwarded p10-btmmdns.icloud.com.akadns.net to 127.0.0.1
May 20 19:03:49 dnsmasq[8118]: reply p10-btmmdns.icloud.com.akadns.net is 17.151.224.13
May 20 19:04:26 dnsmasq[8118]: query[A] ldaps://ldap.kuleyang.cn from 127.0.0.1
May 20 19:04:26 dnsmasq[8118]: forwarded ldaps://ldap.kuleyang.cn to 127.0.0.1
May 20 19:04:26 dnsmasq[8118]: query[AAAA] ldaps://ldap.kuleyang.cn from 127.0.0.1
May 20 19:04:26 dnsmasq[8118]: forwarded ldaps://ldap.kuleyang.cn to 127.0.0.1
May 20 19:04:27 dnsmasq[8118]: query[A] ldaps://ldap.kuleyang.cn from 127.0.0.1
May 20 19:04:27 dnsmasq[8118]: forwarded ldaps://ldap.kuleyang.cn to 127.0.0.1
May 20 19:04:27 dnsmasq[8118]: query[AAAA] ldaps://ldap.kuleyang.cn from 127.0.0.1
May 20 19:04:27 dnsmasq[8118]: forwarded ldaps://ldap.kuleyang.cn to 127.0.0.1
May 20 19:04:28 dnsmasq[8118]: reply ldaps://ldap.kuleyang.cn is NODATA-IPv6
May 20 19:04:29 dnsmasq[8118]: query[A] ldaps://ldap.kuleyang.cn from 127.0.0.1
May 20 19:04:29 dnsmasq[8118]: forwarded ldaps://ldap.kuleyang.cn to 127.0.0.1
May 20 19:04:33 dnsmasq[8118]: query[A] ldaps://ldap.kuleyang.cn from 127.0.0.1
May 20 19:04:33 dnsmasq[8118]: forwarded ldaps://ldap.kuleyang.cn to 127.0.0.1
May 20 19:04:41 dnsmasq[8118]: query[A] ldaps://ldap.kuleyang.cn from 127.0.0.1
May 20 19:04:41 dnsmasq[8118]: forwarded ldaps://ldap.kuleyang.cn to 127.0.0.1
May 20 19:04:41 dnsmasq[8118]: reply ldaps://ldap.kuleyang.cn is NODATA-IPv4
May 20 19:05:22 dnsmasq[8118]: query[AAAA] img1.gtimg.com from 127.0.0.1
May 20 19:05:22 dnsmasq[8118]: forwarded img1.gtimg.com to 127.0.0.1
May 20 19:05:22 dnsmasq[8118]: query[A] img1.gtimg.com from 127.0.0.1
May 20 19:05:22 dnsmasq[8118]: forwarded img1.gtimg.com to 127.0.0.1
May 20 19:05:22 dnsmasq[8118]: reply img1.gtimg.com is <CNAME>
May 20 19:05:22 dnsmasq[8118]: reply img1.tc.qq.com is <CNAME>
May 20 19:05:22 dnsmasq[8118]: reply img1.tcdn.qq.com is <CNAME>
May 20 19:05:22 dnsmasq[8118]: reply x2ipv6.tcdn.qq.com is 240e:ff:f040:28::a
May 20 19:05:22 dnsmasq[8118]: reply x2ipv6.tcdn.qq.com is 240e:e1:8100:28::2:16
May 20 19:05:22 dnsmasq[8118]: reply img1.gtimg.com is <CNAME>
May 20 19:05:22 dnsmasq[8118]: reply img1.tc.qq.com is <CNAME>
May 20 19:05:22 dnsmasq[8118]: reply img1.tcdn.qq.com is <CNAME>
May 20 19:05:22 dnsmasq[8118]: reply x2ipv6.tcdn.qq.com is 125.94.49.15
May 20 19:05:22 dnsmasq[8118]: reply x2ipv6.tcdn.qq.com is 119.147.33.24
May 20 19:05:22 dnsmasq[8118]: reply x2ipv6.tcdn.qq.com is 125.94.49.13
May 20 19:05:22 dnsmasq[8118]: reply x2ipv6.tcdn.qq.com is 119.147.33.11
May 20 19:05:22 dnsmasq[8118]: reply x2ipv6.tcdn.qq.com is 119.147.33.25
May 20 19:05:22 dnsmasq[8118]: reply x2ipv6.tcdn.qq.com is 125.94.49.16
May 20 19:05:22 dnsmasq[8118]: reply x2ipv6.tcdn.qq.com is 119.147.227.15
May 20 19:05:22 dnsmasq[8118]: reply x2ipv6.tcdn.qq.com is 119.147.33.27
May 20 19:05:22 dnsmasq[8118]: reply x2ipv6.tcdn.qq.com is 183.56.150.152
May 20 19:05:22 dnsmasq[8118]: reply x2ipv6.tcdn.qq.com is 113.107.238.24
May 20 19:05:22 dnsmasq[8118]: reply x2ipv6.tcdn.qq.com is 113.107.238.25
May 20 19:05:22 dnsmasq[8118]: reply x2ipv6.tcdn.qq.com is 119.147.227.11
May 20 19:05:22 dnsmasq[8118]: reply x2ipv6.tcdn.qq.com is 119.147.33.39
May 20 19:05:22 dnsmasq[8118]: reply x2ipv6.tcdn.qq.com is 119.147.227.16
May 20 19:05:22 dnsmasq[8118]: reply x2ipv6.tcdn.qq.com is 113.105.73.144
May 20 19:05:22 dnsmasq[8118]: reply x2ipv6.tcdn.qq.com is 119.147.227.12
May 20 19:05:22 dnsmasq[8118]: query[A] x2ipv6.tcdn.qq.com from 127.0.0.1
May 20 19:05:22 dnsmasq[8118]: cached x2ipv6.tcdn.qq.com is 119.147.227.12
May 20 19:05:22 dnsmasq[8118]: cached x2ipv6.tcdn.qq.com is 113.105.73.144
May 20 19:05:22 dnsmasq[8118]: cached x2ipv6.tcdn.qq.com is 119.147.227.16
May 20 19:05:22 dnsmasq[8118]: cached x2ipv6.tcdn.qq.com is 119.147.33.39
May 20 19:05:22 dnsmasq[8118]: cached x2ipv6.tcdn.qq.com is 119.147.227.11
May 20 19:05:22 dnsmasq[8118]: cached x2ipv6.tcdn.qq.com is 113.107.238.25
May 20 19:05:22 dnsmasq[8118]: cached x2ipv6.tcdn.qq.com is 113.107.238.24
May 20 19:05:22 dnsmasq[8118]: cached x2ipv6.tcdn.qq.com is 183.56.150.152
May 20 19:05:22 dnsmasq[8118]: cached x2ipv6.tcdn.qq.com is 119.147.33.27
May 20 19:05:22 dnsmasq[8118]: cached x2ipv6.tcdn.qq.com is 119.147.227.15
May 20 19:05:22 dnsmasq[8118]: cached x2ipv6.tcdn.qq.com is 125.94.49.16
May 20 19:05:22 dnsmasq[8118]: cached x2ipv6.tcdn.qq.com is 119.147.33.25
May 20 19:05:22 dnsmasq[8118]: cached x2ipv6.tcdn.qq.com is 119.147.33.11
May 20 19:05:22 dnsmasq[8118]: cached x2ipv6.tcdn.qq.com is 125.94.49.13
May 20 19:05:22 dnsmasq[8118]: cached x2ipv6.tcdn.qq.com is 119.147.33.24
May 20 19:05:22 dnsmasq[8118]: cached x2ipv6.tcdn.qq.com is 125.94.49.15
May 20 19:05:41 dnsmasq[8118]: query[A] www.googleapis.com from 127.0.0.1
May 20 19:05:41 dnsmasq[8118]: cached www.googleapis.com is <CNAME>
May 20 19:05:41 dnsmasq[8118]: forwarded www.googleapis.com to 127.0.0.1
May 20 19:05:41 dnsmasq[8118]: reply www.googleapis.com is <CNAME>
May 20 19:05:41 dnsmasq[8118]: reply googleapis.l.google.com is 216.58.217.202
May 20 19:05:41 dnsmasq[8118]: reply googleapis.l.google.com is 172.217.4.170
May 20 19:05:41 dnsmasq[8118]: reply googleapis.l.google.com is 172.217.5.202
May 20 19:05:41 dnsmasq[8118]: reply googleapis.l.google.com is 172.217.4.138
May 20 19:05:41 dnsmasq[8118]: reply googleapis.l.google.com is 172.217.5.74
May 20 19:05:41 dnsmasq[8118]: reply googleapis.l.google.com is 172.217.11.170
May 20 19:05:41 dnsmasq[8118]: reply googleapis.l.google.com is 172.217.14.106
May 20 19:05:41 dnsmasq[8118]: reply googleapis.l.google.com is 172.217.11.74
May 20 19:05:41 dnsmasq[8118]: reply googleapis.l.google.com is 172.217.14.74
May 20 19:05:41 dnsmasq[8118]: reply googleapis.l.google.com is 216.58.216.10
May 20 19:05:41 dnsmasq[8118]: reply googleapis.l.google.com is 216.58.193.202
May 20 19:05:41 dnsmasq[8118]: reply googleapis.l.google.com is 216.58.219.10
May 20 19:05:57 dnsmasq[8118]: query[AAAA] mac.api.mgtv.com from 127.0.0.1
May 20 19:05:57 dnsmasq[8118]: forwarded mac.api.mgtv.com to 127.0.0.1
May 20 19:05:57 dnsmasq[8118]: query[A] mac.api.mgtv.com from 127.0.0.1
May 20 19:05:57 dnsmasq[8118]: forwarded mac.api.mgtv.com to 127.0.0.1
May 20 19:05:57 dnsmasq[8118]: reply mac.api.mgtv.com is 47.94.118.67
May 20 19:05:57 dnsmasq[8118]: reply mac.api.mgtv.com is NODATA-IPv6
May 20 19:05:57 dnsmasq[8118]: query[A] clients4.google.com from 127.0.0.1
May 20 19:05:57 dnsmasq[8118]: cached clients4.google.com is <CNAME>
May 20 19:05:57 dnsmasq[8118]: cached clients.l.google.com is 172.217.5.206
May 20 19:06:02 dnsmasq[8118]: query[A] clients4.google.com from 127.0.0.1
May 20 19:06:02 dnsmasq[8118]: cached clients4.google.com is <CNAME>
May 20 19:06:02 dnsmasq[8118]: cached clients.l.google.com is 172.217.5.206
May 20 19:08:00 dnsmasq[8118]: query[AAAA] btrace.qq.com from 127.0.0.1
May 20 19:08:00 dnsmasq[8118]: forwarded btrace.qq.com to 127.0.0.1
May 20 19:08:00 dnsmasq[8118]: query[A] btrace.qq.com from 127.0.0.1
May 20 19:08:00 dnsmasq[8118]: forwarded btrace.qq.com to 127.0.0.1
May 20 19:08:00 dnsmasq[8118]: reply btrace.qq.com is 183.3.226.21
May 20 19:08:00 dnsmasq[8118]: reply btrace.qq.com is 14.17.41.183
May 20 19:08:00 dnsmasq[8118]: reply btrace.qq.com is 14.17.32.251
May 20 19:08:00 dnsmasq[8118]: reply btrace.qq.com is 14.17.52.204
May 20 19:08:00 dnsmasq[8118]: reply btrace.qq.com is 183.36.108.190
May 20 19:08:00 dnsmasq[8118]: reply btrace.qq.com is 183.57.48.67
May 20 19:08:01 dnsmasq[8118]: reply btrace.qq.com is NODATA-IPv6
May 20 19:08:07 dnsmasq[8118]: query[A] www.google.com from 127.0.0.1
May 20 19:08:07 dnsmasq[8118]: forwarded www.google.com to 127.0.0.1
May 20 19:08:07 dnsmasq[8118]: ipset add gfwlist 172.217.4.132 www.google.com
May 20 19:08:07 dnsmasq[8118]: 1 addresses added
May 20 19:08:07 dnsmasq[8118]: reply www.google.com is 172.217.4.132
May 20 19:08:09 dnsmasq[8118]: query[A] googleads.g.doubleclick.net from 127.0.0.1
May 20 19:08:09 dnsmasq[8118]: forwarded googleads.g.doubleclick.net to 127.0.0.1
May 20 19:08:09 dnsmasq[8118]: reply googleads.g.doubleclick.net is <CNAME>
May 20 19:08:09 dnsmasq[8118]: reply pagead46.l.doubleclick.net is 203.208.48.90
May 20 19:08:09 dnsmasq[8118]: reply pagead46.l.doubleclick.net is 203.208.48.89
May 20 19:08:09 dnsmasq[8118]: reply pagead46.l.doubleclick.net is 203.208.48.77
May 20 19:08:10 dnsmasq[8118]: query[A] apis.google.com from 127.0.0.1
May 20 19:08:10 dnsmasq[8118]: forwarded apis.google.com to 127.0.0.1
May 20 19:08:10 dnsmasq[8118]: query[A] ssl.gstatic.com from 127.0.0.1
May 20 19:08:10 dnsmasq[8118]: forwarded ssl.gstatic.com to 127.0.0.1
May 20 19:08:10 dnsmasq[8118]: query[A] www.gstatic.com from 127.0.0.1
May 20 19:08:10 dnsmasq[8118]: forwarded www.gstatic.com to 127.0.0.1
May 20 19:08:10 dnsmasq[8118]: reply ssl.gstatic.com is 203.208.50.63
May 20 19:08:10 dnsmasq[8118]: reply ssl.gstatic.com is 203.208.50.56
May 20 19:08:10 dnsmasq[8118]: reply ssl.gstatic.com is 203.208.50.47
May 20 19:08:10 dnsmasq[8118]: reply ssl.gstatic.com is 203.208.50.55
May 20 19:08:10 dnsmasq[8118]: reply www.gstatic.com is 203.208.43.87
May 20 19:08:10 dnsmasq[8118]: reply www.gstatic.com is 203.208.43.79
May 20 19:08:10 dnsmasq[8118]: reply www.gstatic.com is 203.208.43.95
May 20 19:08:10 dnsmasq[8118]: reply www.gstatic.com is 203.208.43.88
May 20 19:08:10 dnsmasq[8118]: reply apis.google.com is <CNAME>
May 20 19:08:10 dnsmasq[8118]: ipset add gfwlist 172.217.5.206 plus.l.google.com
May 20 19:08:10 dnsmasq[8118]: 1 addresses added
May 20 19:08:10 dnsmasq[8118]: reply plus.l.google.com is 172.217.5.206
May 20 19:08:20 dnsmasq[8118]: query[A] mdevstat.qqlive.qq.com from 127.0.0.1
May 20 19:08:20 dnsmasq[8118]: forwarded mdevstat.qqlive.qq.com to 127.0.0.1
May 20 19:08:20 dnsmasq[8118]: query[AAAA] mdevstat.qqlive.qq.com from 127.0.0.1
May 20 19:08:20 dnsmasq[8118]: cached mdevstat.qqlive.qq.com is NODATA-IPv6
May 20 19:08:20 dnsmasq[8118]: reply mdevstat.qqlive.qq.com is 14.17.41.140
May 20 19:08:44 dnsmasq[8118]: query[A] www.google.com from 127.0.0.1
May 20 19:08:44 dnsmasq[8118]: cached www.google.com is 172.217.4.132
May 20 19:08:45 dnsmasq[8118]: query[A] s2.googleusercontent.com from 127.0.0.1
May 20 19:08:45 dnsmasq[8118]: forwarded s2.googleusercontent.com to 127.0.0.1
May 20 19:08:45 dnsmasq[8118]: reply s2.googleusercontent.com is <CNAME>
May 20 19:08:45 dnsmasq[8118]: reply googlehosted.l.googleusercontent.com is 172.217.5.193
May 20 19:08:47 dnsmasq[8118]: query[A] fonts.googleapis.com from 127.0.0.1
May 20 19:08:47 dnsmasq[8118]: forwarded fonts.googleapis.com to 127.0.0.1
May 20 19:08:47 dnsmasq[8118]: query[A] fonts.gstatic.com from 127.0.0.1
May 20 19:08:47 dnsmasq[8118]: forwarded fonts.gstatic.com to 127.0.0.1
May 20 19:08:47 dnsmasq[8118]: query[A] i.ytimg.com from 127.0.0.1
May 20 19:08:47 dnsmasq[8118]: forwarded i.ytimg.com to 127.0.0.1
May 20 19:08:47 dnsmasq[8118]: query[A] r5---sn-a5meknsy.googlevideo.com from 127.0.0.1
May 20 19:08:47 dnsmasq[8118]: forwarded r5---sn-a5meknsy.googlevideo.com to 127.0.0.1
May 20 19:08:47 dnsmasq[8118]: query[A] s.ytimg.com from 127.0.0.1
May 20 19:08:47 dnsmasq[8118]: forwarded s.ytimg.com to 127.0.0.1
May 20 19:08:47 dnsmasq[8118]: query[A] static.doubleclick.net from 127.0.0.1
May 20 19:08:47 dnsmasq[8118]: forwarded static.doubleclick.net to 127.0.0.1
May 20 19:08:47 dnsmasq[8118]: reply fonts.googleapis.com is <CNAME>
May 20 19:08:47 dnsmasq[8118]: reply googleadapis.l.google.com is 203.208.39.192
May 20 19:08:47 dnsmasq[8118]: reply googleadapis.l.google.com is 203.208.39.197
May 20 19:08:47 dnsmasq[8118]: reply googleadapis.l.google.com is 203.208.39.198
May 20 19:08:47 dnsmasq[8118]: reply googleadapis.l.google.com is 203.208.39.193
May 20 19:08:47 dnsmasq[8118]: reply googleadapis.l.google.com is 203.208.39.196
May 20 19:08:47 dnsmasq[8118]: reply googleadapis.l.google.com is 203.208.39.199
May 20 19:08:47 dnsmasq[8118]: reply googleadapis.l.google.com is 203.208.39.195
May 20 19:08:47 dnsmasq[8118]: reply googleadapis.l.google.com is 203.208.39.201
May 20 19:08:47 dnsmasq[8118]: reply googleadapis.l.google.com is 203.208.39.200
May 20 19:08:47 dnsmasq[8118]: reply googleadapis.l.google.com is 203.208.39.194
May 20 19:08:47 dnsmasq[8118]: reply googleadapis.l.google.com is 203.208.39.206
May 20 19:08:47 dnsmasq[8118]: reply fonts.gstatic.com is <CNAME>
May 20 19:08:47 dnsmasq[8118]: reply gstaticadssl.l.google.com is 203.208.43.88
May 20 19:08:47 dnsmasq[8118]: reply gstaticadssl.l.google.com is 203.208.43.95
May 20 19:08:47 dnsmasq[8118]: reply gstaticadssl.l.google.com is 203.208.43.79
May 20 19:08:47 dnsmasq[8118]: reply gstaticadssl.l.google.com is 203.208.43.87
May 20 19:08:47 dnsmasq[8118]: reply static.doubleclick.net is <CNAME>
May 20 19:08:47 dnsmasq[8118]: reply static-doubleclick-net.l.google.com is 203.208.39.220
May 20 19:08:47 dnsmasq[8118]: reply static-doubleclick-net.l.google.com is 203.208.39.219
May 20 19:08:47 dnsmasq[8118]: query[A] www.youtube.com from 127.0.0.1
May 20 19:08:47 dnsmasq[8118]: forwarded www.youtube.com to 127.0.0.1
May 20 19:08:47 dnsmasq[8118]: query[A] yt3.ggpht.com from 127.0.0.1
May 20 19:08:47 dnsmasq[8118]: forwarded yt3.ggpht.com to 127.0.0.1
May 20 19:08:48 dnsmasq[8118]: reply i.ytimg.com is <CNAME>
May 20 19:08:48 dnsmasq[8118]: reply ytimg-edge-static.l.google.com is 172.217.11.182
May 20 19:08:48 dnsmasq[8118]: reply ytimg-edge-static.l.google.com is 172.217.11.86
May 20 19:08:48 dnsmasq[8118]: reply ytimg-edge-static.l.google.com is 172.217.14.86
May 20 19:08:48 dnsmasq[8118]: reply ytimg-edge-static.l.google.com is 216.58.216.54
May 20 19:08:48 dnsmasq[8118]: reply ytimg-edge-static.l.google.com is 216.58.193.214
May 20 19:08:48 dnsmasq[8118]: reply ytimg-edge-static.l.google.com is 216.58.219.22
May 20 19:08:48 dnsmasq[8118]: reply ytimg-edge-static.l.google.com is 216.58.217.214
May 20 19:08:48 dnsmasq[8118]: reply ytimg-edge-static.l.google.com is 172.217.4.182
May 20 19:08:48 dnsmasq[8118]: reply ytimg-edge-static.l.google.com is 172.217.5.214
May 20 19:08:48 dnsmasq[8118]: reply ytimg-edge-static.l.google.com is 172.217.4.150
May 20 19:08:48 dnsmasq[8118]: reply ytimg-edge-static.l.google.com is 172.217.5.86
May 20 19:08:48 dnsmasq[8118]: reply r5---sn-a5meknsy.googlevideo.com is <CNAME>
May 20 19:08:48 dnsmasq[8118]: reply r5.sn-a5meknsy.googlevideo.com is 173.194.167.42
May 20 19:08:48 dnsmasq[8118]: reply s.ytimg.com is <CNAME>
May 20 19:08:48 dnsmasq[8118]: reply ytstatic.l.google.com is 172.217.5.206
May 20 19:08:48 dnsmasq[8118]: reply www.youtube.com is <CNAME>
May 20 19:08:48 dnsmasq[8118]: reply youtube-ui.l.google.com is 172.217.5.206
May 20 19:08:48 dnsmasq[8118]: reply youtube-ui.l.google.com is 172.217.5.78
May 20 19:08:48 dnsmasq[8118]: reply youtube-ui.l.google.com is 172.217.11.174
May 20 19:08:48 dnsmasq[8118]: reply youtube-ui.l.google.com is 172.217.14.110
May 20 19:08:48 dnsmasq[8118]: reply youtube-ui.l.google.com is 172.217.11.78
May 20 19:08:48 dnsmasq[8118]: reply youtube-ui.l.google.com is 172.217.14.78
May 20 19:08:48 dnsmasq[8118]: reply youtube-ui.l.google.com is 216.58.193.206
May 20 19:08:48 dnsmasq[8118]: reply youtube-ui.l.google.com is 216.58.219.14
May 20 19:08:48 dnsmasq[8118]: reply yt3.ggpht.com is <CNAME>
May 20 19:08:48 dnsmasq[8118]: reply photos-ugc.l.googleusercontent.com is 172.217.4.161
May 20 19:08:49 dnsmasq[8118]: query[A] accounts.google.com from 127.0.0.1
May 20 19:08:49 dnsmasq[8118]: forwarded accounts.google.com to 127.0.0.1
May 20 19:08:49 dnsmasq[8118]: ipset add gfwlist 172.217.5.205 accounts.google.com
May 20 19:08:49 dnsmasq[8118]: 1 addresses added
May 20 19:08:49 dnsmasq[8118]: reply accounts.google.com is 172.217.5.205
May 20 19:08:49 dnsmasq[8118]: query[A] pubads.g.doubleclick.net from 127.0.0.1
May 20 19:08:49 dnsmasq[8118]: forwarded pubads.g.doubleclick.net to 127.0.0.1
May 20 19:08:49 dnsmasq[8118]: reply pubads.g.doubleclick.net is <CNAME>
May 20 19:08:49 dnsmasq[8118]: reply partnerad.l.doubleclick.net is 203.208.50.109
May 20 19:08:49 dnsmasq[8118]: reply partnerad.l.doubleclick.net is 203.208.50.121
May 20 19:08:49 dnsmasq[8118]: reply partnerad.l.doubleclick.net is 203.208.50.122
May 20 19:08:50 dnsmasq[8118]: query[A] securepubads.g.doubleclick.net from 127.0.0.1
May 20 19:08:50 dnsmasq[8118]: forwarded securepubads.g.doubleclick.net to 127.0.0.1
May 20 19:08:50 dnsmasq[8118]: reply securepubads.g.doubleclick.net is <CNAME>
May 20 19:08:50 dnsmasq[8118]: reply partnerad.l.doubleclick.net is 203.208.48.90
May 20 19:08:50 dnsmasq[8118]: reply partnerad.l.doubleclick.net is 203.208.48.77
May 20 19:08:50 dnsmasq[8118]: reply partnerad.l.doubleclick.net is 203.208.48.89
May 20 19:08:54 dnsmasq[8118]: query[A] clients1.google.com from 127.0.0.1
May 20 19:08:54 dnsmasq[8118]: forwarded clients1.google.com to 127.0.0.1
May 20 19:08:55 dnsmasq[8118]: reply clients1.google.com is <CNAME>
May 20 19:08:55 dnsmasq[8118]: ipset add gfwlist 172.217.11.174 clients.l.google.com
May 20 19:08:55 dnsmasq[8118]: 1 addresses added
May 20 19:08:55 dnsmasq[8118]: reply clients.l.google.com is 172.217.11.174
May 20 19:08:58 dnsmasq[8118]: query[A] r5---sn-a5meknsd.googlevideo.com from 127.0.0.1
May 20 19:08:58 dnsmasq[8118]: forwarded r5---sn-a5meknsd.googlevideo.com to 127.0.0.1
May 20 19:08:59 dnsmasq[8118]: reply r5---sn-a5meknsd.googlevideo.com is <CNAME>
May 20 19:08:59 dnsmasq[8118]: reply r5.sn-a5meknsd.googlevideo.com is 173.194.166.42
May 20 19:08:59 dnsmasq[8118]: query[A] r5---sn-a5mlrn7l.googlevideo.com from 127.0.0.1
May 20 19:08:59 dnsmasq[8118]: forwarded r5---sn-a5mlrn7l.googlevideo.com to 127.0.0.1
May 20 19:08:59 dnsmasq[8118]: query[A] i1.ytimg.com from 127.0.0.1
May 20 19:08:59 dnsmasq[8118]: forwarded i1.ytimg.com to 127.0.0.1
May 20 19:08:59 dnsmasq[8118]: reply r5---sn-a5mlrn7l.googlevideo.com is <CNAME>
May 20 19:08:59 dnsmasq[8118]: reply r5.sn-a5mlrn7l.googlevideo.com is 74.125.170.11
May 20 19:08:59 dnsmasq[8118]: query[A] www.googleapis.com from 127.0.0.1
May 20 19:08:59 dnsmasq[8118]: cached www.googleapis.com is <CNAME>
May 20 19:08:59 dnsmasq[8118]: forwarded www.googleapis.com to 127.0.0.1
May 20 19:08:59 dnsmasq[8118]: reply i1.ytimg.com is <CNAME>
May 20 19:08:59 dnsmasq[8118]: reply ytimg.l.google.com is 172.217.5.78
May 20 19:08:59 dnsmasq[8118]: reply ytimg.l.google.com is 172.217.11.174
May 20 19:08:59 dnsmasq[8118]: reply ytimg.l.google.com is 172.217.14.110
May 20 19:08:59 dnsmasq[8118]: reply ytimg.l.google.com is 172.217.11.78
May 20 19:08:59 dnsmasq[8118]: reply ytimg.l.google.com is 216.58.216.14
May 20 19:08:59 dnsmasq[8118]: reply ytimg.l.google.com is 216.58.219.14
May 20 19:08:59 dnsmasq[8118]: reply ytimg.l.google.com is 216.58.219.46
May 20 19:08:59 dnsmasq[8118]: reply ytimg.l.google.com is 216.58.217.206
May 20 19:08:59 dnsmasq[8118]: reply ytimg.l.google.com is 172.217.4.142
May 20 19:09:00 dnsmasq[8118]: query[A] r5---sn-a5mekn7k.googlevideo.com from 127.0.0.1
May 20 19:09:00 dnsmasq[8118]: forwarded r5---sn-a5mekn7k.googlevideo.com to 127.0.0.1
May 20 19:09:00 dnsmasq[8118]: reply www.googleapis.com is <CNAME>
May 20 19:09:00 dnsmasq[8118]: reply googleapis.l.google.com is 172.217.5.74
May 20 19:09:00 dnsmasq[8118]: reply googleapis.l.google.com is 172.217.11.170
May 20 19:09:00 dnsmasq[8118]: reply googleapis.l.google.com is 216.58.193.202
May 20 19:09:00 dnsmasq[8118]: reply googleapis.l.google.com is 216.58.217.202
May 20 19:09:00 dnsmasq[8118]: reply googleapis.l.google.com is 172.217.4.170
May 20 19:09:00 dnsmasq[8118]: reply googleapis.l.google.com is 172.217.5.202
May 20 19:09:00 dnsmasq[8118]: reply r5---sn-a5mekn7k.googlevideo.com is <CNAME>
May 20 19:09:00 dnsmasq[8118]: reply r5.sn-a5mekn7k.googlevideo.com is 74.125.103.91
May 20 19:09:03 dnsmasq[8118]: query[A] r5---sn-a5mlrn7d.googlevideo.com from 127.0.0.1
May 20 19:09:03 dnsmasq[8118]: forwarded r5---sn-a5mlrn7d.googlevideo.com to 127.0.0.1
May 20 19:09:04 dnsmasq[8118]: reply r5---sn-a5mlrn7d.googlevideo.com is <CNAME>
May 20 19:09:04 dnsmasq[8118]: reply r5.sn-a5mlrn7d.googlevideo.com is 173.194.166.123
May 20 19:09:37 dnsmasq[8118]: query[A] r3---sn-a5mekney.googlevideo.com from 127.0.0.1
May 20 19:09:37 dnsmasq[8118]: forwarded r3---sn-a5mekney.googlevideo.com to 127.0.0.1
May 20 19:09:37 dnsmasq[8118]: query[A] r3---sn-a5msen7l.googlevideo.com from 127.0.0.1
May 20 19:09:37 dnsmasq[8118]: forwarded r3---sn-a5msen7l.googlevideo.com to 127.0.0.1
May 20 19:09:38 dnsmasq[8118]: reply r3---sn-a5mekney.googlevideo.com is <CNAME>
May 20 19:09:38 dnsmasq[8118]: reply r3.sn-a5mekney.googlevideo.com is 173.194.12.9
May 20 19:09:38 dnsmasq[8118]: reply r3---sn-a5msen7l.googlevideo.com is <CNAME>
May 20 19:09:38 dnsmasq[8118]: reply r3.sn-a5msen7l.googlevideo.com is 173.194.167.72
May 20 19:09:38 dnsmasq[8118]: query[A] r2---sn-a5msen7s.googlevideo.com from 127.0.0.1
May 20 19:09:38 dnsmasq[8118]: forwarded r2---sn-a5msen7s.googlevideo.com to 127.0.0.1
May 20 19:09:38 dnsmasq[8118]: query[A] pagead2.googlesyndication.com from 127.0.0.1
May 20 19:09:38 dnsmasq[8118]: forwarded pagead2.googlesyndication.com to 127.0.0.1
May 20 19:09:38 dnsmasq[8118]: reply r2---sn-a5msen7s.googlevideo.com is <CNAME>
May 20 19:09:38 dnsmasq[8118]: reply r2.sn-a5msen7s.googlevideo.com is 173.194.167.103
May 20 19:09:38 dnsmasq[8118]: reply pagead2.googlesyndication.com is <CNAME>
May 20 19:09:38 dnsmasq[8118]: reply pagead46.l.doubleclick.net is 203.208.39.250
May 20 19:09:38 dnsmasq[8118]: reply pagead46.l.doubleclick.net is 203.208.39.249
May 20 19:09:38 dnsmasq[8118]: reply pagead46.l.doubleclick.net is 203.208.39.237
May 20 19:09:40 dnsmasq[8118]: query[A] www.googletagservices.com from 127.0.0.1
May 20 19:09:40 dnsmasq[8118]: forwarded www.googletagservices.com to 127.0.0.1
May 20 19:09:40 dnsmasq[8118]: reply www.googletagservices.com is <CNAME>
May 20 19:09:40 dnsmasq[8118]: reply pagead46.l.doubleclick.net is 203.208.39.250
May 20 19:09:40 dnsmasq[8118]: reply pagead46.l.doubleclick.net is 203.208.39.237
May 20 19:09:40 dnsmasq[8118]: reply pagead46.l.doubleclick.net is 203.208.39.249
May 20 19:09:40 dnsmasq[8118]: query[A] googleads.g.doubleclick.net from 127.0.0.1
May 20 19:09:40 dnsmasq[8118]: forwarded googleads.g.doubleclick.net to 127.0.0.1
May 20 19:09:40 dnsmasq[8118]: reply googleads.g.doubleclick.net is <CNAME>
May 20 19:09:40 dnsmasq[8118]: reply pagead46.l.doubleclick.net is 203.208.48.90
May 20 19:09:40 dnsmasq[8118]: reply pagead46.l.doubleclick.net is 203.208.48.77
May 20 19:09:40 dnsmasq[8118]: reply pagead46.l.doubleclick.net is 203.208.48.89
May 20 19:09:41 dnsmasq[8118]: query[A] tpc.googlesyndication.com from 127.0.0.1
May 20 19:09:41 dnsmasq[8118]: forwarded tpc.googlesyndication.com to 127.0.0.1
May 20 19:09:41 dnsmasq[8118]: query[A] www.google-analytics.com from 127.0.0.1
May 20 19:09:41 dnsmasq[8118]: forwarded www.google-analytics.com to 127.0.0.1
May 20 19:09:41 dnsmasq[8118]: reply tpc.googlesyndication.com is <CNAME>
May 20 19:09:41 dnsmasq[8118]: reply pagead-googlehosted.l.google.com is 203.208.39.202
May 20 19:09:41 dnsmasq[8118]: reply pagead-googlehosted.l.google.com is 203.208.39.204
May 20 19:09:41 dnsmasq[8118]: reply pagead-googlehosted.l.google.com is 203.208.39.203
May 20 19:09:41 dnsmasq[8118]: reply www.google-analytics.com is <CNAME>
May 20 19:09:41 dnsmasq[8118]: reply www-google-analytics.l.google.com is 203.208.39.194
May 20 19:09:41 dnsmasq[8118]: reply www-google-analytics.l.google.com is 203.208.39.193
May 20 19:09:41 dnsmasq[8118]: reply www-google-analytics.l.google.com is 203.208.39.198
May 20 19:09:41 dnsmasq[8118]: reply www-google-analytics.l.google.com is 203.208.39.201
May 20 19:09:41 dnsmasq[8118]: reply www-google-analytics.l.google.com is 203.208.39.199
May 20 19:09:41 dnsmasq[8118]: reply www-google-analytics.l.google.com is 203.208.39.196
May 20 19:09:41 dnsmasq[8118]: reply www-google-analytics.l.google.com is 203.208.39.195
May 20 19:09:41 dnsmasq[8118]: reply www-google-analytics.l.google.com is 203.208.39.192
May 20 19:09:41 dnsmasq[8118]: reply www-google-analytics.l.google.com is 203.208.39.197
May 20 19:09:41 dnsmasq[8118]: reply www-google-analytics.l.google.com is 203.208.39.200
May 20 19:09:41 dnsmasq[8118]: reply www-google-analytics.l.google.com is 203.208.39.206
May 20 19:09:41 dnsmasq[8118]: query[A] p4-cfxnkpsbfdzrs-etyv7m3fb3wjwap4-if-v6exp3-v4.metric.gstatic.com from 127.0.0.1
May 20 19:09:41 dnsmasq[8118]: forwarded p4-cfxnkpsbfdzrs-etyv7m3fb3wjwap4-if-v6exp3-v4.metric.gstatic.com to 127.0.0.1
May 20 19:09:41 dnsmasq[8118]: query[A] ap-sonar.sociomantic.com from 127.0.0.1
May 20 19:09:41 dnsmasq[8118]: forwarded ap-sonar.sociomantic.com to 127.0.0.1
May 20 19:09:41 dnsmasq[8118]: query[A] cm.g.doubleclick.net from 127.0.0.1
May 20 19:09:41 dnsmasq[8118]: forwarded cm.g.doubleclick.net to 127.0.0.1
May 20 19:09:41 dnsmasq[8118]: query[A] match.prod.bidr.io from 127.0.0.1
May 20 19:09:41 dnsmasq[8118]: forwarded match.prod.bidr.io to 127.0.0.1
May 20 19:09:41 dnsmasq[8118]: query[A] p.rfihub.com from 127.0.0.1
May 20 19:09:41 dnsmasq[8118]: forwarded p.rfihub.com to 127.0.0.1
May 20 19:09:41 dnsmasq[8118]: query[A] px.adhigh.net from 127.0.0.1
May 20 19:09:41 dnsmasq[8118]: forwarded px.adhigh.net to 127.0.0.1
May 20 19:09:41 dnsmasq[8118]: reply cm.g.doubleclick.net is <CNAME>
May 20 19:09:41 dnsmasq[8118]: reply pagead.l.doubleclick.net is 203.208.50.45
May 20 19:09:41 dnsmasq[8118]: reply pagead.l.doubleclick.net is 203.208.50.58
May 20 19:09:41 dnsmasq[8118]: reply pagead.l.doubleclick.net is 203.208.50.57
May 20 19:09:41 dnsmasq[8118]: query[A] rp.gwallet.com from 127.0.0.1
May 20 19:09:41 dnsmasq[8118]: forwarded rp.gwallet.com to 127.0.0.1
May 20 19:09:42 dnsmasq[8118]: reply p4-cfxnkpsbfdzrs-etyv7m3fb3wjwap4-if-v6exp3-v4.metric.gstatic.com is 172.217.5.195
May 20 19:09:42 dnsmasq[8118]: query[A] pixel.rubiconproject.com from 127.0.0.1
May 20 19:09:42 dnsmasq[8118]: forwarded pixel.rubiconproject.com to 127.0.0.1
May 20 19:09:42 dnsmasq[8118]: reply ap-sonar.sociomantic.com is 107.6.114.194
May 20 19:09:42 dnsmasq[8118]: reply ap-sonar.sociomantic.com is 107.6.122.29
May 20 19:09:42 dnsmasq[8118]: reply ap-sonar.sociomantic.com is 107.6.114.195
May 20 19:09:42 dnsmasq[8118]: reply ap-sonar.sociomantic.com is 107.6.122.24
May 20 19:09:42 dnsmasq[8118]: query[A] ssp.adriver.ru from 127.0.0.1
May 20 19:09:42 dnsmasq[8118]: forwarded ssp.adriver.ru to 127.0.0.1
May 20 19:09:42 dnsmasq[8118]: reply match.prod.bidr.io is 54.69.184.64
May 20 19:09:42 dnsmasq[8118]: reply match.prod.bidr.io is 52.42.116.214
May 20 19:09:42 dnsmasq[8118]: reply match.prod.bidr.io is 35.164.34.173
May 20 19:09:42 dnsmasq[8118]: reply p.rfihub.com is <CNAME>
May 20 19:09:42 dnsmasq[8118]: reply a.rfihub.com is <CNAME>
May 20 19:09:42 dnsmasq[8118]: reply a.rfihub.com.akadns.net is <CNAME>
May 20 19:09:42 dnsmasq[8118]: reply a-us-east.rfihub.com.akadns.net is 198.8.70.129
May 20 19:09:42 dnsmasq[8118]: reply rp.gwallet.com is 72.5.64.63
May 20 19:09:42 dnsmasq[8118]: reply px.adhigh.net is <CNAME>
May 20 19:09:42 dnsmasq[8118]: reply px-us-ca.adhigh.net is 23.108.190.223
May 20 19:09:42 dnsmasq[8118]: reply px-us-ca.adhigh.net is 23.108.108.218
May 20 19:09:42 dnsmasq[8118]: reply px-us-ca.adhigh.net is 209.58.136.30
May 20 19:09:42 dnsmasq[8118]: reply px-us-ca.adhigh.net is 209.58.136.29
May 20 19:09:42 dnsmasq[8118]: reply px-us-ca.adhigh.net is 209.58.136.32
May 20 19:09:42 dnsmasq[8118]: reply px-us-ca.adhigh.net is 23.108.190.222
May 20 19:09:42 dnsmasq[8118]: reply pixel.rubiconproject.com is <CNAME>
May 20 19:09:42 dnsmasq[8118]: reply pixel.rubiconproject.net.akadns.net is 8.39.36.143
May 20 19:09:42 dnsmasq[8118]: reply pixel.rubiconproject.net.akadns.net is 8.39.36.142
May 20 19:09:42 dnsmasq[8118]: reply ssp.adriver.ru is 195.209.111.16
May 20 19:09:42 dnsmasq[8118]: reply ssp.adriver.ru is 195.209.111.17
May 20 19:09:43 dnsmasq[8118]: query[AAAA] ocsp.usertrust.com from 127.0.0.1
May 20 19:09:43 dnsmasq[8118]: forwarded ocsp.usertrust.com to 127.0.0.1
May 20 19:09:43 dnsmasq[8118]: query[A] ocsp.usertrust.com from 127.0.0.1
May 20 19:09:43 dnsmasq[8118]: forwarded ocsp.usertrust.com to 127.0.0.1
May 20 19:09:43 dnsmasq[8118]: reply ocsp.usertrust.com is 2a02:1788:2fd::b2ff:5301
May 20 19:09:43 dnsmasq[8118]: reply ocsp.usertrust.com is 178.255.83.1
May 20 19:09:45 dnsmasq[8118]: query[A] r5---sn-q4fl6n7s.googlevideo.com from 127.0.0.1
May 20 19:09:45 dnsmasq[8118]: forwarded r5---sn-q4fl6n7s.googlevideo.com to 127.0.0.1
May 20 19:09:46 dnsmasq[8118]: reply r5---sn-q4fl6n7s.googlevideo.com is <CNAME>
May 20 19:09:46 dnsmasq[8118]: reply r5.sn-q4fl6n7s.googlevideo.com is 74.125.3.59
May 20 19:09:49 dnsmasq[8118]: query[AAAA] gs-loc.apple.com from 127.0.0.1
May 20 19:09:49 dnsmasq[8118]: forwarded gs-loc.apple.com to 127.0.0.1
May 20 19:09:49 dnsmasq[8118]: query[A] gs-loc.apple.com from 127.0.0.1
May 20 19:09:49 dnsmasq[8118]: forwarded gs-loc.apple.com to 127.0.0.1
May 20 19:09:49 dnsmasq[8118]: reply gs-loc.apple.com is <CNAME>
May 20 19:09:49 dnsmasq[8118]: reply gs-loc-new.ls-apple.com.akadns.net is <CNAME>
May 20 19:09:49 dnsmasq[8118]: reply gs-loc-cn.ls-apple.com.akadns.net is <CNAME>
May 20 19:09:49 dnsmasq[8118]: reply bluedot.is.autonavi.com.gds.alibabadns.com is NODATA-IPv6
May 20 19:09:49 dnsmasq[8118]: reply gs-loc.apple.com is <CNAME>
May 20 19:09:49 dnsmasq[8118]: reply gs-loc-new.ls-apple.com.akadns.net is <CNAME>
May 20 19:09:49 dnsmasq[8118]: reply gs-loc-cn.ls-apple.com.akadns.net is <CNAME>
May 20 19:09:49 dnsmasq[8118]: reply bluedot.is.autonavi.com.gds.alibabadns.com is 106.11.169.1
May 20 19:09:49 dnsmasq[8118]: reply bluedot.is.autonavi.com.gds.alibabadns.com is 106.11.140.2
May 20 19:09:49 dnsmasq[8118]: query[AAAA] bluedot.is.autonavi.com.gds.alibabadns.com from 127.0.0.1
May 20 19:09:49 dnsmasq[8118]: cached bluedot.is.autonavi.com.gds.alibabadns.com is NODATA-IPv6
May 20 19:09:49 dnsmasq[8118]: query[A] bluedot.is.autonavi.com.gds.alibabadns.com from 127.0.0.1
May 20 19:09:49 dnsmasq[8118]: cached bluedot.is.autonavi.com.gds.alibabadns.com is 106.11.140.2
May 20 19:09:49 dnsmasq[8118]: cached bluedot.is.autonavi.com.gds.alibabadns.com is 106.11.169.1
May 20 19:09:51 dnsmasq[8118]: query[A] time-osx.g.aaplimg.com from 127.0.0.1
May 20 19:09:51 dnsmasq[8118]: forwarded time-osx.g.aaplimg.com to 127.0.0.1
May 20 19:09:51 dnsmasq[8118]: query[AAAA] time-osx.g.aaplimg.com from 127.0.0.1
May 20 19:09:51 dnsmasq[8118]: forwarded time-osx.g.aaplimg.com to 127.0.0.1
May 20 19:09:52 dnsmasq[8118]: reply time-osx.g.aaplimg.com is NODATA-IPv6
May 20 19:09:52 dnsmasq[8118]: reply time-osx.g.aaplimg.com is 17.253.26.125
May 20 19:09:52 dnsmasq[8118]: reply time-osx.g.aaplimg.com is 17.253.2.125
May 20 19:09:52 dnsmasq[8118]: reply time-osx.g.aaplimg.com is 17.253.4.125
May 20 19:09:52 dnsmasq[8118]: reply time-osx.g.aaplimg.com is 17.253.26.253
May 20 19:09:52 dnsmasq[8118]: reply time-osx.g.aaplimg.com is 17.253.4.253
May 20 19:10:16 dnsmasq[8118]: query[A] ldaps://ldap.kuleyang.cn from 127.0.0.1
May 20 19:10:16 dnsmasq[8118]: forwarded ldaps://ldap.kuleyang.cn to 127.0.0.1
May 20 19:10:16 dnsmasq[8118]: query[AAAA] ldaps://ldap.kuleyang.cn from 127.0.0.1
May 20 19:10:16 dnsmasq[8118]: forwarded ldaps://ldap.kuleyang.cn to 127.0.0.1
May 20 19:10:16 dnsmasq[8118]: reply ldaps://ldap.kuleyang.cn is NODATA-IPv4
May 20 19:10:17 dnsmasq[8118]: query[AAAA] ldaps://ldap.kuleyang.cn from 127.0.0.1
May 20 19:10:17 dnsmasq[8118]: forwarded ldaps://ldap.kuleyang.cn to 127.0.0.1
May 20 19:10:19 dnsmasq[8118]: query[AAAA] ldaps://ldap.kuleyang.cn from 127.0.0.1
May 20 19:10:19 dnsmasq[8118]: forwarded ldaps://ldap.kuleyang.cn to 127.0.0.1
May 20 19:10:23 dnsmasq[8118]: query[AAAA] ldaps://ldap.kuleyang.cn from 127.0.0.1
May 20 19:10:23 dnsmasq[8118]: forwarded ldaps://ldap.kuleyang.cn to 127.0.0.1
May 20 19:10:31 dnsmasq[8118]: query[AAAA] ldaps://ldap.kuleyang.cn from 127.0.0.1
May 20 19:10:31 dnsmasq[8118]: forwarded ldaps://ldap.kuleyang.cn to 127.0.0.1
May 20 19:10:32 dnsmasq[8118]: reply ldaps://ldap.kuleyang.cn is NODATA-IPv6
May 20 19:11:34 dnsmasq[8118]: query[AAAA] pcoma.qq.com from 127.0.0.1
May 20 19:11:34 dnsmasq[8118]: forwarded pcoma.qq.com to 127.0.0.1
May 20 19:11:34 dnsmasq[8118]: query[A] pcoma.qq.com from 127.0.0.1
May 20 19:11:34 dnsmasq[8118]: forwarded pcoma.qq.com to 127.0.0.1
May 20 19:11:34 dnsmasq[8118]: reply pcoma.qq.com is <CNAME>
May 20 19:11:34 dnsmasq[8118]: reply aoma.qq.com is 14.17.32.252
May 20 19:11:34 dnsmasq[8118]: reply aoma.qq.com is 14.18.245.213
May 20 19:11:34 dnsmasq[8118]: query[AAAA] aoma.qq.com from 127.0.0.1
May 20 19:11:34 dnsmasq[8118]: forwarded aoma.qq.com to 127.0.0.1
May 20 19:11:35 dnsmasq[8118]: reply pcoma.qq.com is NODATA-IPv6
May 20 19:11:35 dnsmasq[8118]: reply aoma.qq.com is NODATA-IPv6
May 20 19:13:00 dnsmasq[8118]: query[A] btrace.qq.com from 127.0.0.1
May 20 19:13:00 dnsmasq[8118]: forwarded btrace.qq.com to 127.0.0.1
May 20 19:13:00 dnsmasq[8118]: reply btrace.qq.com is 183.36.108.190
May 20 19:13:00 dnsmasq[8118]: reply btrace.qq.com is 14.17.52.204
May 20 19:13:00 dnsmasq[8118]: reply btrace.qq.com is 183.3.226.21
May 20 19:13:00 dnsmasq[8118]: reply btrace.qq.com is 183.57.48.67
May 20 19:13:00 dnsmasq[8118]: reply btrace.qq.com is 14.17.32.251
May 20 19:13:00 dnsmasq[8118]: reply btrace.qq.com is 14.17.41.183
May 20 19:13:07 dnsmasq[8118]: query[A] www.googleapis.com from 127.0.0.1
May 20 19:13:07 dnsmasq[8118]: forwarded www.googleapis.com to 127.0.0.1
May 20 19:13:08 dnsmasq[8118]: reply www.googleapis.com is <CNAME>
May 20 19:13:08 dnsmasq[8118]: reply googleapis.l.google.com is 172.217.4.170
May 20 19:13:08 dnsmasq[8118]: reply googleapis.l.google.com is 172.217.5.202
May 20 19:13:08 dnsmasq[8118]: reply googleapis.l.google.com is 172.217.4.138
May 20 19:13:08 dnsmasq[8118]: reply googleapis.l.google.com is 172.217.11.170
May 20 19:13:08 dnsmasq[8118]: reply googleapis.l.google.com is 172.217.14.106
May 20 19:13:08 dnsmasq[8118]: reply googleapis.l.google.com is 172.217.11.74
May 20 19:13:08 dnsmasq[8118]: reply googleapis.l.google.com is 172.217.14.74
May 20 19:13:08 dnsmasq[8118]: reply googleapis.l.google.com is 216.58.193.202
May 20 19:13:11 dnsmasq[8118]: query[A] note.kuleyang.cn from 127.0.0.1
May 20 19:13:11 dnsmasq[8118]: forwarded note.kuleyang.cn to 127.0.0.1
May 20 19:13:11 dnsmasq[8118]: query[AAAA] note.kuleyang.cn from 127.0.0.1
May 20 19:13:11 dnsmasq[8118]: forwarded note.kuleyang.cn to 127.0.0.1
May 20 19:13:11 dnsmasq[8118]: reply note.kuleyang.cn is 116.7.8.211
May 20 19:13:11 dnsmasq[8118]: reply note.kuleyang.cn is NODATA-IPv6
May 20 19:13:21 dnsmasq[8118]: query[A] ldaps://ldap.kuleyang.cn from 127.0.0.1
May 20 19:13:21 dnsmasq[8118]: forwarded ldaps://ldap.kuleyang.cn to 127.0.0.1
May 20 19:13:21 dnsmasq[8118]: query[AAAA] mdevstat.qqlive.qq.com from 127.0.0.1
May 20 19:13:21 dnsmasq[8118]: forwarded mdevstat.qqlive.qq.com to 127.0.0.1
May 20 19:13:22 dnsmasq[8118]: reply mdevstat.qqlive.qq.com is NODATA-IPv6
May 20 19:13:45 dnsmasq[8118]: query[A] note.kuleyang.cn from 127.0.0.1
May 20 19:13:45 dnsmasq[8118]: forwarded note.kuleyang.cn to 127.0.0.1
May 20 19:13:45 dnsmasq[8118]: reply note.kuleyang.cn is 116.7.8.211
May 20 19:14:35 dnsmasq[8118]: query[AAAA] pcoma.qq.com from 127.0.0.1
May 20 19:14:35 dnsmasq[8118]: cached pcoma.qq.com is NODATA-IPv6
May 20 19:14:35 dnsmasq[8118]: query[A] pcoma.qq.com from 127.0.0.1
May 20 19:14:35 dnsmasq[8118]: forwarded pcoma.qq.com to 127.0.0.1
May 20 19:14:35 dnsmasq[8118]: reply pcoma.qq.com is <CNAME>
May 20 19:14:35 dnsmasq[8118]: reply aoma.qq.com is 14.17.32.252
May 20 19:14:35 dnsmasq[8118]: reply aoma.qq.com is 14.18.245.213
May 20 19:15:17 dnsmasq[8118]: query[A] clients4.google.com from 127.0.0.1
May 20 19:15:17 dnsmasq[8118]: forwarded clients4.google.com to 127.0.0.1
May 20 19:15:17 dnsmasq[8118]: reply clients4.google.com is <CNAME>
May 20 19:15:17 dnsmasq[8118]: ipset add gfwlist 172.217.11.78 clients.l.google.com
May 20 19:15:17 dnsmasq[8118]: 1 addresses added
May 20 19:15:17 dnsmasq[8118]: reply clients.l.google.com is 172.217.11.78
May 20 19:16:02 dnsmasq[8118]: query[AAAA] img1.gtimg.com from 127.0.0.1
May 20 19:16:02 dnsmasq[8118]: forwarded img1.gtimg.com to 127.0.0.1
May 20 19:16:02 dnsmasq[8118]: query[A] img1.gtimg.com from 127.0.0.1
May 20 19:16:02 dnsmasq[8118]: forwarded img1.gtimg.com to 127.0.0.1
May 20 19:16:02 dnsmasq[8118]: reply img1.gtimg.com is <CNAME>
May 20 19:16:02 dnsmasq[8118]: reply img1.tc.qq.com is <CNAME>
May 20 19:16:02 dnsmasq[8118]: reply img1.tcdn.qq.com is <CNAME>
May 20 19:16:02 dnsmasq[8118]: reply x2ipv6.tcdn.qq.com is 240e:ff:f040:28::a
May 20 19:16:02 dnsmasq[8118]: reply x2ipv6.tcdn.qq.com is 240e:e1:8100:28::2:16
May 20 19:16:02 dnsmasq[8118]: reply img1.gtimg.com is <CNAME>
May 20 19:16:02 dnsmasq[8118]: reply img1.tc.qq.com is <CNAME>
May 20 19:16:02 dnsmasq[8118]: reply img1.tcdn.qq.com is <CNAME>
May 20 19:16:02 dnsmasq[8118]: reply x2ipv6.tcdn.qq.com is 113.107.238.25
May 20 19:16:02 dnsmasq[8118]: reply x2ipv6.tcdn.qq.com is 125.94.49.13
May 20 19:16:02 dnsmasq[8118]: reply x2ipv6.tcdn.qq.com is 119.147.227.16
May 20 19:16:02 dnsmasq[8118]: reply x2ipv6.tcdn.qq.com is 125.94.49.12
May 20 19:16:02 dnsmasq[8118]: reply x2ipv6.tcdn.qq.com is 113.105.73.144
May 20 19:16:02 dnsmasq[8118]: reply x2ipv6.tcdn.qq.com is 119.147.227.15
May 20 19:16:02 dnsmasq[8118]: reply x2ipv6.tcdn.qq.com is 125.94.49.15
May 20 19:16:02 dnsmasq[8118]: reply x2ipv6.tcdn.qq.com is 125.94.49.16
May 20 19:16:02 dnsmasq[8118]: reply x2ipv6.tcdn.qq.com is 119.147.33.23
May 20 19:16:02 dnsmasq[8118]: reply x2ipv6.tcdn.qq.com is 119.147.33.24
May 20 19:16:02 dnsmasq[8118]: reply x2ipv6.tcdn.qq.com is 113.107.238.24
May 20 19:16:02 dnsmasq[8118]: reply x2ipv6.tcdn.qq.com is 119.147.227.11
May 20 19:16:02 dnsmasq[8118]: reply x2ipv6.tcdn.qq.com is 119.147.33.39
May 20 19:16:02 dnsmasq[8118]: reply x2ipv6.tcdn.qq.com is 119.147.33.27
May 20 19:16:02 dnsmasq[8118]: reply x2ipv6.tcdn.qq.com is 119.147.33.11
May 20 19:16:02 dnsmasq[8118]: reply x2ipv6.tcdn.qq.com is 183.56.150.152
May 20 19:16:02 dnsmasq[8118]: query[A] x2ipv6.tcdn.qq.com from 127.0.0.1
May 20 19:16:02 dnsmasq[8118]: cached x2ipv6.tcdn.qq.com is 183.56.150.152
May 20 19:16:02 dnsmasq[8118]: cached x2ipv6.tcdn.qq.com is 119.147.33.11
May 20 19:16:02 dnsmasq[8118]: cached x2ipv6.tcdn.qq.com is 119.147.33.27
May 20 19:16:02 dnsmasq[8118]: cached x2ipv6.tcdn.qq.com is 119.147.33.39
May 20 19:16:02 dnsmasq[8118]: cached x2ipv6.tcdn.qq.com is 119.147.227.11
May 20 19:16:02 dnsmasq[8118]: cached x2ipv6.tcdn.qq.com is 113.107.238.24
May 20 19:16:02 dnsmasq[8118]: cached x2ipv6.tcdn.qq.com is 119.147.33.24
May 20 19:16:02 dnsmasq[8118]: cached x2ipv6.tcdn.qq.com is 119.147.33.23
May 20 19:16:02 dnsmasq[8118]: cached x2ipv6.tcdn.qq.com is 125.94.49.16
May 20 19:16:02 dnsmasq[8118]: cached x2ipv6.tcdn.qq.com is 125.94.49.15
May 20 19:16:02 dnsmasq[8118]: cached x2ipv6.tcdn.qq.com is 119.147.227.15
May 20 19:16:02 dnsmasq[8118]: cached x2ipv6.tcdn.qq.com is 113.105.73.144
May 20 19:16:02 dnsmasq[8118]: cached x2ipv6.tcdn.qq.com is 125.94.49.12
May 20 19:16:02 dnsmasq[8118]: cached x2ipv6.tcdn.qq.com is 119.147.227.16
May 20 19:16:02 dnsmasq[8118]: cached x2ipv6.tcdn.qq.com is 125.94.49.13
May 20 19:16:02 dnsmasq[8118]: cached x2ipv6.tcdn.qq.com is 113.107.238.25
May 20 19:16:26 dnsmasq[8118]: query[A] ldaps://ldap.kuleyang.cn from 127.0.0.1
May 20 19:16:26 dnsmasq[8118]: forwarded ldaps://ldap.kuleyang.cn to 127.0.0.1
May 20 19:16:26 dnsmasq[8118]: query[AAAA] ldaps://ldap.kuleyang.cn from 127.0.0.1
May 20 19:16:26 dnsmasq[8118]: forwarded ldaps://ldap.kuleyang.cn to 127.0.0.1
May 20 19:16:27 dnsmasq[8118]: query[A] ldaps://ldap.kuleyang.cn from 127.0.0.1
May 20 19:16:27 dnsmasq[8118]: forwarded ldaps://ldap.kuleyang.cn to 127.0.0.1
May 20 19:16:27 dnsmasq[8118]: query[AAAA] ldaps://ldap.kuleyang.cn from 127.0.0.1
May 20 19:16:27 dnsmasq[8118]: forwarded ldaps://ldap.kuleyang.cn to 127.0.0.1
May 20 19:16:27 dnsmasq[8118]: reply ldaps://ldap.kuleyang.cn is NODATA-IPv4
May 20 19:16:29 dnsmasq[8118]: query[AAAA] ldaps://ldap.kuleyang.cn from 127.0.0.1
May 20 19:16:29 dnsmasq[8118]: forwarded ldaps://ldap.kuleyang.cn to 127.0.0.1
May 20 19:16:33 dnsmasq[8118]: query[AAAA] ldaps://ldap.kuleyang.cn from 127.0.0.1
May 20 19:16:33 dnsmasq[8118]: forwarded ldaps://ldap.kuleyang.cn to 127.0.0.1
May 20 19:16:33 dnsmasq[8118]: reply ldaps://ldap.kuleyang.cn is NODATA-IPv6
May 20 19:18:00 dnsmasq[8118]: query[AAAA] btrace.qq.com from 127.0.0.1
May 20 19:18:00 dnsmasq[8118]: forwarded btrace.qq.com to 127.0.0.1
May 20 19:18:00 dnsmasq[8118]: query[A] btrace.qq.com from 127.0.0.1
May 20 19:18:00 dnsmasq[8118]: forwarded btrace.qq.com to 127.0.0.1
May 20 19:18:00 dnsmasq[8118]: reply btrace.qq.com is 183.3.226.21
May 20 19:18:00 dnsmasq[8118]: reply btrace.qq.com is 14.17.52.204
May 20 19:18:00 dnsmasq[8118]: reply btrace.qq.com is 14.17.41.183
May 20 19:18:00 dnsmasq[8118]: reply btrace.qq.com is 14.17.32.251
May 20 19:18:00 dnsmasq[8118]: reply btrace.qq.com is 183.57.48.67
May 20 19:18:00 dnsmasq[8118]: reply btrace.qq.com is 183.36.108.190
May 20 19:18:01 dnsmasq[8118]: reply btrace.qq.com is NODATA-IPv6
May 20 19:18:22 dnsmasq[8118]: query[A] mdevstat.qqlive.qq.com from 127.0.0.1
May 20 19:18:22 dnsmasq[8118]: forwarded mdevstat.qqlive.qq.com to 127.0.0.1
May 20 19:18:22 dnsmasq[8118]: reply mdevstat.qqlive.qq.com is 14.17.41.140
May 20 19:19:07 dnsmasq[8118]: query[A] p10-btmmdns.icloud.com.akadns.net from 127.0.0.1
May 20 19:19:07 dnsmasq[8118]: forwarded p10-btmmdns.icloud.com.akadns.net to 127.0.0.1
May 20 19:19:07 dnsmasq[8118]: reply p10-btmmdns.icloud.com.akadns.net is 17.151.224.13
May 20 19:19:41 dnsmasq[8118]: query[A] ldaps://ldap.kuleyang.cn from 127.0.0.1
May 20 19:19:41 dnsmasq[8118]: forwarded ldaps://ldap.kuleyang.cn to 127.0.0.1
May 20 19:19:41 dnsmasq[8118]: query[AAAA] ldaps://ldap.kuleyang.cn from 127.0.0.1
May 20 19:19:41 dnsmasq[8118]: forwarded ldaps://ldap.kuleyang.cn to 127.0.0.1
May 20 19:19:42 dnsmasq[8118]: reply ldaps://ldap.kuleyang.cn is NODATA-IPv6
May 20 19:19:42 dnsmasq[8118]: reply ldaps://ldap.kuleyang.cn is NODATA-IPv4
May 20 19:21:55 dnsmasq[8118]: query[AAAA] ssl.ptlogin2.qq.com from 127.0.0.1
May 20 19:21:55 dnsmasq[8118]: forwarded ssl.ptlogin2.qq.com to 127.0.0.1
May 20 19:21:55 dnsmasq[8118]: query[A] ssl.ptlogin2.qq.com from 127.0.0.1
May 20 19:21:55 dnsmasq[8118]: forwarded ssl.ptlogin2.qq.com to 127.0.0.1
May 20 19:21:55 dnsmasq[8118]: reply ssl.ptlogin2.qq.com is <CNAME>
May 20 19:21:55 dnsmasq[8118]: reply ssl.ptlogin2.tencent-cloud.com is NODATA-IPv6
May 20 19:21:55 dnsmasq[8118]: reply ssl.ptlogin2.qq.com is <CNAME>
May 20 19:21:55 dnsmasq[8118]: reply ssl.ptlogin2.tencent-cloud.com is 183.3.225.72
May 20 19:21:55 dnsmasq[8118]: query[AAAA] ssl.ptlogin2.tencent-cloud.com from 127.0.0.1
May 20 19:21:55 dnsmasq[8118]: cached ssl.ptlogin2.tencent-cloud.com is NODATA-IPv6
May 20 19:21:55 dnsmasq[8118]: query[A] ssl.ptlogin2.tencent-cloud.com from 127.0.0.1
May 20 19:21:55 dnsmasq[8118]: cached ssl.ptlogin2.tencent-cloud.com is 183.3.225.72
May 20 19:21:56 dnsmasq[8118]: query[AAAA] v.qq.com from 127.0.0.1
May 20 19:21:56 dnsmasq[8118]: forwarded v.qq.com to 127.0.0.1
May 20 19:21:56 dnsmasq[8118]: query[A] v.qq.com from 127.0.0.1
May 20 19:21:56 dnsmasq[8118]: forwarded v.qq.com to 127.0.0.1
May 20 19:21:56 dnsmasq[8118]: reply v.qq.com is <CNAME>
May 20 19:21:56 dnsmasq[8118]: reply v.tc.qq.com is <CNAME>
May 20 19:21:56 dnsmasq[8118]: reply v.tcdn.qq.com is <CNAME>
May 20 19:21:56 dnsmasq[8118]: reply p21.tcdn.qq.com is NODATA-IPv6
May 20 19:21:56 dnsmasq[8118]: query[AAAA] p21.tcdn.qq.com from 127.0.0.1
May 20 19:21:56 dnsmasq[8118]: cached p21.tcdn.qq.com is NODATA-IPv6
May 20 19:21:56 dnsmasq[8118]: query[A] p21.tcdn.qq.com from 127.0.0.1
May 20 19:21:56 dnsmasq[8118]: forwarded p21.tcdn.qq.com to 127.0.0.1
May 20 19:21:56 dnsmasq[8118]: reply v.qq.com is <CNAME>
May 20 19:21:56 dnsmasq[8118]: reply v.tc.qq.com is <CNAME>
May 20 19:21:56 dnsmasq[8118]: reply v.tcdn.qq.com is <CNAME>
May 20 19:21:56 dnsmasq[8118]: reply p21.tcdn.qq.com is 183.56.150.149
May 20 19:21:56 dnsmasq[8118]: reply p21.tcdn.qq.com is 113.105.73.146
May 20 19:21:56 dnsmasq[8118]: reply p21.tcdn.qq.com is 119.147.227.19
May 20 19:21:56 dnsmasq[8118]: reply p21.tcdn.qq.com is 125.94.49.22
May 20 19:21:56 dnsmasq[8118]: reply p21.tcdn.qq.com is 119.147.33.32
May 20 19:21:56 dnsmasq[8118]: reply p21.tcdn.qq.com is 119.147.33.29
May 20 19:21:56 dnsmasq[8118]: reply p21.tcdn.qq.com is 113.105.73.147
May 20 19:21:56 dnsmasq[8118]: reply p21.tcdn.qq.com is 119.147.227.18
May 20 19:21:56 dnsmasq[8118]: reply p21.tcdn.qq.com is 125.94.49.20
May 20 19:21:56 dnsmasq[8118]: reply p21.tcdn.qq.com is 125.94.49.18
May 20 19:21:56 dnsmasq[8118]: reply p21.tcdn.qq.com is 119.147.227.22
May 20 19:21:56 dnsmasq[8118]: reply p21.tcdn.qq.com is 119.147.227.17
May 20 19:21:56 dnsmasq[8118]: reply p21.tcdn.qq.com is 125.94.49.17
May 20 19:21:56 dnsmasq[8118]: reply p21.tcdn.qq.com is 125.94.49.19
May 20 19:21:56 dnsmasq[8118]: reply p21.tcdn.qq.com is 119.147.33.28
May 20 19:21:56 dnsmasq[8118]: reply p21.tcdn.qq.com is 119.147.227.21
May 20 19:21:56 dnsmasq[8118]: reply p21.tcdn.qq.com is 119.147.227.22
May 20 19:21:56 dnsmasq[8118]: reply p21.tcdn.qq.com is 119.147.227.19
May 20 19:21:56 dnsmasq[8118]: reply p21.tcdn.qq.com is 183.56.150.149
May 20 19:21:56 dnsmasq[8118]: reply p21.tcdn.qq.com is 119.147.227.17
May 20 19:21:56 dnsmasq[8118]: reply p21.tcdn.qq.com is 125.94.49.17
May 20 19:21:56 dnsmasq[8118]: reply p21.tcdn.qq.com is 113.105.73.146
May 20 19:21:56 dnsmasq[8118]: reply p21.tcdn.qq.com is 125.94.49.22
May 20 19:21:56 dnsmasq[8118]: reply p21.tcdn.qq.com is 125.94.49.20
May 20 19:21:56 dnsmasq[8118]: reply p21.tcdn.qq.com is 125.94.49.19
May 20 19:21:56 dnsmasq[8118]: reply p21.tcdn.qq.com is 119.147.227.18
May 20 19:21:56 dnsmasq[8118]: reply p21.tcdn.qq.com is 119.147.33.32
May 20 19:21:56 dnsmasq[8118]: reply p21.tcdn.qq.com is 119.147.227.21
May 20 19:21:56 dnsmasq[8118]: reply p21.tcdn.qq.com is 125.94.49.18
May 20 19:21:56 dnsmasq[8118]: reply p21.tcdn.qq.com is 119.147.33.29
May 20 19:21:56 dnsmasq[8118]: reply p21.tcdn.qq.com is 113.105.73.147
May 20 19:21:56 dnsmasq[8118]: reply p21.tcdn.qq.com is 119.147.33.28
May 20 19:21:57 dnsmasq[8118]: query[AAAA] pcoma.qq.com from 127.0.0.1
May 20 19:21:57 dnsmasq[8118]: forwarded pcoma.qq.com to 127.0.0.1
May 20 19:21:57 dnsmasq[8118]: query[A] pcoma.qq.com from 127.0.0.1
May 20 19:21:57 dnsmasq[8118]: forwarded pcoma.qq.com to 127.0.0.1
May 20 19:21:57 dnsmasq[8118]: reply pcoma.qq.com is <CNAME>
May 20 19:21:57 dnsmasq[8118]: reply aoma.qq.com is 14.18.245.213
May 20 19:21:57 dnsmasq[8118]: reply aoma.qq.com is 14.17.32.252
May 20 19:21:57 dnsmasq[8118]: query[AAAA] aoma.qq.com from 127.0.0.1
May 20 19:21:57 dnsmasq[8118]: forwarded aoma.qq.com to 127.0.0.1
May 20 19:21:57 dnsmasq[8118]: reply pcoma.qq.com is NODATA-IPv6
May 20 19:21:58 dnsmasq[8118]: reply aoma.qq.com is NODATA-IPv6
May 20 19:22:56 dnsmasq[8118]: query[A] ldaps://ldap.kuleyang.cn from 127.0.0.1
May 20 19:22:56 dnsmasq[8118]: forwarded ldaps://ldap.kuleyang.cn to 127.0.0.1
May 20 19:22:56 dnsmasq[8118]: query[AAAA] ldaps://ldap.kuleyang.cn from 127.0.0.1
May 20 19:22:56 dnsmasq[8118]: forwarded ldaps://ldap.kuleyang.cn to 127.0.0.1
May 20 19:22:57 dnsmasq[8118]: query[A] ldaps://ldap.kuleyang.cn from 127.0.0.1
May 20 19:22:57 dnsmasq[8118]: forwarded ldaps://ldap.kuleyang.cn to 127.0.0.1
May 20 19:22:57 dnsmasq[8118]: query[AAAA] ldaps://ldap.kuleyang.cn from 127.0.0.1
May 20 19:22:57 dnsmasq[8118]: forwarded ldaps://ldap.kuleyang.cn to 127.0.0.1
May 20 19:22:57 dnsmasq[8118]: reply ldaps://ldap.kuleyang.cn is NODATA-IPv6
May 20 19:22:59 dnsmasq[8118]: query[A] ldaps://ldap.kuleyang.cn from 127.0.0.1
May 20 19:22:59 dnsmasq[8118]: forwarded ldaps://ldap.kuleyang.cn to 127.0.0.1
May 20 19:23:00 dnsmasq[8118]: query[A] btrace.qq.com from 127.0.0.1
May 20 19:23:00 dnsmasq[8118]: forwarded btrace.qq.com to 127.0.0.1
May 20 19:23:00 dnsmasq[8118]: reply btrace.qq.com is 183.36.108.190
May 20 19:23:00 dnsmasq[8118]: reply btrace.qq.com is 14.17.32.251
May 20 19:23:00 dnsmasq[8118]: reply btrace.qq.com is 183.57.48.67
May 20 19:23:00 dnsmasq[8118]: reply btrace.qq.com is 14.17.41.183
May 20 19:23:00 dnsmasq[8118]: reply btrace.qq.com is 14.17.52.204
May 20 19:23:00 dnsmasq[8118]: reply btrace.qq.com is 183.3.226.21
May 20 19:23:03 dnsmasq[8118]: query[A] ldaps://ldap.kuleyang.cn from 127.0.0.1
May 20 19:23:03 dnsmasq[8118]: forwarded ldaps://ldap.kuleyang.cn to 127.0.0.1
May 20 19:23:04 dnsmasq[8118]: reply ldaps://ldap.kuleyang.cn is NODATA-IPv4
May 20 19:23:19 dnsmasq[8118]: query[AAAA] gs-loc-new.ls-apple.com.akadns.net from 127.0.0.1
May 20 19:23:19 dnsmasq[8118]: forwarded gs-loc-new.ls-apple.com.akadns.net to 127.0.0.1
May 20 19:23:19 dnsmasq[8118]: query[A] gs-loc-new.ls-apple.com.akadns.net from 127.0.0.1
May 20 19:23:19 dnsmasq[8118]: forwarded gs-loc-new.ls-apple.com.akadns.net to 127.0.0.1
May 20 19:23:19 dnsmasq[8118]: reply gs-loc-new.ls-apple.com.akadns.net is <CNAME>
May 20 19:23:19 dnsmasq[8118]: reply gs-loc-cn.ls-apple.com.akadns.net is <CNAME>
May 20 19:23:19 dnsmasq[8118]: reply bluedot.is.autonavi.com.gds.alibabadns.com is NODATA-IPv6
May 20 19:23:19 dnsmasq[8118]: query[AAAA] bluedot.is.autonavi.com.gds.alibabadns.com from 127.0.0.1
May 20 19:23:19 dnsmasq[8118]: cached bluedot.is.autonavi.com.gds.alibabadns.com is NODATA-IPv6
May 20 19:23:19 dnsmasq[8118]: reply gs-loc-new.ls-apple.com.akadns.net is <CNAME>
May 20 19:23:19 dnsmasq[8118]: reply gs-loc-cn.ls-apple.com.akadns.net is <CNAME>
May 20 19:23:19 dnsmasq[8118]: reply bluedot.is.autonavi.com.gds.alibabadns.com is 106.11.169.1
May 20 19:23:19 dnsmasq[8118]: reply bluedot.is.autonavi.com.gds.alibabadns.com is 106.11.140.2
May 20 19:23:19 dnsmasq[8118]: query[A] bluedot.is.autonavi.com.gds.alibabadns.com from 127.0.0.1
May 20 19:23:19 dnsmasq[8118]: cached bluedot.is.autonavi.com.gds.alibabadns.com is 106.11.140.2
May 20 19:23:19 dnsmasq[8118]: cached bluedot.is.autonavi.com.gds.alibabadns.com is 106.11.169.1
May 20 19:23:23 dnsmasq[8118]: query[PTR] lb._dns-sd._udp.0.1.168.192.in-addr.arpa from 127.0.0.1
May 20 19:23:23 dnsmasq[8118]: forwarded lb._dns-sd._udp.0.1.168.192.in-addr.arpa to 127.0.0.1
May 20 19:23:23 dnsmasq[8118]: query[PTR] db._dns-sd._udp.0.1.168.192.in-addr.arpa from 127.0.0.1
May 20 19:23:23 dnsmasq[8118]: forwarded db._dns-sd._udp.0.1.168.192.in-addr.arpa to 127.0.0.1
May 20 19:23:23 dnsmasq[8118]: query[A] mdevstat.qqlive.qq.com from 127.0.0.1
May 20 19:23:23 dnsmasq[8118]: forwarded mdevstat.qqlive.qq.com to 127.0.0.1
May 20 19:23:23 dnsmasq[8118]: reply mdevstat.qqlive.qq.com is 14.17.41.140
May 20 19:23:34 dnsmasq[8118]: query[PTR] b._dns-sd._udp.0.1.168.192.in-addr.arpa from 127.0.0.1
May 20 19:23:34 dnsmasq[8118]: forwarded b._dns-sd._udp.0.1.168.192.in-addr.arpa to 127.0.0.1
May 20 19:24:52 dnsmasq[8118]: query[A] time-osx.g.aaplimg.com from 127.0.0.1
May 20 19:24:52 dnsmasq[8118]: forwarded time-osx.g.aaplimg.com to 127.0.0.1
May 20 19:24:52 dnsmasq[8118]: query[AAAA] time-osx.g.aaplimg.com from 127.0.0.1
May 20 19:24:52 dnsmasq[8118]: forwarded time-osx.g.aaplimg.com to 127.0.0.1
May 20 19:24:53 dnsmasq[8118]: reply time-osx.g.aaplimg.com is 17.253.4.253
May 20 19:24:53 dnsmasq[8118]: reply time-osx.g.aaplimg.com is 17.253.26.125
May 20 19:24:53 dnsmasq[8118]: reply time-osx.g.aaplimg.com is 17.253.26.253
May 20 19:24:53 dnsmasq[8118]: reply time-osx.g.aaplimg.com is 17.253.2.125
May 20 19:24:53 dnsmasq[8118]: reply time-osx.g.aaplimg.com is 17.253.4.125
May 20 19:24:53 dnsmasq[8118]: reply time-osx.g.aaplimg.com is NODATA-IPv6
May 20 19:24:59 dnsmasq[8118]: query[AAAA] vv.video.qq.com from 127.0.0.1
May 20 19:24:59 dnsmasq[8118]: forwarded vv.video.qq.com to 127.0.0.1
May 20 19:24:59 dnsmasq[8118]: query[A] vv.video.qq.com from 127.0.0.1
May 20 19:24:59 dnsmasq[8118]: forwarded vv.video.qq.com to 127.0.0.1
May 20 19:24:59 dnsmasq[8118]: reply vv.video.qq.com is 14.18.245.179
May 20 19:25:00 dnsmasq[8118]: reply vv.video.qq.com is NODATA-IPv6
May 20 19:26:21 dnsmasq[8118]: query[A] ldaps://ldap.kuleyang.cn from 127.0.0.1
May 20 19:26:21 dnsmasq[8118]: forwarded ldaps://ldap.kuleyang.cn to 127.0.0.1
May 20 19:26:21 dnsmasq[8118]: query[AAAA] ldaps://ldap.kuleyang.cn from 127.0.0.1
May 20 19:26:21 dnsmasq[8118]: forwarded ldaps://ldap.kuleyang.cn to 127.0.0.1
May 20 19:26:21 dnsmasq[8118]: reply ldaps://ldap.kuleyang.cn is NODATA-IPv4
May 20 19:26:45 dnsmasq[8118]: query[AAAA] img1.gtimg.com from 127.0.0.1
May 20 19:26:45 dnsmasq[8118]: forwarded img1.gtimg.com to 127.0.0.1
May 20 19:26:45 dnsmasq[8118]: query[A] img1.gtimg.com from 127.0.0.1
May 20 19:26:45 dnsmasq[8118]: forwarded img1.gtimg.com to 127.0.0.1
May 20 19:26:45 dnsmasq[8118]: reply img1.gtimg.com is <CNAME>
May 20 19:26:45 dnsmasq[8118]: reply img1.tc.qq.com is <CNAME>
May 20 19:26:45 dnsmasq[8118]: reply img1.tcdn.qq.com is <CNAME>
May 20 19:26:45 dnsmasq[8118]: reply x2ipv6.tcdn.qq.com is 240e:e1:8100:28::2:16
May 20 19:26:45 dnsmasq[8118]: reply x2ipv6.tcdn.qq.com is 240e:ff:f040:28::a
May 20 19:26:45 dnsmasq[8118]: reply img1.gtimg.com is <CNAME>
May 20 19:26:45 dnsmasq[8118]: reply img1.tc.qq.com is <CNAME>
May 20 19:26:45 dnsmasq[8118]: reply img1.tcdn.qq.com is <CNAME>
May 20 19:26:45 dnsmasq[8118]: reply x2ipv6.tcdn.qq.com is 119.147.33.23
May 20 19:26:45 dnsmasq[8118]: reply x2ipv6.tcdn.qq.com is 125.94.49.12
May 20 19:26:45 dnsmasq[8118]: reply x2ipv6.tcdn.qq.com is 119.147.227.13
May 20 19:26:45 dnsmasq[8118]: reply x2ipv6.tcdn.qq.com is 125.94.49.16
May 20 19:26:45 dnsmasq[8118]: reply x2ipv6.tcdn.qq.com is 119.147.33.27
May 20 19:26:45 dnsmasq[8118]: reply x2ipv6.tcdn.qq.com is 119.147.33.38
May 20 19:26:45 dnsmasq[8118]: reply x2ipv6.tcdn.qq.com is 119.147.33.11
May 20 19:26:45 dnsmasq[8118]: reply x2ipv6.tcdn.qq.com is 113.105.73.144
May 20 19:26:45 dnsmasq[8118]: reply x2ipv6.tcdn.qq.com is 125.94.49.13
May 20 19:26:45 dnsmasq[8118]: reply x2ipv6.tcdn.qq.com is 119.147.33.25
May 20 19:26:45 dnsmasq[8118]: reply x2ipv6.tcdn.qq.com is 183.56.150.152
May 20 19:26:45 dnsmasq[8118]: reply x2ipv6.tcdn.qq.com is 125.94.49.14
May 20 19:26:45 dnsmasq[8118]: reply x2ipv6.tcdn.qq.com is 125.94.49.15
May 20 19:26:45 dnsmasq[8118]: reply x2ipv6.tcdn.qq.com is 119.147.33.39
May 20 19:26:45 dnsmasq[8118]: reply x2ipv6.tcdn.qq.com is 119.147.227.12
May 20 19:26:45 dnsmasq[8118]: reply x2ipv6.tcdn.qq.com is 113.107.238.23
May 20 19:26:45 dnsmasq[8118]: query[A] x2ipv6.tcdn.qq.com from 127.0.0.1
May 20 19:26:45 dnsmasq[8118]: cached x2ipv6.tcdn.qq.com is 113.107.238.23
May 20 19:26:45 dnsmasq[8118]: cached x2ipv6.tcdn.qq.com is 119.147.227.12
May 20 19:26:45 dnsmasq[8118]: cached x2ipv6.tcdn.qq.com is 119.147.33.39
May 20 19:26:45 dnsmasq[8118]: cached x2ipv6.tcdn.qq.com is 125.94.49.15
May 20 19:26:45 dnsmasq[8118]: cached x2ipv6.tcdn.qq.com is 125.94.49.14
May 20 19:26:45 dnsmasq[8118]: cached x2ipv6.tcdn.qq.com is 183.56.150.152
May 20 19:26:45 dnsmasq[8118]: cached x2ipv6.tcdn.qq.com is 119.147.33.25
May 20 19:26:45 dnsmasq[8118]: cached x2ipv6.tcdn.qq.com is 125.94.49.13
May 20 19:26:45 dnsmasq[8118]: cached x2ipv6.tcdn.qq.com is 113.105.73.144
May 20 19:26:45 dnsmasq[8118]: cached x2ipv6.tcdn.qq.com is 119.147.33.11
May 20 19:26:45 dnsmasq[8118]: cached x2ipv6.tcdn.qq.com is 119.147.33.38
May 20 19:26:45 dnsmasq[8118]: cached x2ipv6.tcdn.qq.com is 119.147.33.27
May 20 19:26:45 dnsmasq[8118]: cached x2ipv6.tcdn.qq.com is 125.94.49.16
May 20 19:26:45 dnsmasq[8118]: cached x2ipv6.tcdn.qq.com is 119.147.227.13
May 20 19:26:45 dnsmasq[8118]: cached x2ipv6.tcdn.qq.com is 125.94.49.12
May 20 19:26:45 dnsmasq[8118]: cached x2ipv6.tcdn.qq.com is 119.147.33.23
May 20 19:26:59 dnsmasq[8118]: query[A] home.kuleyang.cn from 127.0.0.1
May 20 19:26:59 dnsmasq[8118]: forwarded home.kuleyang.cn to 127.0.0.1
May 20 19:26:59 dnsmasq[8118]: query[AAAA] home.kuleyang.cn from 127.0.0.1
May 20 19:26:59 dnsmasq[8118]: forwarded home.kuleyang.cn to 127.0.0.1
May 20 19:26:59 dnsmasq[8118]: reply home.kuleyang.cn is 116.7.8.211
May 20 19:27:00 dnsmasq[8118]: reply home.kuleyang.cn is NODATA-IPv6
May 20 19:28:00 dnsmasq[8118]: query[AAAA] btrace.qq.com from 127.0.0.1
May 20 19:28:00 dnsmasq[8118]: forwarded btrace.qq.com to 127.0.0.1
May 20 19:28:00 dnsmasq[8118]: query[A] btrace.qq.com from 127.0.0.1
May 20 19:28:00 dnsmasq[8118]: forwarded btrace.qq.com to 127.0.0.1
May 20 19:28:00 dnsmasq[8118]: reply btrace.qq.com is 183.3.226.21
May 20 19:28:00 dnsmasq[8118]: reply btrace.qq.com is 183.36.108.190
May 20 19:28:00 dnsmasq[8118]: reply btrace.qq.com is 14.17.32.251
May 20 19:28:00 dnsmasq[8118]: reply btrace.qq.com is 14.17.41.183
May 20 19:28:00 dnsmasq[8118]: reply btrace.qq.com is 183.57.48.67
May 20 19:28:00 dnsmasq[8118]: reply btrace.qq.com is 14.17.52.204
May 20 19:28:01 dnsmasq[8118]: reply btrace.qq.com is NODATA-IPv6
May 20 19:28:24 dnsmasq[8118]: query[A] mdevstat.qqlive.qq.com from 127.0.0.1
May 20 19:28:24 dnsmasq[8118]: forwarded mdevstat.qqlive.qq.com to 127.0.0.1
May 20 19:28:24 dnsmasq[8118]: reply mdevstat.qqlive.qq.com is 14.17.41.140
May 20 19:29:18 dnsmasq[8118]: query[AAAA] valid.origin-apple.com.akadns.net from 127.0.0.1
May 20 19:29:18 dnsmasq[8118]: forwarded valid.origin-apple.com.akadns.net to 127.0.0.1
May 20 19:29:18 dnsmasq[8118]: query[A] valid.origin-apple.com.akadns.net from 127.0.0.1
May 20 19:29:18 dnsmasq[8118]: forwarded valid.origin-apple.com.akadns.net to 127.0.0.1
May 20 19:29:18 dnsmasq[8118]: reply valid.origin-apple.com.akadns.net is <CNAME>
May 20 19:29:18 dnsmasq[8118]: reply valid-apple.g.aaplimg.com is NODATA-IPv6
May 20 19:29:18 dnsmasq[8118]: query[AAAA] valid-apple.g.aaplimg.com from 127.0.0.1
May 20 19:29:18 dnsmasq[8118]: cached valid-apple.g.aaplimg.com is NODATA-IPv6
May 20 19:29:18 dnsmasq[8118]: query[A] valid-apple.g.aaplimg.com from 127.0.0.1
May 20 19:29:18 dnsmasq[8118]: forwarded valid-apple.g.aaplimg.com to 127.0.0.1
May 20 19:29:18 dnsmasq[8118]: reply valid.origin-apple.com.akadns.net is <CNAME>
May 20 19:29:18 dnsmasq[8118]: reply valid-apple.g.aaplimg.com is 17.253.27.203
May 20 19:29:18 dnsmasq[8118]: reply valid-apple.g.aaplimg.com is 17.253.27.204
May 20 19:29:18 dnsmasq[8118]: reply valid-apple.g.aaplimg.com is 17.253.27.203
May 20 19:29:18 dnsmasq[8118]: reply valid-apple.g.aaplimg.com is 17.253.27.201
May 20 19:29:46 dnsmasq[8118]: query[A] ldaps://ldap.kuleyang.cn from 127.0.0.1
May 20 19:29:46 dnsmasq[8118]: forwarded ldaps://ldap.kuleyang.cn to 127.0.0.1
May 20 19:29:46 dnsmasq[8118]: query[AAAA] ldaps://ldap.kuleyang.cn from 127.0.0.1
May 20 19:29:46 dnsmasq[8118]: forwarded ldaps://ldap.kuleyang.cn to 127.0.0.1
May 20 19:29:46 dnsmasq[8118]: reply ldaps://ldap.kuleyang.cn is NODATA-IPv4
May 20 19:29:47 dnsmasq[8118]: query[AAAA] ldaps://ldap.kuleyang.cn from 127.0.0.1
May 20 19:29:47 dnsmasq[8118]: forwarded ldaps://ldap.kuleyang.cn to 127.0.0.1
May 20 19:29:47 dnsmasq[8118]: reply ldaps://ldap.kuleyang.cn is NODATA-IPv6
May 20 19:30:00 dnsmasq[8118]: query[A] btrace.qq.com from 127.0.0.1
May 20 19:30:00 dnsmasq[8118]: forwarded btrace.qq.com to 127.0.0.1
May 20 19:30:00 dnsmasq[8118]: query[AAAA] pcoma.qq.com from 127.0.0.1
May 20 19:30:00 dnsmasq[8118]: forwarded pcoma.qq.com to 127.0.0.1
May 20 19:30:00 dnsmasq[8118]: query[A] pcoma.qq.com from 127.0.0.1
May 20 19:30:00 dnsmasq[8118]: forwarded pcoma.qq.com to 127.0.0.1
May 20 19:30:00 dnsmasq[8118]: query[AAAA] mark.l.qq.com from 127.0.0.1
May 20 19:30:00 dnsmasq[8118]: forwarded mark.l.qq.com to 127.0.0.1
May 20 19:30:00 dnsmasq[8118]: reply btrace.qq.com is 183.57.48.67
May 20 19:30:00 dnsmasq[8118]: reply btrace.qq.com is 14.17.52.204
May 20 19:30:00 dnsmasq[8118]: reply btrace.qq.com is 14.17.32.251
May 20 19:30:00 dnsmasq[8118]: reply btrace.qq.com is 14.17.41.183
May 20 19:30:00 dnsmasq[8118]: reply btrace.qq.com is 183.36.108.190
May 20 19:30:00 dnsmasq[8118]: reply btrace.qq.com is 183.3.226.21
May 20 19:30:00 dnsmasq[8118]: query[A] mark.l.qq.com from 127.0.0.1
May 20 19:30:00 dnsmasq[8118]: forwarded mark.l.qq.com to 127.0.0.1
May 20 19:30:00 dnsmasq[8118]: reply pcoma.qq.com is <CNAME>
May 20 19:30:00 dnsmasq[8118]: reply aoma.qq.com is 14.17.32.252
May 20 19:30:00 dnsmasq[8118]: reply aoma.qq.com is 14.18.245.213
May 20 19:30:00 dnsmasq[8118]: reply mark.l.qq.com is 183.3.235.86
May 20 19:30:00 dnsmasq[8118]: query[AAAA] aoma.qq.com from 127.0.0.1
May 20 19:30:00 dnsmasq[8118]: forwarded aoma.qq.com to 127.0.0.1
May 20 19:30:00 dnsmasq[8118]: query[A] vv.video.qq.com from 127.0.0.1
May 20 19:30:00 dnsmasq[8118]: forwarded vv.video.qq.com to 127.0.0.1
May 20 19:30:00 dnsmasq[8118]: reply vv.video.qq.com is 14.18.245.179
May 20 19:30:00 dnsmasq[8118]: query[AAAA] puui.qpic.cn from 127.0.0.1
May 20 19:30:00 dnsmasq[8118]: forwarded puui.qpic.cn to 127.0.0.1
May 20 19:30:00 dnsmasq[8118]: query[A] puui.qpic.cn from 127.0.0.1
May 20 19:30:00 dnsmasq[8118]: forwarded puui.qpic.cn to 127.0.0.1
May 20 19:30:00 dnsmasq[8118]: reply puui.qpic.cn is <CNAME>
May 20 19:30:00 dnsmasq[8118]: reply puui.qpic.cn.tc.qq.com is <CNAME>
May 20 19:30:00 dnsmasq[8118]: reply puui.qpic.cn.tcdn.qq.com is <CNAME>
May 20 19:30:00 dnsmasq[8118]: reply p1.tc.qq.com is <CNAME>
May 20 19:30:00 dnsmasq[8118]: reply p1.tcdn.qq.com is NODATA-IPv6
May 20 19:30:00 dnsmasq[8118]: reply puui.qpic.cn is <CNAME>
May 20 19:30:00 dnsmasq[8118]: reply puui.qpic.cn.tc.qq.com is <CNAME>
May 20 19:30:00 dnsmasq[8118]: reply puui.qpic.cn.tcdn.qq.com is <CNAME>
May 20 19:30:00 dnsmasq[8118]: reply p1.tc.qq.com is <CNAME>
May 20 19:30:00 dnsmasq[8118]: reply p1.tcdn.qq.com is 119.147.227.38
May 20 19:30:00 dnsmasq[8118]: reply p1.tcdn.qq.com is 119.147.227.40
May 20 19:30:00 dnsmasq[8118]: reply p1.tcdn.qq.com is 125.94.49.40
May 20 19:30:00 dnsmasq[8118]: reply p1.tcdn.qq.com is 119.147.227.43
May 20 19:30:00 dnsmasq[8118]: reply p1.tcdn.qq.com is 183.56.150.145
May 20 19:30:00 dnsmasq[8118]: reply p1.tcdn.qq.com is 183.56.150.171
May 20 19:30:00 dnsmasq[8118]: reply p1.tcdn.qq.com is 113.107.238.19
May 20 19:30:00 dnsmasq[8118]: reply p1.tcdn.qq.com is 125.94.49.37
May 20 19:30:00 dnsmasq[8118]: reply p1.tcdn.qq.com is 125.94.49.38
May 20 19:30:00 dnsmasq[8118]: reply p1.tcdn.qq.com is 125.94.49.42
May 20 19:30:00 dnsmasq[8118]: reply p1.tcdn.qq.com is 183.60.137.147
May 20 19:30:00 dnsmasq[8118]: reply p1.tcdn.qq.com is 119.147.33.44
May 20 19:30:00 dnsmasq[8118]: reply p1.tcdn.qq.com is 125.94.49.41
May 20 19:30:00 dnsmasq[8118]: reply p1.tcdn.qq.com is 119.147.33.34
May 20 19:30:00 dnsmasq[8118]: reply p1.tcdn.qq.com is 119.147.227.37
May 20 19:30:00 dnsmasq[8118]: reply p1.tcdn.qq.com is 119.147.227.44
May 20 19:30:00 dnsmasq[8118]: query[AAAA] p1.tcdn.qq.com from 127.0.0.1
May 20 19:30:00 dnsmasq[8118]: cached p1.tcdn.qq.com is NODATA-IPv6
May 20 19:30:00 dnsmasq[8118]: query[A] p1.tcdn.qq.com from 127.0.0.1
May 20 19:30:00 dnsmasq[8118]: cached p1.tcdn.qq.com is 119.147.227.44
May 20 19:30:00 dnsmasq[8118]: cached p1.tcdn.qq.com is 119.147.227.37
May 20 19:30:00 dnsmasq[8118]: cached p1.tcdn.qq.com is 119.147.33.34
May 20 19:30:00 dnsmasq[8118]: cached p1.tcdn.qq.com is 125.94.49.41
May 20 19:30:00 dnsmasq[8118]: cached p1.tcdn.qq.com is 119.147.33.44
May 20 19:30:00 dnsmasq[8118]: cached p1.tcdn.qq.com is 183.60.137.147
May 20 19:30:00 dnsmasq[8118]: cached p1.tcdn.qq.com is 125.94.49.42
May 20 19:30:00 dnsmasq[8118]: cached p1.tcdn.qq.com is 125.94.49.38
May 20 19:30:00 dnsmasq[8118]: cached p1.tcdn.qq.com is 125.94.49.37
May 20 19:30:00 dnsmasq[8118]: cached p1.tcdn.qq.com is 113.107.238.19
May 20 19:30:00 dnsmasq[8118]: cached p1.tcdn.qq.com is 183.56.150.171
May 20 19:30:00 dnsmasq[8118]: cached p1.tcdn.qq.com is 183.56.150.145
May 20 19:30:00 dnsmasq[8118]: cached p1.tcdn.qq.com is 119.147.227.43
May 20 19:30:00 dnsmasq[8118]: cached p1.tcdn.qq.com is 125.94.49.40
May 20 19:30:00 dnsmasq[8118]: cached p1.tcdn.qq.com is 119.147.227.40
May 20 19:30:00 dnsmasq[8118]: cached p1.tcdn.qq.com is 119.147.227.38
May 20 19:30:00 dnsmasq[8118]: reply mark.l.qq.com is NODATA-IPv6
May 20 19:30:00 dnsmasq[8118]: reply pcoma.qq.com is NODATA-IPv6
May 20 19:30:00 dnsmasq[8118]: reply aoma.qq.com is NODATA-IPv6
May 20 19:30:01 dnsmasq[8118]: query[AAAA] tj.video.qq.com from 127.0.0.1
May 20 19:30:01 dnsmasq[8118]: forwarded tj.video.qq.com to 127.0.0.1
May 20 19:30:01 dnsmasq[8118]: query[A] tj.video.qq.com from 127.0.0.1
May 20 19:30:01 dnsmasq[8118]: forwarded tj.video.qq.com to 127.0.0.1
May 20 19:30:01 dnsmasq[8118]: reply tj.video.qq.com is 14.215.138.23
May 20 19:30:01 dnsmasq[8118]: reply tj.video.qq.com is NODATA-IPv6
May 20 19:32:15 dnsmasq[8118]: query[A] p10-btmmdns.icloud.com.akadns.net from 127.0.0.1
May 20 19:32:15 dnsmasq[8118]: forwarded p10-btmmdns.icloud.com.akadns.net to 127.0.0.1
May 20 19:32:15 dnsmasq[8118]: reply p10-btmmdns.icloud.com.akadns.net is 17.151.224.13
May 20 19:33:00 dnsmasq[8118]: query[A] clients4.google.com from 127.0.0.1
May 20 19:33:00 dnsmasq[8118]: forwarded clients4.google.com to 127.0.0.1
May 20 19:33:00 dnsmasq[8118]: query[A] btrace.qq.com from 127.0.0.1
May 20 19:33:00 dnsmasq[8118]: forwarded btrace.qq.com to 127.0.0.1
May 20 19:33:00 dnsmasq[8118]: reply btrace.qq.com is 183.3.226.21
May 20 19:33:00 dnsmasq[8118]: reply btrace.qq.com is 183.57.48.67
May 20 19:33:00 dnsmasq[8118]: reply btrace.qq.com is 183.36.108.190
May 20 19:33:00 dnsmasq[8118]: reply btrace.qq.com is 14.17.52.204
May 20 19:33:00 dnsmasq[8118]: reply btrace.qq.com is 14.17.41.183
May 20 19:33:00 dnsmasq[8118]: reply btrace.qq.com is 14.17.32.251
May 20 19:33:01 dnsmasq[8118]: reply clients4.google.com is <CNAME>
May 20 19:33:01 dnsmasq[8118]: ipset add gfwlist 172.217.11.174 clients.l.google.com
May 20 19:33:01 dnsmasq[8118]: 1 addresses added
May 20 19:33:01 dnsmasq[8118]: reply clients.l.google.com is 172.217.11.174
May 20 19:33:17 dnsmasq[8118]: query[A] ldaps://ldap.kuleyang.cn from 127.0.0.1
May 20 19:33:17 dnsmasq[8118]: forwarded ldaps://ldap.kuleyang.cn to 127.0.0.1
May 20 19:33:17 dnsmasq[8118]: query[AAAA] ldaps://ldap.kuleyang.cn from 127.0.0.1
May 20 19:33:17 dnsmasq[8118]: forwarded ldaps://ldap.kuleyang.cn to 127.0.0.1
May 20 19:33:19 dnsmasq[8118]: reply ldaps://ldap.kuleyang.cn is NODATA-IPv4
May 20 19:33:25 dnsmasq[8118]: query[A] mdevstat.qqlive.qq.com from 127.0.0.1
May 20 19:33:25 dnsmasq[8118]: forwarded mdevstat.qqlive.qq.com to 127.0.0.1
May 20 19:33:25 dnsmasq[8118]: reply mdevstat.qqlive.qq.com is 14.17.41.140
May 20 19:33:58 dnsmasq[8118]: query[AAAA] googleads.g.doubleclick.net from 127.0.0.1
May 20 19:33:58 dnsmasq[8118]: forwarded googleads.g.doubleclick.net to 127.0.0.1
May 20 19:33:58 dnsmasq[8118]: query[A] googleads.g.doubleclick.net from 127.0.0.1
May 20 19:33:58 dnsmasq[8118]: forwarded googleads.g.doubleclick.net to 127.0.0.1
May 20 19:33:58 dnsmasq[8118]: reply googleads.g.doubleclick.net is <CNAME>
May 20 19:33:58 dnsmasq[8118]: reply pagead46.l.doubleclick.net is 2404:6800:4002:805::2002
May 20 19:33:58 dnsmasq[8118]: reply googleads.g.doubleclick.net is <CNAME>
May 20 19:33:58 dnsmasq[8118]: reply pagead46.l.doubleclick.net is 203.208.50.57
May 20 19:33:58 dnsmasq[8118]: reply pagead46.l.doubleclick.net is 203.208.50.45
May 20 19:33:58 dnsmasq[8118]: reply pagead46.l.doubleclick.net is 203.208.50.58
May 20 19:33:58 dnsmasq[8118]: query[A] pagead46.l.doubleclick.net from 127.0.0.1
May 20 19:33:58 dnsmasq[8118]: cached pagead46.l.doubleclick.net is 203.208.50.58
May 20 19:33:58 dnsmasq[8118]: cached pagead46.l.doubleclick.net is 203.208.50.45
May 20 19:33:58 dnsmasq[8118]: cached pagead46.l.doubleclick.net is 203.208.50.57
May 20 19:34:38 dnsmasq[8118]: query[AAAA] www.thekelleys.org.uk from 127.0.0.1
May 20 19:34:38 dnsmasq[8118]: forwarded www.thekelleys.org.uk to 127.0.0.1
May 20 19:34:38 dnsmasq[8118]: query[A] www.thekelleys.org.uk from 127.0.0.1
May 20 19:34:38 dnsmasq[8118]: forwarded www.thekelleys.org.uk to 127.0.0.1
May 20 19:34:38 dnsmasq[8118]: reply www.thekelleys.org.uk is <CNAME>
May 20 19:34:38 dnsmasq[8118]: reply thekelleys.org.uk is 2001:41c8:51:46b:feff:ff:fe00:3310
May 20 19:34:38 dnsmasq[8118]: query[A] thekelleys.org.uk from 127.0.0.1
May 20 19:34:38 dnsmasq[8118]: forwarded thekelleys.org.uk to 127.0.0.1
May 20 19:34:39 dnsmasq[8118]: reply www.thekelleys.org.uk is <CNAME>
May 20 19:34:39 dnsmasq[8118]: reply thekelleys.org.uk is 213.138.109.107
May 20 19:34:39 dnsmasq[8118]: reply thekelleys.org.uk is 213.138.109.107
May 20 19:34:41 dnsmasq[8118]: query[AAAA] csi.gstatic.com from 127.0.0.1
May 20 19:34:41 dnsmasq[8118]: forwarded csi.gstatic.com to 127.0.0.1
May 20 19:34:41 dnsmasq[8118]: query[A] csi.gstatic.com from 127.0.0.1
May 20 19:34:41 dnsmasq[8118]: forwarded csi.gstatic.com to 127.0.0.1
May 20 19:34:41 dnsmasq[8118]: reply csi.gstatic.com is <CNAME>
May 20 19:34:41 dnsmasq[8118]: reply csi-china.l.google.com is 2401:3800:4001:15::101f
May 20 19:34:41 dnsmasq[8118]: reply csi.gstatic.com is <CNAME>
May 20 19:34:41 dnsmasq[8118]: reply csi-china.l.google.com is 203.208.50.87
May 20 19:34:41 dnsmasq[8118]: reply csi-china.l.google.com is 203.208.50.79
May 20 19:34:41 dnsmasq[8118]: reply csi-china.l.google.com is 203.208.50.88
May 20 19:34:41 dnsmasq[8118]: reply csi-china.l.google.com is 203.208.50.95
May 20 19:34:41 dnsmasq[8118]: query[A] csi-china.l.google.com from 127.0.0.1
May 20 19:34:41 dnsmasq[8118]: cached csi-china.l.google.com is 203.208.50.95
May 20 19:34:41 dnsmasq[8118]: cached csi-china.l.google.com is 203.208.50.88
May 20 19:34:41 dnsmasq[8118]: cached csi-china.l.google.com is 203.208.50.79
May 20 19:34:41 dnsmasq[8118]: cached csi-china.l.google.com is 203.208.50.87
May 20 19:34:43 dnsmasq[8118]: query[AAAA] github.com from 127.0.0.1
May 20 19:34:43 dnsmasq[8118]: forwarded github.com to 127.0.0.1
May 20 19:34:43 dnsmasq[8118]: query[A] github.com from 127.0.0.1
May 20 19:34:43 dnsmasq[8118]: forwarded github.com to 127.0.0.1
May 20 19:34:43 dnsmasq[8118]: reply github.com is NODATA-IPv6
May 20 19:34:43 dnsmasq[8118]: reply github.com is 192.30.255.113
May 20 19:34:43 dnsmasq[8118]: reply github.com is 192.30.255.112
May 20 19:34:45 dnsmasq[8118]: query[AAAA] avatars1.githubusercontent.com from 127.0.0.1
May 20 19:34:45 dnsmasq[8118]: forwarded avatars1.githubusercontent.com to 127.0.0.1
May 20 19:34:45 dnsmasq[8118]: query[A] avatars1.githubusercontent.com from 127.0.0.1
May 20 19:34:45 dnsmasq[8118]: forwarded avatars1.githubusercontent.com to 127.0.0.1
May 20 19:34:45 dnsmasq[8118]: reply avatars1.githubusercontent.com is <CNAME>
May 20 19:34:45 dnsmasq[8118]: reply github.map.fastly.net is NODATA-IPv6
May 20 19:34:45 dnsmasq[8118]: query[AAAA] github.map.fastly.net from 127.0.0.1
May 20 19:34:45 dnsmasq[8118]: cached github.map.fastly.net is NODATA-IPv6
May 20 19:34:45 dnsmasq[8118]: query[A] github.map.fastly.net from 127.0.0.1
May 20 19:34:45 dnsmasq[8118]: forwarded github.map.fastly.net to 127.0.0.1
May 20 19:34:45 dnsmasq[8118]: query[AAAA] live.github.com from 127.0.0.1
May 20 19:34:45 dnsmasq[8118]: forwarded live.github.com to 127.0.0.1
May 20 19:34:45 dnsmasq[8118]: query[A] live.github.com from 127.0.0.1
May 20 19:34:45 dnsmasq[8118]: forwarded live.github.com to 127.0.0.1
May 20 19:34:45 dnsmasq[8118]: query[AAAA] www.google-analytics.com from 127.0.0.1
May 20 19:34:45 dnsmasq[8118]: forwarded www.google-analytics.com to 127.0.0.1
May 20 19:34:45 dnsmasq[8118]: query[A] www.google-analytics.com from 127.0.0.1
May 20 19:34:45 dnsmasq[8118]: forwarded www.google-analytics.com to 127.0.0.1
May 20 19:34:45 dnsmasq[8118]: query[AAAA] collector.githubapp.com from 127.0.0.1
May 20 19:34:45 dnsmasq[8118]: forwarded collector.githubapp.com to 127.0.0.1
May 20 19:34:45 dnsmasq[8118]: query[A] collector.githubapp.com from 127.0.0.1
May 20 19:34:45 dnsmasq[8118]: forwarded collector.githubapp.com to 127.0.0.1
May 20 19:34:45 dnsmasq[8118]: reply www.google-analytics.com is <CNAME>
May 20 19:34:45 dnsmasq[8118]: reply www-google-analytics.l.google.com is 2401:3800:4001:11::1003
May 20 19:34:45 dnsmasq[8118]: query[A] www-google-analytics.l.google.com from 127.0.0.1
May 20 19:34:45 dnsmasq[8118]: forwarded www-google-analytics.l.google.com to 127.0.0.1
May 20 19:34:45 dnsmasq[8118]: reply www.google-analytics.com is <CNAME>
May 20 19:34:45 dnsmasq[8118]: reply www-google-analytics.l.google.com is 203.208.39.201
May 20 19:34:45 dnsmasq[8118]: reply www-google-analytics.l.google.com is 203.208.39.206
May 20 19:34:45 dnsmasq[8118]: reply www-google-analytics.l.google.com is 203.208.39.192
May 20 19:34:45 dnsmasq[8118]: reply www-google-analytics.l.google.com is 203.208.39.196
May 20 19:34:45 dnsmasq[8118]: reply www-google-analytics.l.google.com is 203.208.39.199
May 20 19:34:45 dnsmasq[8118]: reply www-google-analytics.l.google.com is 203.208.39.194
May 20 19:34:45 dnsmasq[8118]: reply www-google-analytics.l.google.com is 203.208.39.200
May 20 19:34:45 dnsmasq[8118]: reply www-google-analytics.l.google.com is 203.208.39.198
May 20 19:34:45 dnsmasq[8118]: reply www-google-analytics.l.google.com is 203.208.39.193
May 20 19:34:45 dnsmasq[8118]: reply www-google-analytics.l.google.com is 203.208.39.197
May 20 19:34:45 dnsmasq[8118]: reply www-google-analytics.l.google.com is 203.208.39.195
May 20 19:34:45 dnsmasq[8118]: reply collector.githubapp.com is <CNAME>
May 20 19:34:45 dnsmasq[8118]: reply analytics-collector-28944298.us-east-1.elb.amazonaws.com is NODATA-IPv6
May 20 19:34:45 dnsmasq[8118]: query[AAAA] analytics-collector-28944298.us-east-1.elb.amazonaws.com from 127.0.0.1
May 20 19:34:45 dnsmasq[8118]: cached analytics-collector-28944298.us-east-1.elb.amazonaws.com is NODATA-IPv6
May 20 19:34:45 dnsmasq[8118]: query[A] analytics-collector-28944298.us-east-1.elb.amazonaws.com from 127.0.0.1
May 20 19:34:45 dnsmasq[8118]: forwarded analytics-collector-28944298.us-east-1.elb.amazonaws.com to 127.0.0.1
May 20 19:34:45 dnsmasq[8118]: ipset add gfwlist 203.208.39.200 www-google-analytics.l.google.com
May 20 19:34:45 dnsmasq[8118]: 1 addresses added
May 20 19:34:45 dnsmasq[8118]: reply www-google-analytics.l.google.com is 203.208.39.200
May 20 19:34:45 dnsmasq[8118]: ipset add gfwlist 203.208.39.194 www-google-analytics.l.google.com
May 20 19:34:45 dnsmasq[8118]: 1 addresses added
May 20 19:34:45 dnsmasq[8118]: reply www-google-analytics.l.google.com is 203.208.39.194
May 20 19:34:45 dnsmasq[8118]: ipset add gfwlist 203.208.39.196 www-google-analytics.l.google.com
May 20 19:34:45 dnsmasq[8118]: 1 addresses added
May 20 19:34:45 dnsmasq[8118]: reply www-google-analytics.l.google.com is 203.208.39.196
May 20 19:34:45 dnsmasq[8118]: ipset add gfwlist 203.208.39.195 www-google-analytics.l.google.com
May 20 19:34:45 dnsmasq[8118]: 1 addresses added
May 20 19:34:45 dnsmasq[8118]: reply www-google-analytics.l.google.com is 203.208.39.195
May 20 19:34:45 dnsmasq[8118]: ipset add gfwlist 203.208.39.197 www-google-analytics.l.google.com
May 20 19:34:45 dnsmasq[8118]: 1 addresses added
May 20 19:34:45 dnsmasq[8118]: reply www-google-analytics.l.google.com is 203.208.39.197
May 20 19:34:45 dnsmasq[8118]: ipset add gfwlist 203.208.39.193 www-google-analytics.l.google.com
May 20 19:34:45 dnsmasq[8118]: 1 addresses added
May 20 19:34:45 dnsmasq[8118]: reply www-google-analytics.l.google.com is 203.208.39.193
May 20 19:34:45 dnsmasq[8118]: ipset add gfwlist 203.208.39.198 www-google-analytics.l.google.com
May 20 19:34:45 dnsmasq[8118]: 1 addresses added
May 20 19:34:45 dnsmasq[8118]: reply www-google-analytics.l.google.com is 203.208.39.198
May 20 19:34:45 dnsmasq[8118]: ipset add gfwlist 203.208.39.199 www-google-analytics.l.google.com
May 20 19:34:45 dnsmasq[8118]: 1 addresses added
May 20 19:34:45 dnsmasq[8118]: reply www-google-analytics.l.google.com is 203.208.39.199
May 20 19:34:45 dnsmasq[8118]: ipset add gfwlist 203.208.39.201 www-google-analytics.l.google.com
May 20 19:34:45 dnsmasq[8118]: 1 addresses added
May 20 19:34:45 dnsmasq[8118]: reply www-google-analytics.l.google.com is 203.208.39.201
May 20 19:34:45 dnsmasq[8118]: ipset add gfwlist 203.208.39.192 www-google-analytics.l.google.com
May 20 19:34:45 dnsmasq[8118]: 1 addresses added
May 20 19:34:45 dnsmasq[8118]: reply www-google-analytics.l.google.com is 203.208.39.192
May 20 19:34:45 dnsmasq[8118]: ipset add gfwlist 203.208.39.206 www-google-analytics.l.google.com
May 20 19:34:45 dnsmasq[8118]: 1 addresses added
May 20 19:34:45 dnsmasq[8118]: reply www-google-analytics.l.google.com is 203.208.39.206
May 20 19:34:45 dnsmasq[8118]: reply avatars1.githubusercontent.com is <CNAME>
May 20 19:34:45 dnsmasq[8118]: reply github.map.fastly.net is 151.101.0.133
May 20 19:34:45 dnsmasq[8118]: reply github.map.fastly.net is 151.101.64.133
May 20 19:34:45 dnsmasq[8118]: reply github.map.fastly.net is 151.101.128.133
May 20 19:34:45 dnsmasq[8118]: reply github.map.fastly.net is 151.101.192.133
May 20 19:34:45 dnsmasq[8118]: reply github.map.fastly.net is 151.101.0.133
May 20 19:34:45 dnsmasq[8118]: reply github.map.fastly.net is 151.101.64.133
May 20 19:34:45 dnsmasq[8118]: reply github.map.fastly.net is 151.101.128.133
May 20 19:34:45 dnsmasq[8118]: reply github.map.fastly.net is 151.101.192.133
May 20 19:34:45 dnsmasq[8118]: query[AAAA] avatars2.githubusercontent.com from 127.0.0.1
May 20 19:34:45 dnsmasq[8118]: forwarded avatars2.githubusercontent.com to 127.0.0.1
May 20 19:34:45 dnsmasq[8118]: query[A] avatars2.githubusercontent.com from 127.0.0.1
May 20 19:34:45 dnsmasq[8118]: forwarded avatars2.githubusercontent.com to 127.0.0.1
May 20 19:34:45 dnsmasq[8118]: query[AAAA] avatars3.githubusercontent.com from 127.0.0.1
May 20 19:34:45 dnsmasq[8118]: forwarded avatars3.githubusercontent.com to 127.0.0.1
May 20 19:34:45 dnsmasq[8118]: query[A] avatars3.githubusercontent.com from 127.0.0.1
May 20 19:34:45 dnsmasq[8118]: forwarded avatars3.githubusercontent.com to 127.0.0.1
May 20 19:34:45 dnsmasq[8118]: reply avatars2.githubusercontent.com is <CNAME>
May 20 19:34:45 dnsmasq[8118]: reply github.map.fastly.net is NODATA-IPv6
May 20 19:34:45 dnsmasq[8118]: reply avatars3.githubusercontent.com is <CNAME>
May 20 19:34:45 dnsmasq[8118]: reply github.map.fastly.net is NODATA-IPv6
May 20 19:34:45 dnsmasq[8118]: reply live.github.com is 192.30.253.125
May 20 19:34:45 dnsmasq[8118]: reply live.github.com is 192.30.253.124
May 20 19:34:45 dnsmasq[8118]: reply live.github.com is NODATA-IPv6
May 20 19:34:45 dnsmasq[8118]: reply collector.githubapp.com is <CNAME>
May 20 19:34:45 dnsmasq[8118]: reply analytics-collector-28944298.us-east-1.elb.amazonaws.com is 52.23.17.39
May 20 19:34:45 dnsmasq[8118]: reply analytics-collector-28944298.us-east-1.elb.amazonaws.com is 52.200.125.145
May 20 19:34:45 dnsmasq[8118]: reply analytics-collector-28944298.us-east-1.elb.amazonaws.com is 34.232.0.83
May 20 19:34:45 dnsmasq[8118]: reply analytics-collector-28944298.us-east-1.elb.amazonaws.com is 34.232.0.83
May 20 19:34:45 dnsmasq[8118]: reply analytics-collector-28944298.us-east-1.elb.amazonaws.com is 52.23.17.39
May 20 19:34:45 dnsmasq[8118]: reply analytics-collector-28944298.us-east-1.elb.amazonaws.com is 52.200.125.145
May 20 19:34:46 dnsmasq[8118]: reply avatars2.githubusercontent.com is <CNAME>
May 20 19:34:46 dnsmasq[8118]: reply github.map.fastly.net is 151.101.0.133
May 20 19:34:46 dnsmasq[8118]: reply github.map.fastly.net is 151.101.64.133
May 20 19:34:46 dnsmasq[8118]: reply github.map.fastly.net is 151.101.128.133
May 20 19:34:46 dnsmasq[8118]: reply github.map.fastly.net is 151.101.192.133
May 20 19:34:46 dnsmasq[8118]: reply avatars3.githubusercontent.com is <CNAME>
May 20 19:34:46 dnsmasq[8118]: reply github.map.fastly.net is 151.101.0.133
May 20 19:34:46 dnsmasq[8118]: reply github.map.fastly.net is 151.101.64.133
May 20 19:34:46 dnsmasq[8118]: reply github.map.fastly.net is 151.101.128.133
May 20 19:34:46 dnsmasq[8118]: reply github.map.fastly.net is 151.101.192.133
May 20 19:34:48 dnsmasq[8118]: query[AAAA] api.github.com from 127.0.0.1
May 20 19:34:48 dnsmasq[8118]: forwarded api.github.com to 127.0.0.1
May 20 19:34:48 dnsmasq[8118]: query[A] api.github.com from 127.0.0.1
May 20 19:34:48 dnsmasq[8118]: forwarded api.github.com to 127.0.0.1
May 20 19:34:48 dnsmasq[8118]: reply api.github.com is NODATA-IPv6
May 20 19:34:48 dnsmasq[8118]: reply api.github.com is 192.30.255.116
May 20 19:34:48 dnsmasq[8118]: reply api.github.com is 192.30.255.117
May 20 19:36:25 dnsmasq[8118]: query[AAAA] www.linksysinfo.org from 127.0.0.1
May 20 19:36:25 dnsmasq[8118]: forwarded www.linksysinfo.org to 127.0.0.1
May 20 19:36:25 dnsmasq[8118]: query[A] www.linksysinfo.org from 127.0.0.1
May 20 19:36:25 dnsmasq[8118]: forwarded www.linksysinfo.org to 127.0.0.1
May 20 19:36:25 dnsmasq[8118]: reply www.linksysinfo.org is <CNAME>
May 20 19:36:25 dnsmasq[8118]: reply linksysinfo.org is 204.11.51.232
May 20 19:36:25 dnsmasq[8118]: query[AAAA] linksysinfo.org from 127.0.0.1
May 20 19:36:25 dnsmasq[8118]: forwarded linksysinfo.org to 127.0.0.1
May 20 19:36:26 dnsmasq[8118]: reply www.linksysinfo.org is <CNAME>
May 20 19:36:26 dnsmasq[8118]: reply linksysinfo.org is NODATA-IPv6
May 20 19:36:26 dnsmasq[8118]: reply linksysinfo.org is NODATA-IPv6
May 20 19:36:26 dnsmasq[8118]: query[AAAA] www.googletagmanager.com from 127.0.0.1
May 20 19:36:26 dnsmasq[8118]: forwarded www.googletagmanager.com to 127.0.0.1
May 20 19:36:26 dnsmasq[8118]: query[A] www.googletagmanager.com from 127.0.0.1
May 20 19:36:26 dnsmasq[8118]: forwarded www.googletagmanager.com to 127.0.0.1
May 20 19:36:26 dnsmasq[8118]: reply www.googletagmanager.com is <CNAME>
May 20 19:36:26 dnsmasq[8118]: reply www-googletagmanager.l.google.com is 2401:3800:4001:15::101e
May 20 19:36:26 dnsmasq[8118]: reply www.googletagmanager.com is <CNAME>
May 20 19:36:26 dnsmasq[8118]: reply www-googletagmanager.l.google.com is 203.208.39.254
May 20 19:36:26 dnsmasq[8118]: query[A] www-googletagmanager.l.google.com from 127.0.0.1
May 20 19:36:26 dnsmasq[8118]: cached www-googletagmanager.l.google.com is 203.208.39.254
May 20 19:36:28 dnsmasq[8118]: query[AAAA] fonts.googleapis.com from 127.0.0.1
May 20 19:36:28 dnsmasq[8118]: forwarded fonts.googleapis.com to 127.0.0.1
May 20 19:36:28 dnsmasq[8118]: query[A] fonts.googleapis.com from 127.0.0.1
May 20 19:36:28 dnsmasq[8118]: forwarded fonts.googleapis.com to 127.0.0.1
May 20 19:36:28 dnsmasq[8118]: reply fonts.googleapis.com is <CNAME>
May 20 19:36:28 dnsmasq[8118]: reply googleadapis.l.google.com is 2404:6800:4002:804::200a
May 20 19:36:28 dnsmasq[8118]: reply fonts.googleapis.com is <CNAME>
May 20 19:36:28 dnsmasq[8118]: reply googleadapis.l.google.com is 203.208.43.102
May 20 19:36:28 dnsmasq[8118]: reply googleadapis.l.google.com is 203.208.43.99
May 20 19:36:28 dnsmasq[8118]: reply googleadapis.l.google.com is 203.208.43.103
May 20 19:36:28 dnsmasq[8118]: reply googleadapis.l.google.com is 203.208.43.105
May 20 19:36:28 dnsmasq[8118]: reply googleadapis.l.google.com is 203.208.43.97
May 20 19:36:28 dnsmasq[8118]: reply googleadapis.l.google.com is 203.208.43.104
May 20 19:36:28 dnsmasq[8118]: reply googleadapis.l.google.com is 203.208.43.98
May 20 19:36:28 dnsmasq[8118]: reply googleadapis.l.google.com is 203.208.43.96
May 20 19:36:28 dnsmasq[8118]: reply googleadapis.l.google.com is 203.208.43.100
May 20 19:36:28 dnsmasq[8118]: reply googleadapis.l.google.com is 203.208.43.101
May 20 19:36:28 dnsmasq[8118]: reply googleadapis.l.google.com is 203.208.43.110
May 20 19:36:28 dnsmasq[8118]: query[A] googleadapis.l.google.com from 127.0.0.1
May 20 19:36:28 dnsmasq[8118]: cached googleadapis.l.google.com is 203.208.43.110
May 20 19:36:28 dnsmasq[8118]: cached googleadapis.l.google.com is 203.208.43.101
May 20 19:36:28 dnsmasq[8118]: cached googleadapis.l.google.com is 203.208.43.100
May 20 19:36:28 dnsmasq[8118]: cached googleadapis.l.google.com is 203.208.43.96
May 20 19:36:28 dnsmasq[8118]: cached googleadapis.l.google.com is 203.208.43.98
May 20 19:36:28 dnsmasq[8118]: cached googleadapis.l.google.com is 203.208.43.104
May 20 19:36:28 dnsmasq[8118]: cached googleadapis.l.google.com is 203.208.43.97
May 20 19:36:28 dnsmasq[8118]: cached googleadapis.l.google.com is 203.208.43.105
May 20 19:36:28 dnsmasq[8118]: cached googleadapis.l.google.com is 203.208.43.103
May 20 19:36:28 dnsmasq[8118]: cached googleadapis.l.google.com is 203.208.43.99
May 20 19:36:28 dnsmasq[8118]: cached googleadapis.l.google.com is 203.208.43.102
May 20 19:36:29 dnsmasq[8118]: query[AAAA] fonts.gstatic.com from 127.0.0.1
May 20 19:36:29 dnsmasq[8118]: forwarded fonts.gstatic.com to 127.0.0.1
May 20 19:36:29 dnsmasq[8118]: query[A] fonts.gstatic.com from 127.0.0.1
May 20 19:36:29 dnsmasq[8118]: forwarded fonts.gstatic.com to 127.0.0.1
May 20 19:36:29 dnsmasq[8118]: reply fonts.gstatic.com is <CNAME>
May 20 19:36:29 dnsmasq[8118]: reply gstaticadssl.l.google.com is 2401:3800:4001:15::101f
May 20 19:36:29 dnsmasq[8118]: reply fonts.gstatic.com is <CNAME>
May 20 19:36:29 dnsmasq[8118]: reply gstaticadssl.l.google.com is 203.208.51.56
May 20 19:36:29 dnsmasq[8118]: reply gstaticadssl.l.google.com is 203.208.51.47
May 20 19:36:29 dnsmasq[8118]: reply gstaticadssl.l.google.com is 203.208.51.55
May 20 19:36:29 dnsmasq[8118]: reply gstaticadssl.l.google.com is 203.208.51.63
May 20 19:36:29 dnsmasq[8118]: query[A] gstaticadssl.l.google.com from 127.0.0.1
May 20 19:36:29 dnsmasq[8118]: cached gstaticadssl.l.google.com is 203.208.51.63
May 20 19:36:29 dnsmasq[8118]: cached gstaticadssl.l.google.com is 203.208.51.55
May 20 19:36:29 dnsmasq[8118]: cached gstaticadssl.l.google.com is 203.208.51.47
May 20 19:36:29 dnsmasq[8118]: cached gstaticadssl.l.google.com is 203.208.51.56
May 20 19:36:52 dnsmasq[8118]: query[A] ldaps://ldap.kuleyang.cn from 127.0.0.1
May 20 19:36:52 dnsmasq[8118]: forwarded ldaps://ldap.kuleyang.cn to 127.0.0.1
May 20 19:36:52 dnsmasq[8118]: query[AAAA] ldaps://ldap.kuleyang.cn from 127.0.0.1
May 20 19:36:52 dnsmasq[8118]: forwarded ldaps://ldap.kuleyang.cn to 127.0.0.1
May 20 19:36:53 dnsmasq[8118]: query[A] ldaps://ldap.kuleyang.cn from 127.0.0.1
May 20 19:36:53 dnsmasq[8118]: forwarded ldaps://ldap.kuleyang.cn to 127.0.0.1
May 20 19:36:53 dnsmasq[8118]: query[AAAA] ldaps://ldap.kuleyang.cn from 127.0.0.1
May 20 19:36:53 dnsmasq[8118]: forwarded ldaps://ldap.kuleyang.cn to 127.0.0.1
May 20 19:36:55 dnsmasq[8118]: query[A] ldaps://ldap.kuleyang.cn from 127.0.0.1
May 20 19:36:55 dnsmasq[8118]: forwarded ldaps://ldap.kuleyang.cn to 127.0.0.1
May 20 19:36:55 dnsmasq[8118]: query[AAAA] ldaps://ldap.kuleyang.cn from 127.0.0.1
May 20 19:36:55 dnsmasq[8118]: forwarded ldaps://ldap.kuleyang.cn to 127.0.0.1
May 20 19:36:59 dnsmasq[8118]: query[A] ldaps://ldap.kuleyang.cn from 127.0.0.1
May 20 19:36:59 dnsmasq[8118]: forwarded ldaps://ldap.kuleyang.cn to 127.0.0.1
May 20 19:36:59 dnsmasq[8118]: query[AAAA] ldaps://ldap.kuleyang.cn from 127.0.0.1
May 20 19:36:59 dnsmasq[8118]: forwarded ldaps://ldap.kuleyang.cn to 127.0.0.1
May 20 19:37:00 dnsmasq[8118]: reply ldaps://ldap.kuleyang.cn is NODATA-IPv6
May 20 19:37:07 dnsmasq[8118]: query[A] ldaps://ldap.kuleyang.cn from 127.0.0.1
May 20 19:37:07 dnsmasq[8118]: forwarded ldaps://ldap.kuleyang.cn to 127.0.0.1
May 20 19:37:10 dnsmasq[8118]: query[AAAA] ubuntuforums.org from 127.0.0.1
May 20 19:37:10 dnsmasq[8118]: forwarded ubuntuforums.org to 127.0.0.1
May 20 19:37:10 dnsmasq[8118]: query[A] ubuntuforums.org from 127.0.0.1
May 20 19:37:10 dnsmasq[8118]: forwarded ubuntuforums.org to 127.0.0.1
May 20 19:37:10 dnsmasq[8118]: reply ubuntuforums.org is NODATA-IPv6
May 20 19:37:11 dnsmasq[8118]: reply ubuntuforums.org is 91.189.94.12
May 20 19:37:20 dnsmasq[8118]: query[A] github.com from 127.0.0.1
May 20 19:37:20 dnsmasq[8118]: forwarded github.com to 127.0.0.1
May 20 19:37:20 dnsmasq[8118]: reply github.com is 192.30.255.112
May 20 19:37:20 dnsmasq[8118]: reply github.com is 192.30.255.113
May 20 19:37:23 dnsmasq[8118]: query[A] live.github.com from 127.0.0.1
May 20 19:37:23 dnsmasq[8118]: forwarded live.github.com to 127.0.0.1
May 20 19:37:23 dnsmasq[8118]: query[AAAA] collector.githubapp.com from 127.0.0.1
May 20 19:37:23 dnsmasq[8118]: forwarded collector.githubapp.com to 127.0.0.1
May 20 19:37:23 dnsmasq[8118]: query[A] collector.githubapp.com from 127.0.0.1
May 20 19:37:23 dnsmasq[8118]: forwarded collector.githubapp.com to 127.0.0.1
May 20 19:37:23 dnsmasq[8118]: reply collector.githubapp.com is <CNAME>
May 20 19:37:23 dnsmasq[8118]: reply analytics-collector-28944298.us-east-1.elb.amazonaws.com is NODATA-IPv6
May 20 19:37:23 dnsmasq[8118]: query[AAAA] analytics-collector-28944298.us-east-1.elb.amazonaws.com from 127.0.0.1
May 20 19:37:23 dnsmasq[8118]: cached analytics-collector-28944298.us-east-1.elb.amazonaws.com is NODATA-IPv6
May 20 19:37:23 dnsmasq[8118]: query[A] analytics-collector-28944298.us-east-1.elb.amazonaws.com from 127.0.0.1
May 20 19:37:23 dnsmasq[8118]: forwarded analytics-collector-28944298.us-east-1.elb.amazonaws.com to 127.0.0.1
May 20 19:37:23 dnsmasq[8118]: reply collector.githubapp.com is <CNAME>
May 20 19:37:23 dnsmasq[8118]: reply analytics-collector-28944298.us-east-1.elb.amazonaws.com is 34.232.0.83
May 20 19:37:23 dnsmasq[8118]: reply analytics-collector-28944298.us-east-1.elb.amazonaws.com is 52.200.125.145
May 20 19:37:23 dnsmasq[8118]: reply analytics-collector-28944298.us-east-1.elb.amazonaws.com is 52.23.17.39
May 20 19:37:23 dnsmasq[8118]: reply live.github.com is 192.30.253.124
May 20 19:37:23 dnsmasq[8118]: reply live.github.com is 192.30.253.125
May 20 19:37:23 dnsmasq[8118]: reply analytics-collector-28944298.us-east-1.elb.amazonaws.com is 52.200.125.145
May 20 19:37:23 dnsmasq[8118]: reply analytics-collector-28944298.us-east-1.elb.amazonaws.com is 52.23.17.39
May 20 19:37:23 dnsmasq[8118]: reply analytics-collector-28944298.us-east-1.elb.amazonaws.com is 34.232.0.83
May 20 19:37:25 dnsmasq[8118]: query[AAAA] api.github.com from 127.0.0.1
May 20 19:37:25 dnsmasq[8118]: forwarded api.github.com to 127.0.0.1
May 20 19:37:25 dnsmasq[8118]: query[A] api.github.com from 127.0.0.1
May 20 19:37:25 dnsmasq[8118]: forwarded api.github.com to 127.0.0.1
May 20 19:37:25 dnsmasq[8118]: reply api.github.com is NODATA-IPv6
May 20 19:37:25 dnsmasq[8118]: reply api.github.com is 192.30.255.117
May 20 19:37:25 dnsmasq[8118]: reply api.github.com is 192.30.255.116
May 20 19:37:41 dnsmasq[8118]: query[AAAA] gs-loc.apple.com from 127.0.0.1
May 20 19:37:41 dnsmasq[8118]: forwarded gs-loc.apple.com to 127.0.0.1
May 20 19:37:41 dnsmasq[8118]: query[A] gs-loc.apple.com from 127.0.0.1
May 20 19:37:41 dnsmasq[8118]: forwarded gs-loc.apple.com to 127.0.0.1
May 20 19:37:41 dnsmasq[8118]: reply gs-loc.apple.com is <CNAME>
May 20 19:37:41 dnsmasq[8118]: reply gs-loc-new.ls-apple.com.akadns.net is <CNAME>
May 20 19:37:41 dnsmasq[8118]: reply gs-loc-cn.ls-apple.com.akadns.net is <CNAME>
May 20 19:37:41 dnsmasq[8118]: reply bluedot.is.autonavi.com.gds.alibabadns.com is NODATA-IPv6
May 20 19:37:41 dnsmasq[8118]: reply gs-loc.apple.com is <CNAME>
May 20 19:37:41 dnsmasq[8118]: reply gs-loc-new.ls-apple.com.akadns.net is <CNAME>
May 20 19:37:41 dnsmasq[8118]: reply gs-loc-cn.ls-apple.com.akadns.net is <CNAME>
May 20 19:37:41 dnsmasq[8118]: reply bluedot.is.autonavi.com.gds.alibabadns.com is 106.11.140.2
May 20 19:37:41 dnsmasq[8118]: reply bluedot.is.autonavi.com.gds.alibabadns.com is 106.11.169.1
May 20 19:37:41 dnsmasq[8118]: query[AAAA] bluedot.is.autonavi.com.gds.alibabadns.com from 127.0.0.1
May 20 19:37:41 dnsmasq[8118]: cached bluedot.is.autonavi.com.gds.alibabadns.com is NODATA-IPv6
May 20 19:37:41 dnsmasq[8118]: query[A] bluedot.is.autonavi.com.gds.alibabadns.com from 127.0.0.1
May 20 19:37:41 dnsmasq[8118]: cached bluedot.is.autonavi.com.gds.alibabadns.com is 106.11.169.1
May 20 19:37:41 dnsmasq[8118]: cached bluedot.is.autonavi.com.gds.alibabadns.com is 106.11.140.2
May 20 19:37:46 dnsmasq[8118]: query[AAAA] img1.gtimg.com from 127.0.0.1
May 20 19:37:46 dnsmasq[8118]: forwarded img1.gtimg.com to 127.0.0.1
May 20 19:37:46 dnsmasq[8118]: query[A] img1.gtimg.com from 127.0.0.1
May 20 19:37:46 dnsmasq[8118]: forwarded img1.gtimg.com to 127.0.0.1
May 20 19:37:46 dnsmasq[8118]: reply img1.gtimg.com is <CNAME>
May 20 19:37:46 dnsmasq[8118]: reply img1.tc.qq.com is <CNAME>
May 20 19:37:46 dnsmasq[8118]: reply img1.tcdn.qq.com is <CNAME>
May 20 19:37:46 dnsmasq[8118]: reply x2ipv6.tcdn.qq.com is 240e:e1:8100:28::2:16
May 20 19:37:46 dnsmasq[8118]: reply x2ipv6.tcdn.qq.com is 240e:ff:f040:28::a
May 20 19:37:46 dnsmasq[8118]: query[A] x2ipv6.tcdn.qq.com from 127.0.0.1
May 20 19:37:46 dnsmasq[8118]: forwarded x2ipv6.tcdn.qq.com to 127.0.0.1
May 20 19:37:46 dnsmasq[8118]: reply img1.gtimg.com is <CNAME>
May 20 19:37:46 dnsmasq[8118]: reply img1.tc.qq.com is <CNAME>
May 20 19:37:46 dnsmasq[8118]: reply img1.tcdn.qq.com is <CNAME>
May 20 19:37:46 dnsmasq[8118]: reply x2ipv6.tcdn.qq.com is 119.147.227.11
May 20 19:37:46 dnsmasq[8118]: reply x2ipv6.tcdn.qq.com is 125.94.49.15
May 20 19:37:46 dnsmasq[8118]: reply x2ipv6.tcdn.qq.com is 113.107.238.25
May 20 19:37:46 dnsmasq[8118]: reply x2ipv6.tcdn.qq.com is 119.147.33.24
May 20 19:37:46 dnsmasq[8118]: reply x2ipv6.tcdn.qq.com is 119.147.227.15
May 20 19:37:46 dnsmasq[8118]: reply x2ipv6.tcdn.qq.com is 119.147.33.25
May 20 19:37:46 dnsmasq[8118]: reply x2ipv6.tcdn.qq.com is 113.105.73.144
May 20 19:37:46 dnsmasq[8118]: reply x2ipv6.tcdn.qq.com is 183.56.150.152
May 20 19:37:46 dnsmasq[8118]: reply x2ipv6.tcdn.qq.com is 125.94.49.13
May 20 19:37:46 dnsmasq[8118]: reply x2ipv6.tcdn.qq.com is 119.147.227.16
May 20 19:37:46 dnsmasq[8118]: reply x2ipv6.tcdn.qq.com is 119.147.33.39
May 20 19:37:46 dnsmasq[8118]: reply x2ipv6.tcdn.qq.com is 119.147.33.23
May 20 19:37:46 dnsmasq[8118]: reply x2ipv6.tcdn.qq.com is 113.107.238.24
May 20 19:37:46 dnsmasq[8118]: reply x2ipv6.tcdn.qq.com is 119.147.33.27
May 20 19:37:46 dnsmasq[8118]: reply x2ipv6.tcdn.qq.com is 125.94.49.16
May 20 19:37:46 dnsmasq[8118]: reply x2ipv6.tcdn.qq.com is 119.147.33.11
May 20 19:37:46 dnsmasq[8118]: reply x2ipv6.tcdn.qq.com is 119.147.33.24
May 20 19:37:46 dnsmasq[8118]: reply x2ipv6.tcdn.qq.com is 125.94.49.13
May 20 19:37:46 dnsmasq[8118]: reply x2ipv6.tcdn.qq.com is 113.107.238.24
May 20 19:37:46 dnsmasq[8118]: reply x2ipv6.tcdn.qq.com is 113.105.73.144
May 20 19:37:46 dnsmasq[8118]: reply x2ipv6.tcdn.qq.com is 119.147.33.39
May 20 19:37:46 dnsmasq[8118]: reply x2ipv6.tcdn.qq.com is 125.94.49.14
May 20 19:37:46 dnsmasq[8118]: reply x2ipv6.tcdn.qq.com is 125.94.49.12
May 20 19:37:46 dnsmasq[8118]: reply x2ipv6.tcdn.qq.com is 119.147.33.38
May 20 19:37:46 dnsmasq[8118]: reply x2ipv6.tcdn.qq.com is 119.147.227.12
May 20 19:37:46 dnsmasq[8118]: reply x2ipv6.tcdn.qq.com is 119.147.227.11
May 20 19:37:46 dnsmasq[8118]: reply x2ipv6.tcdn.qq.com is 119.147.33.25
May 20 19:37:46 dnsmasq[8118]: reply x2ipv6.tcdn.qq.com is 119.147.33.27
May 20 19:37:46 dnsmasq[8118]: reply x2ipv6.tcdn.qq.com is 119.147.227.13
May 20 19:37:46 dnsmasq[8118]: reply x2ipv6.tcdn.qq.com is 119.147.227.15
May 20 19:37:46 dnsmasq[8118]: reply x2ipv6.tcdn.qq.com is 119.147.33.23
May 20 19:37:46 dnsmasq[8118]: reply x2ipv6.tcdn.qq.com is 113.107.238.23
May 20 19:38:00 dnsmasq[8118]: query[AAAA] btrace.qq.com from 127.0.0.1
May 20 19:38:00 dnsmasq[8118]: forwarded btrace.qq.com to 127.0.0.1
May 20 19:38:00 dnsmasq[8118]: query[A] btrace.qq.com from 127.0.0.1
May 20 19:38:00 dnsmasq[8118]: forwarded btrace.qq.com to 127.0.0.1
May 20 19:38:00 dnsmasq[8118]: reply btrace.qq.com is 183.3.226.21
May 20 19:38:00 dnsmasq[8118]: reply btrace.qq.com is 183.57.48.67
May 20 19:38:00 dnsmasq[8118]: reply btrace.qq.com is 183.36.108.190
May 20 19:38:00 dnsmasq[8118]: reply btrace.qq.com is 14.17.41.183
May 20 19:38:00 dnsmasq[8118]: reply btrace.qq.com is 14.17.32.251
May 20 19:38:00 dnsmasq[8118]: reply btrace.qq.com is 14.17.52.204
May 20 19:38:01 dnsmasq[8118]: reply btrace.qq.com is NODATA-IPv6
May 20 19:38:12 dnsmasq[8118]: query[A] textmate.org from 127.0.0.1
May 20 19:38:12 dnsmasq[8118]: forwarded textmate.org to 127.0.0.1
May 20 19:38:12 dnsmasq[8118]: query[AAAA] textmate.org from 127.0.0.1
May 20 19:38:12 dnsmasq[8118]: forwarded textmate.org to 127.0.0.1
May 20 19:38:13 dnsmasq[8118]: reply textmate.org is NODATA-IPv6
May 20 19:38:13 dnsmasq[8118]: reply textmate.org is 178.79.137.125
May 20 19:38:26 dnsmasq[8118]: query[A] mdevstat.qqlive.qq.com from 127.0.0.1
May 20 19:38:26 dnsmasq[8118]: forwarded mdevstat.qqlive.qq.com to 127.0.0.1
May 20 19:38:26 dnsmasq[8118]: reply mdevstat.qqlive.qq.com is 14.17.41.140
May 20 19:39:11 dnsmasq[8118]: query[AAAA] p10-contacts.icloud.com from 127.0.0.1
May 20 19:39:11 dnsmasq[8118]: forwarded p10-contacts.icloud.com to 127.0.0.1
May 20 19:39:11 dnsmasq[8118]: query[A] p10-contacts.icloud.com from 127.0.0.1
May 20 19:39:11 dnsmasq[8118]: forwarded p10-contacts.icloud.com to 127.0.0.1
May 20 19:39:11 dnsmasq[8118]: reply p10-contacts.icloud.com is <CNAME>
May 20 19:39:11 dnsmasq[8118]: reply p10-contacts.fe.apple-dns.net is 2403:300:a41:90a::11
May 20 19:39:11 dnsmasq[8118]: reply p10-contacts.fe.apple-dns.net is 2403:300:a41:70a::4
May 20 19:39:11 dnsmasq[8118]: reply p10-contacts.fe.apple-dns.net is 2403:300:a41:701::4
May 20 19:39:11 dnsmasq[8118]: reply p10-contacts.fe.apple-dns.net is 2403:300:a41:303::5
May 20 19:39:11 dnsmasq[8118]: reply p10-contacts.fe.apple-dns.net is 2403:300:a41:90b::10
May 20 19:39:11 dnsmasq[8118]: reply p10-contacts.fe.apple-dns.net is 2403:300:a41:90e::9
May 20 19:39:11 dnsmasq[8118]: reply p10-contacts.fe.apple-dns.net is 2403:300:a41:90a::c
May 20 19:39:11 dnsmasq[8118]: reply p10-contacts.fe.apple-dns.net is 2403:300:a41:711::b
May 20 19:39:11 dnsmasq[8118]: query[A] p10-contacts.fe.apple-dns.net from 127.0.0.1
May 20 19:39:11 dnsmasq[8118]: forwarded p10-contacts.fe.apple-dns.net to 127.0.0.1
May 20 19:39:11 dnsmasq[8118]: reply p10-contacts.icloud.com is <CNAME>
May 20 19:39:11 dnsmasq[8118]: reply p10-contacts.fe.apple-dns.net is 17.248.129.141
May 20 19:39:11 dnsmasq[8118]: reply p10-contacts.fe.apple-dns.net is 17.248.129.101
May 20 19:39:11 dnsmasq[8118]: reply p10-contacts.fe.apple-dns.net is 17.248.129.168
May 20 19:39:11 dnsmasq[8118]: reply p10-contacts.fe.apple-dns.net is 17.248.129.143
May 20 19:39:11 dnsmasq[8118]: reply p10-contacts.fe.apple-dns.net is 17.248.129.232
May 20 19:39:11 dnsmasq[8118]: reply p10-contacts.fe.apple-dns.net is 17.248.129.144
May 20 19:39:11 dnsmasq[8118]: reply p10-contacts.fe.apple-dns.net is 17.248.129.244
May 20 19:39:11 dnsmasq[8118]: reply p10-contacts.fe.apple-dns.net is 17.248.129.137
May 20 19:39:11 dnsmasq[8118]: reply p10-contacts.fe.apple-dns.net is 17.248.129.104
May 20 19:39:11 dnsmasq[8118]: reply p10-contacts.fe.apple-dns.net is 17.248.129.207
May 20 19:39:11 dnsmasq[8118]: reply p10-contacts.fe.apple-dns.net is 17.248.129.100
May 20 19:39:11 dnsmasq[8118]: reply p10-contacts.fe.apple-dns.net is 17.248.129.243
May 20 19:39:11 dnsmasq[8118]: reply p10-contacts.fe.apple-dns.net is 17.248.129.203
May 20 19:39:11 dnsmasq[8118]: reply p10-contacts.fe.apple-dns.net is 17.248.188.37
May 20 19:39:11 dnsmasq[8118]: reply p10-contacts.fe.apple-dns.net is 17.248.188.40
May 20 19:39:11 dnsmasq[8118]: reply p10-contacts.fe.apple-dns.net is 17.248.129.9
May 20 19:39:24 dnsmasq[8118]: query[AAAA] askubuntu.com from 127.0.0.1
May 20 19:39:24 dnsmasq[8118]: forwarded askubuntu.com to 127.0.0.1
May 20 19:39:24 dnsmasq[8118]: query[A] askubuntu.com from 127.0.0.1
May 20 19:39:24 dnsmasq[8118]: forwarded askubuntu.com to 127.0.0.1
May 20 19:39:25 dnsmasq[8118]: reply askubuntu.com is 151.101.65.69
May 20 19:39:25 dnsmasq[8118]: reply askubuntu.com is 151.101.193.69
May 20 19:39:25 dnsmasq[8118]: reply askubuntu.com is 151.101.129.69
May 20 19:39:25 dnsmasq[8118]: reply askubuntu.com is 151.101.1.69
May 20 19:39:25 dnsmasq[8118]: reply askubuntu.com is NODATA-IPv6
May 20 19:39:26 dnsmasq[8118]: query[AAAA] cdn.sstatic.net from 127.0.0.1
May 20 19:39:26 dnsmasq[8118]: forwarded cdn.sstatic.net to 127.0.0.1
May 20 19:39:26 dnsmasq[8118]: query[A] cdn.sstatic.net from 127.0.0.1
May 20 19:39:26 dnsmasq[8118]: forwarded cdn.sstatic.net to 127.0.0.1
May 20 19:39:26 dnsmasq[8118]: query[AAAA] www.gravatar.com from 127.0.0.1
May 20 19:39:26 dnsmasq[8118]: forwarded www.gravatar.com to 127.0.0.1
May 20 19:39:26 dnsmasq[8118]: query[A] www.gravatar.com from 127.0.0.1
May 20 19:39:26 dnsmasq[8118]: forwarded www.gravatar.com to 127.0.0.1
May 20 19:39:26 dnsmasq[8118]: reply cdn.sstatic.net is 151.101.1.69
May 20 19:39:26 dnsmasq[8118]: reply cdn.sstatic.net is 151.101.65.69
May 20 19:39:26 dnsmasq[8118]: reply cdn.sstatic.net is 151.101.129.69
May 20 19:39:26 dnsmasq[8118]: reply cdn.sstatic.net is 151.101.193.69
May 20 19:39:26 dnsmasq[8118]: reply cdn.sstatic.net is NODATA-IPv6
May 20 19:39:26 dnsmasq[8118]: reply www.gravatar.com is NODATA-IPv6
May 20 19:39:26 dnsmasq[8118]: reply www.gravatar.com is 192.0.73.2
May 20 19:39:28 dnsmasq[8118]: query[AAAA] www.googletagservices.com from 127.0.0.1
May 20 19:39:28 dnsmasq[8118]: forwarded www.googletagservices.com to 127.0.0.1
May 20 19:39:28 dnsmasq[8118]: query[A] www.googletagservices.com from 127.0.0.1
May 20 19:39:28 dnsmasq[8118]: forwarded www.googletagservices.com to 127.0.0.1
May 20 19:39:28 dnsmasq[8118]: reply www.googletagservices.com is <CNAME>
May 20 19:39:28 dnsmasq[8118]: reply pagead46.l.doubleclick.net is 2404:6800:4002:805::2002
May 20 19:39:28 dnsmasq[8118]: query[A] pagead46.l.doubleclick.net from 127.0.0.1
May 20 19:39:28 dnsmasq[8118]: forwarded pagead46.l.doubleclick.net to 127.0.0.1
May 20 19:39:28 dnsmasq[8118]: reply www.googletagservices.com is <CNAME>
May 20 19:39:28 dnsmasq[8118]: reply pagead46.l.doubleclick.net is 203.208.50.121
May 20 19:39:28 dnsmasq[8118]: reply pagead46.l.doubleclick.net is 203.208.50.122
May 20 19:39:28 dnsmasq[8118]: reply pagead46.l.doubleclick.net is 203.208.50.109
May 20 19:39:28 dnsmasq[8118]: query[AAAA] sb.scorecardresearch.com from 127.0.0.1
May 20 19:39:28 dnsmasq[8118]: forwarded sb.scorecardresearch.com to 127.0.0.1
May 20 19:39:28 dnsmasq[8118]: query[A] sb.scorecardresearch.com from 127.0.0.1
May 20 19:39:28 dnsmasq[8118]: forwarded sb.scorecardresearch.com to 127.0.0.1
May 20 19:39:28 dnsmasq[8118]: query[AAAA] qa.sockets.stackexchange.com from 127.0.0.1
May 20 19:39:28 dnsmasq[8118]: forwarded qa.sockets.stackexchange.com to 127.0.0.1
May 20 19:39:28 dnsmasq[8118]: query[A] qa.sockets.stackexchange.com from 127.0.0.1
May 20 19:39:28 dnsmasq[8118]: forwarded qa.sockets.stackexchange.com to 127.0.0.1
May 20 19:39:28 dnsmasq[8118]: reply pagead46.l.doubleclick.net is 203.208.50.121
May 20 19:39:28 dnsmasq[8118]: reply pagead46.l.doubleclick.net is 203.208.50.122
May 20 19:39:28 dnsmasq[8118]: reply pagead46.l.doubleclick.net is 203.208.50.109
May 20 19:39:28 dnsmasq[8118]: reply sb.scorecardresearch.com is <CNAME>
May 20 19:39:28 dnsmasq[8118]: reply sb.scorecardresearch.com.edgekey.net is <CNAME>
May 20 19:39:28 dnsmasq[8118]: reply e1879.e7.akamaiedge.net is NODATA-IPv6
May 20 19:39:28 dnsmasq[8118]: query[AAAA] e1879.e7.akamaiedge.net from 127.0.0.1
May 20 19:39:28 dnsmasq[8118]: cached e1879.e7.akamaiedge.net is NODATA-IPv6
May 20 19:39:28 dnsmasq[8118]: query[A] e1879.e7.akamaiedge.net from 127.0.0.1
May 20 19:39:28 dnsmasq[8118]: forwarded e1879.e7.akamaiedge.net to 127.0.0.1
May 20 19:39:28 dnsmasq[8118]: query[AAAA] pixel.quantserve.com from 127.0.0.1
May 20 19:39:28 dnsmasq[8118]: forwarded pixel.quantserve.com to 127.0.0.1
May 20 19:39:28 dnsmasq[8118]: query[A] pixel.quantserve.com from 127.0.0.1
May 20 19:39:28 dnsmasq[8118]: forwarded pixel.quantserve.com to 127.0.0.1
May 20 19:39:28 dnsmasq[8118]: query[AAAA] stats.l.doubleclick.net from 127.0.0.1
May 20 19:39:28 dnsmasq[8118]: forwarded stats.l.doubleclick.net to 127.0.0.1
May 20 19:39:28 dnsmasq[8118]: query[A] stats.l.doubleclick.net from 127.0.0.1
May 20 19:39:28 dnsmasq[8118]: forwarded stats.l.doubleclick.net to 127.0.0.1
May 20 19:39:28 dnsmasq[8118]: reply pixel.quantserve.com is <CNAME>
May 20 19:39:28 dnsmasq[8118]: reply global.px.quantserve.com is <CNAME>
May 20 19:39:28 dnsmasq[8118]: reply pixel-apn101-lighttpd.pixel.quantserve.net is <CNAME>
May 20 19:39:28 dnsmasq[8118]: reply pixel-apn101-lighttpd-elb-470035064.ap-northeast-1.elb.amazonaws.com is NODATA-IPv6
May 20 19:39:28 dnsmasq[8118]: query[AAAA] pixel-apn101-lighttpd-elb-470035064.ap-northeast-1.elb.amazonaws.com from 127.0.0.1
May 20 19:39:28 dnsmasq[8118]: cached pixel-apn101-lighttpd-elb-470035064.ap-northeast-1.elb.amazonaws.com is NODATA-IPv6
May 20 19:39:28 dnsmasq[8118]: query[A] pixel-apn101-lighttpd-elb-470035064.ap-northeast-1.elb.amazonaws.com from 127.0.0.1
May 20 19:39:28 dnsmasq[8118]: forwarded pixel-apn101-lighttpd-elb-470035064.ap-northeast-1.elb.amazonaws.com to 127.0.0.1
May 20 19:39:28 dnsmasq[8118]: reply stats.l.doubleclick.net is 2401:3800:4001:10::1019
May 20 19:39:28 dnsmasq[8118]: reply stats.l.doubleclick.net is 203.208.39.205
May 20 19:39:28 dnsmasq[8118]: reply stats.l.doubleclick.net is 203.208.39.217
May 20 19:39:28 dnsmasq[8118]: reply stats.l.doubleclick.net is 203.208.39.218
May 20 19:39:28 dnsmasq[8118]: query[AAAA] securepubads.g.doubleclick.net from 127.0.0.1
May 20 19:39:28 dnsmasq[8118]: forwarded securepubads.g.doubleclick.net to 127.0.0.1
May 20 19:39:28 dnsmasq[8118]: query[A] securepubads.g.doubleclick.net from 127.0.0.1
May 20 19:39:28 dnsmasq[8118]: forwarded securepubads.g.doubleclick.net to 127.0.0.1
May 20 19:39:28 dnsmasq[8118]: reply securepubads.g.doubleclick.net is <CNAME>
May 20 19:39:28 dnsmasq[8118]: reply partnerad.l.doubleclick.net is NODATA-IPv6
May 20 19:39:28 dnsmasq[8118]: query[AAAA] partnerad.l.doubleclick.net from 127.0.0.1
May 20 19:39:28 dnsmasq[8118]: cached partnerad.l.doubleclick.net is NODATA-IPv6
May 20 19:39:28 dnsmasq[8118]: query[A] partnerad.l.doubleclick.net from 127.0.0.1
May 20 19:39:28 dnsmasq[8118]: forwarded partnerad.l.doubleclick.net to 127.0.0.1
May 20 19:39:28 dnsmasq[8118]: reply securepubads.g.doubleclick.net is <CNAME>
May 20 19:39:28 dnsmasq[8118]: reply partnerad.l.doubleclick.net is 203.208.43.122
May 20 19:39:28 dnsmasq[8118]: reply partnerad.l.doubleclick.net is 203.208.43.121
May 20 19:39:28 dnsmasq[8118]: reply partnerad.l.doubleclick.net is 203.208.43.109
May 20 19:39:28 dnsmasq[8118]: reply partnerad.l.doubleclick.net is 203.208.43.109
May 20 19:39:28 dnsmasq[8118]: reply partnerad.l.doubleclick.net is 203.208.43.122
May 20 19:39:28 dnsmasq[8118]: reply partnerad.l.doubleclick.net is 203.208.43.121
May 20 19:39:28 dnsmasq[8118]: reply sb.scorecardresearch.com is <CNAME>
May 20 19:39:28 dnsmasq[8118]: reply sb.scorecardresearch.com.edgekey.net is <CNAME>
May 20 19:39:28 dnsmasq[8118]: reply e1879.e7.akamaiedge.net is 184.86.213.183
May 20 19:39:28 dnsmasq[8118]: reply qa.sockets.stackexchange.com is NODATA-IPv6
May 20 19:39:28 dnsmasq[8118]: reply qa.sockets.stackexchange.com is 198.252.206.25
May 20 19:39:28 dnsmasq[8118]: reply e1879.e7.akamaiedge.net is 184.86.213.183
May 20 19:39:28 dnsmasq[8118]: reply pixel.quantserve.com is <CNAME>
May 20 19:39:28 dnsmasq[8118]: reply global.px.quantserve.com is <CNAME>
May 20 19:39:28 dnsmasq[8118]: reply pixel-usw201-lighttpd.pixel.quantserve.net is <CNAME>
May 20 19:39:28 dnsmasq[8118]: reply pixel-usw201-lighttpd-elb-1486028624.us-west-2.elb.amazonaws.com is 54.69.133.243
May 20 19:39:28 dnsmasq[8118]: reply pixel-usw201-lighttpd-elb-1486028624.us-west-2.elb.amazonaws.com is 34.208.146.3
May 20 19:39:28 dnsmasq[8118]: reply pixel-usw201-lighttpd-elb-1486028624.us-west-2.elb.amazonaws.com is 54.200.66.172
May 20 19:39:28 dnsmasq[8118]: reply pixel-usw201-lighttpd-elb-1486028624.us-west-2.elb.amazonaws.com is 54.186.96.22
May 20 19:39:28 dnsmasq[8118]: reply pixel-usw201-lighttpd-elb-1486028624.us-west-2.elb.amazonaws.com is 54.70.161.166
May 20 19:39:28 dnsmasq[8118]: reply pixel-usw201-lighttpd-elb-1486028624.us-west-2.elb.amazonaws.com is 54.69.70.7
May 20 19:39:29 dnsmasq[8118]: query[A] pixel-apn101-lighttpd-elb-470035064.ap-northeast-1.elb.amazonaws.com from 127.0.0.1
May 20 19:39:29 dnsmasq[8118]: forwarded pixel-apn101-lighttpd-elb-470035064.ap-northeast-1.elb.amazonaws.com to 127.0.0.1
May 20 19:39:29 dnsmasq[8118]: query[AAAA] ubuntu.stackexchange.com from 127.0.0.1
May 20 19:39:29 dnsmasq[8118]: forwarded ubuntu.stackexchange.com to 127.0.0.1
May 20 19:39:29 dnsmasq[8118]: query[A] ubuntu.stackexchange.com from 127.0.0.1
May 20 19:39:29 dnsmasq[8118]: forwarded ubuntu.stackexchange.com to 127.0.0.1
May 20 19:39:29 dnsmasq[8118]: query[AAAA] clc.stackoverflow.com from 127.0.0.1
May 20 19:39:29 dnsmasq[8118]: forwarded clc.stackoverflow.com to 127.0.0.1
May 20 19:39:29 dnsmasq[8118]: query[A] clc.stackoverflow.com from 127.0.0.1
May 20 19:39:29 dnsmasq[8118]: forwarded clc.stackoverflow.com to 127.0.0.1
May 20 19:39:29 dnsmasq[8118]: reply pixel-apn101-lighttpd-elb-470035064.ap-northeast-1.elb.amazonaws.com is 52.198.243.199
May 20 19:39:29 dnsmasq[8118]: reply pixel-apn101-lighttpd-elb-470035064.ap-northeast-1.elb.amazonaws.com is 52.198.143.215
May 20 19:39:29 dnsmasq[8118]: reply pixel-apn101-lighttpd-elb-470035064.ap-northeast-1.elb.amazonaws.com is 13.115.52.222
May 20 19:39:29 dnsmasq[8118]: reply pixel-apn101-lighttpd-elb-470035064.ap-northeast-1.elb.amazonaws.com is 52.198.196.112
May 20 19:39:29 dnsmasq[8118]: reply ubuntu.stackexchange.com is NODATA-IPv6
May 20 19:39:29 dnsmasq[8118]: reply ubuntu.stackexchange.com is 151.101.193.69
May 20 19:39:29 dnsmasq[8118]: reply ubuntu.stackexchange.com is 151.101.129.69
May 20 19:39:29 dnsmasq[8118]: reply ubuntu.stackexchange.com is 151.101.1.69
May 20 19:39:29 dnsmasq[8118]: reply ubuntu.stackexchange.com is 151.101.65.69
May 20 19:39:30 dnsmasq[8118]: reply clc.stackoverflow.com is 151.101.1.69
May 20 19:39:30 dnsmasq[8118]: reply clc.stackoverflow.com is 151.101.65.69
May 20 19:39:30 dnsmasq[8118]: reply clc.stackoverflow.com is 151.101.129.69
May 20 19:39:30 dnsmasq[8118]: reply clc.stackoverflow.com is 151.101.193.69
May 20 19:39:30 dnsmasq[8118]: reply clc.stackoverflow.com is NODATA-IPv6
May 20 19:39:42 dnsmasq[8118]: query[A] p10-btmmdns.icloud.com.akadns.net from 127.0.0.1
May 20 19:39:42 dnsmasq[8118]: forwarded p10-btmmdns.icloud.com.akadns.net to 127.0.0.1
May 20 19:39:43 dnsmasq[8118]: reply p10-btmmdns.icloud.com.akadns.net is 17.151.224.13
May 20 19:39:56 dnsmasq[8118]: query[A] time-osx.g.aaplimg.com from 127.0.0.1
May 20 19:39:56 dnsmasq[8118]: forwarded time-osx.g.aaplimg.com to 127.0.0.1
May 20 19:39:56 dnsmasq[8118]: query[AAAA] time-osx.g.aaplimg.com from 127.0.0.1
May 20 19:39:56 dnsmasq[8118]: forwarded time-osx.g.aaplimg.com to 127.0.0.1
May 20 19:39:57 dnsmasq[8118]: reply time-osx.g.aaplimg.com is NODATA-IPv6
May 20 19:39:57 dnsmasq[8118]: reply time-osx.g.aaplimg.com is 17.253.26.125
May 20 19:39:57 dnsmasq[8118]: reply time-osx.g.aaplimg.com is 17.253.4.125
May 20 19:39:57 dnsmasq[8118]: reply time-osx.g.aaplimg.com is 17.253.26.253
May 20 19:39:57 dnsmasq[8118]: reply time-osx.g.aaplimg.com is 17.253.4.253
May 20 19:39:57 dnsmasq[8118]: reply time-osx.g.aaplimg.com is 17.253.2.125
May 20 19:40:37 dnsmasq[8118]: query[A] ldaps://ldap.kuleyang.cn from 127.0.0.1
May 20 19:40:37 dnsmasq[8118]: forwarded ldaps://ldap.kuleyang.cn to 127.0.0.1
May 20 19:40:37 dnsmasq[8118]: query[AAAA] ldaps://ldap.kuleyang.cn from 127.0.0.1
May 20 19:40:37 dnsmasq[8118]: forwarded ldaps://ldap.kuleyang.cn to 127.0.0.1
May 20 19:40:37 dnsmasq[8118]: query[AAAA] ldaps://ldap.kuleyang.cn from 127.0.0.1
May 20 19:40:37 dnsmasq[8118]: forwarded ldaps://ldap.kuleyang.cn to 127.0.0.1
May 20 19:40:38 dnsmasq[8118]: reply ldaps://ldap.kuleyang.cn is NODATA-IPv6
May 20 19:40:38 dnsmasq[8118]: query[A] ldaps://ldap.kuleyang.cn from 127.0.0.1
May 20 19:40:38 dnsmasq[8118]: forwarded ldaps://ldap.kuleyang.cn to 127.0.0.1
May 20 19:40:39 dnsmasq[8118]: reply ldaps://ldap.kuleyang.cn is NODATA-IPv4
May 20 19:41:09 dnsmasq[8118]: query[A] github.com from 127.0.0.1
May 20 19:41:09 dnsmasq[8118]: forwarded github.com to 127.0.0.1
May 20 19:41:10 dnsmasq[8118]: reply github.com is 192.30.255.112
May 20 19:41:10 dnsmasq[8118]: reply github.com is 192.30.255.113
May 20 19:41:12 dnsmasq[8118]: query[AAAA] github.map.fastly.net from 127.0.0.1
May 20 19:41:12 dnsmasq[8118]: forwarded github.map.fastly.net to 127.0.0.1
May 20 19:41:12 dnsmasq[8118]: query[A] github.map.fastly.net from 127.0.0.1
May 20 19:41:12 dnsmasq[8118]: forwarded github.map.fastly.net to 127.0.0.1
May 20 19:41:12 dnsmasq[8118]: query[A] live.github.com from 127.0.0.1
May 20 19:41:12 dnsmasq[8118]: forwarded live.github.com to 127.0.0.1
May 20 19:41:12 dnsmasq[8118]: query[AAAA] collector.githubapp.com from 127.0.0.1
May 20 19:41:12 dnsmasq[8118]: forwarded collector.githubapp.com to 127.0.0.1
May 20 19:41:12 dnsmasq[8118]: query[A] collector.githubapp.com from 127.0.0.1
May 20 19:41:12 dnsmasq[8118]: forwarded collector.githubapp.com to 127.0.0.1
May 20 19:41:12 dnsmasq[8118]: reply collector.githubapp.com is <CNAME>
May 20 19:41:12 dnsmasq[8118]: reply analytics-collector-28944298.us-east-1.elb.amazonaws.com is NODATA-IPv6
May 20 19:41:12 dnsmasq[8118]: query[AAAA] analytics-collector-28944298.us-east-1.elb.amazonaws.com from 127.0.0.1
May 20 19:41:12 dnsmasq[8118]: cached analytics-collector-28944298.us-east-1.elb.amazonaws.com is NODATA-IPv6
May 20 19:41:12 dnsmasq[8118]: query[A] analytics-collector-28944298.us-east-1.elb.amazonaws.com from 127.0.0.1
May 20 19:41:12 dnsmasq[8118]: forwarded analytics-collector-28944298.us-east-1.elb.amazonaws.com to 127.0.0.1
May 20 19:41:13 dnsmasq[8118]: reply github.map.fastly.net is NODATA-IPv6
May 20 19:41:13 dnsmasq[8118]: reply github.map.fastly.net is 151.101.0.133
May 20 19:41:13 dnsmasq[8118]: reply github.map.fastly.net is 151.101.64.133
May 20 19:41:13 dnsmasq[8118]: reply github.map.fastly.net is 151.101.128.133
May 20 19:41:13 dnsmasq[8118]: reply github.map.fastly.net is 151.101.192.133
May 20 19:41:13 dnsmasq[8118]: reply live.github.com is 192.30.253.125
May 20 19:41:13 dnsmasq[8118]: reply live.github.com is 192.30.253.124
May 20 19:41:13 dnsmasq[8118]: reply collector.githubapp.com is <CNAME>
May 20 19:41:13 dnsmasq[8118]: reply analytics-collector-28944298.us-east-1.elb.amazonaws.com is 52.23.17.39
May 20 19:41:13 dnsmasq[8118]: reply analytics-collector-28944298.us-east-1.elb.amazonaws.com is 34.232.0.83
May 20 19:41:13 dnsmasq[8118]: reply analytics-collector-28944298.us-east-1.elb.amazonaws.com is 52.200.125.145
May 20 19:41:13 dnsmasq[8118]: reply analytics-collector-28944298.us-east-1.elb.amazonaws.com is 52.23.17.39
May 20 19:41:13 dnsmasq[8118]: reply analytics-collector-28944298.us-east-1.elb.amazonaws.com is 52.200.125.145
May 20 19:41:13 dnsmasq[8118]: reply analytics-collector-28944298.us-east-1.elb.amazonaws.com is 34.232.0.83
May 20 19:41:16 dnsmasq[8118]: query[A] api.github.com from 127.0.0.1
May 20 19:41:16 dnsmasq[8118]: forwarded api.github.com to 127.0.0.1
May 20 19:41:17 dnsmasq[8118]: reply api.github.com is 192.30.255.117
May 20 19:41:17 dnsmasq[8118]: reply api.github.com is 192.30.255.116
May 20 19:43:00 dnsmasq[8118]: query[A] btrace.qq.com from 127.0.0.1
May 20 19:43:00 dnsmasq[8118]: forwarded btrace.qq.com to 127.0.0.1
May 20 19:43:00 dnsmasq[8118]: reply btrace.qq.com is 183.57.48.67
May 20 19:43:00 dnsmasq[8118]: reply btrace.qq.com is 183.36.108.190
May 20 19:43:00 dnsmasq[8118]: reply btrace.qq.com is 14.17.41.183
May 20 19:43:00 dnsmasq[8118]: reply btrace.qq.com is 183.3.226.21
May 20 19:43:00 dnsmasq[8118]: reply btrace.qq.com is 14.17.32.251
May 20 19:43:00 dnsmasq[8118]: reply btrace.qq.com is 14.17.52.204
May 20 19:43:27 dnsmasq[8118]: query[A] mdevstat.qqlive.qq.com from 127.0.0.1
May 20 19:43:27 dnsmasq[8118]: forwarded mdevstat.qqlive.qq.com to 127.0.0.1
May 20 19:43:27 dnsmasq[8118]: query[AAAA] mdevstat.qqlive.qq.com from 127.0.0.1
May 20 19:43:27 dnsmasq[8118]: forwarded mdevstat.qqlive.qq.com to 127.0.0.1
May 20 19:43:27 dnsmasq[8118]: reply mdevstat.qqlive.qq.com is 14.17.41.140
May 20 19:43:28 dnsmasq[8118]: reply mdevstat.qqlive.qq.com is NODATA-IPv6
May 20 19:44:24 dnsmasq[8118]: query[A] ldaps://ldap.kuleyang.cn from 127.0.0.1
May 20 19:44:24 dnsmasq[8118]: forwarded ldaps://ldap.kuleyang.cn to 127.0.0.1
May 20 19:48:00 dnsmasq[8118]: query[AAAA] btrace.qq.com from 127.0.0.1
May 20 19:48:00 dnsmasq[8118]: forwarded btrace.qq.com to 127.0.0.1
May 20 19:48:00 dnsmasq[8118]: query[A] btrace.qq.com from 127.0.0.1
May 20 19:48:00 dnsmasq[8118]: forwarded btrace.qq.com to 127.0.0.1
May 20 19:48:00 dnsmasq[8118]: reply btrace.qq.com is 183.57.48.67
May 20 19:48:00 dnsmasq[8118]: reply btrace.qq.com is 14.17.32.251
May 20 19:48:00 dnsmasq[8118]: reply btrace.qq.com is 183.3.226.21
May 20 19:48:00 dnsmasq[8118]: reply btrace.qq.com is 14.17.52.204
May 20 19:48:00 dnsmasq[8118]: reply btrace.qq.com is 14.17.41.183
May 20 19:48:00 dnsmasq[8118]: reply btrace.qq.com is 183.36.108.190
May 20 19:48:01 dnsmasq[8118]: reply btrace.qq.com is NODATA-IPv6
